<html>
<body>
<pre>
<h1>礦ision Build Log</h1>
<h2>Tool Versions:</h2>
IDE-Version: μVision V5.24.2.0
Copyright (C) 2017 ARM Ltd and ARM Germany GmbH. All rights reserved.
License Information: xp c, cxp, LIC=LJWSB-26WY2-JPTZQ-NSJEU-MV3Y4-TZ1SB
 
Tool Versions:
Toolchain:       MDK-ARM Professional  Version: 5.24.1
Toolchain Path:  E:\Keil_v5\ARM\ARMCC\Bin
C Compiler:      Armcc.exe V5.06 update 5 (build 528)
Assembler:       Armasm.exe V5.06 update 5 (build 528)
Linker/Locator:  ArmLink.exe V5.06 update 5 (build 528)
Library Manager: ArmAr.exe V5.06 update 5 (build 528)
Hex Converter:   FromElf.exe V5.06 update 5 (build 528)
CPU DLL:         SARMCM3.DLL V5.24.1
Dialog DLL:      DCM.DLL V1.16.0.0
Target DLL:      Segger\JL2CM3.dll V2.99.20.0
Dialog DLL:      TCM.DLL V1.32.0.0
 
<h2>Project:</h2>
F:\机器人ROBOTLAB\RoboMaster\7.电控组\1.底盘\Remote20190404\USER\remote.uvprojx
Project File Date:  03/15/2019

<h2>Output:</h2>
*** Using Compiler 'V5.06 update 5 (build 528)', folder: 'E:\Keil_v5\ARM\ARMCC\Bin'
Build target 'Target 1'
compiling CloudMotor.c...
..\APP\CloudMotor.c(39): warning:  #550-D: variable "Yaw_Can_Set_Current"  was set but never used
  static int16_t Yaw_Can_Set_Current = 0, Pitch_Can_Set_Current = 0, Shoot_Can_Set_Current = 0;
..\APP\CloudMotor.c(39): warning:  #550-D: variable "Pitch_Can_Set_Current"  was set but never used
  static int16_t Yaw_Can_Set_Current = 0, Pitch_Can_Set_Current = 0, Shoot_Can_Set_Current = 0;
..\APP\CloudMotor.c(39): warning:  #177-D: variable "Shoot_Can_Set_Current"  was declared but never referenced
  static int16_t Yaw_Can_Set_Current = 0, Pitch_Can_Set_Current = 0, Shoot_Can_Set_Current = 0;
..\APP\CloudMotor.c: 3 warnings, 0 errors
linking...
Program Size: Code=12840 RO-data=2592 RW-data=60 ZI-data=3332  
FromELF: creating hex file...
"..\OBJ\remote.axf" - 0 Error(s), 3 Warning(s).

<h2>Software Packages used:</h2>

Package Vendor: Keil
                http://www.keil.com/pack/Keil.STM32F4xx_DFP.2.13.0.pack
                Keil.STM32F4xx_DFP.2.13.0
                STMicroelectronics STM32F4 Series Device Support, Drivers and Examples

<h2>Collection of Component include folders:</h2>
  .\RTE\_Target_1
  E:\Keil_v5\ARM\PACK\Keil\STM32F4xx_DFP\2.13.0\Drivers\CMSIS\Device\ST\STM32F4xx\Include

<h2>Collection of Component Files used:</h2>
Build Time Elapsed:  00:00:04
</pre>
</body>
</html>
