<html>
<body>
<pre>
<h1>�Vision Build Log</h1>
<h2>Tool Versions:</h2>
IDE-Version: ��Vision V5.24.2.0
Copyright (C) 2017 ARM Ltd and ARM Germany GmbH. All rights reserved.
License Information: YUNFRI Acer, HU, LIC=21E2Z-J1NP9-3ZDW1-C1U29-J1CVD-5XPKS
 
Tool Versions:
Toolchain:       MDK-ARM Plus  Version: 5.24.1
Toolchain Path:  G:\RVMDK\ARM\ARMCC\Bin
C Compiler:      Armcc.exe V5.06 update 5 (build 528)
Assembler:       Armasm.exe V5.06 update 5 (build 528)
Linker/Locator:  ArmLink.exe V5.06 update 5 (build 528)
Library Manager: ArmAr.exe V5.06 update 5 (build 528)
Hex Converter:   FromElf.exe V5.06 update 5 (build 528)
CPU DLL:         SARMCM3.DLL V5.24.1
Dialog DLL:      DCM.DLL V1.16.0.0
Target DLL:      Segger\JL2CM3.dll V1.09
Dialog DLL:      TCM.DLL V1.32.0.0
 
<h2>Project:</h2>
G:\GIT_DATA\SOIDIOR_PRIVATE\RM-infantry\USER\remote.uvprojx
Project File Date:  05/14/2019

<h2>Output:</h2>
*** Using Compiler 'V5.06 update 5 (build 528)', folder: 'G:\RVMDK\ARM\ARMCC\Bin'
Build target 'Target 1'
assembling startup_stm32f427x.s...
compiling stm32f4xx_it.c...
compiling stm32f4xx_can.c...
compiling misc.c...
compiling stm32f4xx_adc.c...
compiling system_stm32f4xx.c...
compiling stm32f4xx_crc.c...
compiling main.c...
compiling stm32f4xx_cryp_des.c...
compiling stm32f4xx_cryp_tdes.c...
compiling stm32f4xx_dcmi.c...
compiling stm32f4xx_dbgmcu.c...
compiling stm32f4xx_dac.c...
compiling stm32f4xx_cryp.c...
compiling stm32f4xx_cryp_aes.c...
compiling stm32f4xx_flash_ramfunc.c...
compiling stm32f4xx_dma.c...
compiling stm32f4xx_exti.c...
compiling stm32f4xx_fmc.c...
compiling stm32f4xx_dma2d.c...
compiling stm32f4xx_gpio.c...
compiling stm32f4xx_flash.c...
compiling stm32f4xx_hash_sha1.c...
compiling stm32f4xx_i2c.c...
compiling stm32f4xx_iwdg.c...
compiling stm32f4xx_hash_md5.c...
compiling stm32f4xx_ltdc.c...
compiling stm32f4xx_hash.c...
compiling stm32f4xx_pwr.c...
compiling stm32f4xx_spi.c...
compiling stm32f4xx_syscfg.c...
compiling stm32f4xx_rng.c...
compiling stm32f4xx_sai.c...
compiling stm32f4xx_sdio.c...
compiling stm32f4xx_rtc.c...
compiling stm32f4xx_rcc.c...
compiling user_lib.c...
compiling sys.c...
compiling stm32f4xx_wwdg.c...
compiling delay.c...
compiling usart.c...
compiling stm32f4xx_usart.c...
compiling stm32f4xx_tim.c...
compiling rc.c...
compiling fric.c...
compiling rng.c...
compiling can.c...
compiling power_ctrl.c...
compiling laser.c...
compiling timer.c...
compiling pid.c...
compiling adc.c...
compiling remote_control.c...
compiling Encoder.c...
compiling Control_Task.c...
compiling CloudMotor.c...
compiling ChassisMotor.c...
compiling shoot.c...
compiling communicate.c...
..\FUNCTION\judge_sys\communicate.c(128): warning:  #223-D: function "memset" declared implicitly
      memset(tx_buf, 0, tx_buf_length);
..\FUNCTION\judge_sys\communicate.c(139): warning:  #223-D: function "memcpy" declared implicitly
      memcpy(&tx_buf[HEADER_LEN], (uint8_t*)&cmd_id, CMD_LEN);		//赋值命令码  命令码数据结构类型不同，强制转化
..\FUNCTION\judge_sys\communicate.c: 2 warnings, 0 errors
compiling JudgeSystem.c...
compiling protocol.c...
compiling judgement_info.c...
compiling data_fifo.c...
linking...
Program Size: Code=17272 RO-data=3388 RW-data=128 ZI-data=4192  
FromELF: creating hex file...
"..\OBJ\remote.axf" - 0 Error(s), 2 Warning(s).

<h2>Software Packages used:</h2>

Package Vendor: Keil
                http://www.keil.com/pack/Keil.STM32F4xx_DFP.2.13.0.pack
                Keil.STM32F4xx_DFP.2.13.0
                STMicroelectronics STM32F4 Series Device Support, Drivers and Examples

<h2>Collection of Component include folders:</h2>
  .\RTE\_Target_1
  G:\RVMDK\ARM\PACK\Keil\STM32F4xx_DFP\2.13.0\Drivers\CMSIS\Device\ST\STM32F4xx\Include

<h2>Collection of Component Files used:</h2>
Build Time Elapsed:  00:00:23
</pre>
</body>
</html>
