Component: ARM Compiler 5.06 update 5 (build 528) Tool: armlink [4d35e2]

==============================================================================

Section Cross References

    main.o(i.BSP_init) refers to delay.o(i.delay_init) for delay_init
    main.o(i.BSP_init) refers to usart.o(i.uart_init) for uart_init
    main.o(i.BSP_init) refers to misc.o(i.NVIC_PriorityGroupConfig) for NVIC_PriorityGroupConfig
    main.o(i.BSP_init) refers to laser.o(i.laser_configuration) for laser_configuration
    main.o(i.BSP_init) refers to can.o(i.CAN_Configure) for CAN_Configure
    main.o(i.BSP_init) refers to encoder.o(i.Encoder_Start) for Encoder_Start
    main.o(i.BSP_init) refers to timer.o(i.TIM6_Configuration) for TIM6_Configuration
    main.o(i.BSP_init) refers to remote_control.o(i.remote_control_init) for remote_control_init
    main.o(i.BSP_init) refers to chassismotor.o(i.chassis_init) for chassis_init
    main.o(i.BSP_init) refers to cloudmotor.o(i.CloudMotor_Config) for CloudMotor_Config
    main.o(i.BSP_init) refers to shoot.o(i.TriggerMotor_PID_Config) for TriggerMotor_PID_Config
    main.o(i.BSP_init) refers to power_ctrl.o(i.power_ctrl_configuration) for power_ctrl_configuration
    main.o(i.BSP_init) refers to fric.o(i.fric_PWM_configuration) for fric_PWM_configuration
    main.o(i.BSP_init) refers to power_ctrl.o(i.power_ctrl_on) for power_ctrl_on
    main.o(i.BSP_init) refers to delay.o(i.delay_us) for delay_us
    main.o(i.TIM6_DAC_IRQHandler) refers to stm32f4xx_tim.o(i.TIM_GetITStatus) for TIM_GetITStatus
    main.o(i.TIM6_DAC_IRQHandler) refers to stm32f4xx_tim.o(i.TIM_ClearITPendingBit) for TIM_ClearITPendingBit
    main.o(i.TIM6_DAC_IRQHandler) refers to stm32f4xx_tim.o(i.TIM_ClearFlag) for TIM_ClearFlag
    main.o(i.TIM6_DAC_IRQHandler) refers to remote_control.o(i.get_remote_control_point) for get_remote_control_point
    main.o(i.TIM6_DAC_IRQHandler) refers to control_task.o(i.Control_Task) for Control_Task
    main.o(i.main) refers to main.o(i.BSP_init) for BSP_init
    system_stm32f4xx.o(i.SystemCoreClockUpdate) refers to system_stm32f4xx.o(.data) for SystemCoreClock
    system_stm32f4xx.o(i.SystemInit) refers to system_stm32f4xx.o(i.SetSysClock) for SetSysClock
    startup_stm32f427x.o(RESET) refers to startup_stm32f427x.o(STACK) for __initial_sp
    startup_stm32f427x.o(RESET) refers to startup_stm32f427x.o(.text) for Reset_Handler
    startup_stm32f427x.o(RESET) refers to stm32f4xx_it.o(i.NMI_Handler) for NMI_Handler
    startup_stm32f427x.o(RESET) refers to stm32f4xx_it.o(i.HardFault_Handler) for HardFault_Handler
    startup_stm32f427x.o(RESET) refers to stm32f4xx_it.o(i.MemManage_Handler) for MemManage_Handler
    startup_stm32f427x.o(RESET) refers to stm32f4xx_it.o(i.BusFault_Handler) for BusFault_Handler
    startup_stm32f427x.o(RESET) refers to stm32f4xx_it.o(i.UsageFault_Handler) for UsageFault_Handler
    startup_stm32f427x.o(RESET) refers to stm32f4xx_it.o(i.SVC_Handler) for SVC_Handler
    startup_stm32f427x.o(RESET) refers to stm32f4xx_it.o(i.DebugMon_Handler) for DebugMon_Handler
    startup_stm32f427x.o(RESET) refers to stm32f4xx_it.o(i.PendSV_Handler) for PendSV_Handler
    startup_stm32f427x.o(RESET) refers to stm32f4xx_it.o(i.SysTick_Handler) for SysTick_Handler
    startup_stm32f427x.o(RESET) refers to can.o(i.CAN1_TX_IRQHandler) for CAN1_TX_IRQHandler
    startup_stm32f427x.o(RESET) refers to can.o(i.CAN1_RX0_IRQHandler) for CAN1_RX0_IRQHandler
    startup_stm32f427x.o(RESET) refers to remote_control.o(i.USART1_IRQHandler) for USART1_IRQHandler
    startup_stm32f427x.o(RESET) refers to main.o(i.TIM6_DAC_IRQHandler) for TIM6_DAC_IRQHandler
    startup_stm32f427x.o(RESET) refers to usart.o(i.USART6_IRQHandler) for USART6_IRQHandler
    startup_stm32f427x.o(.text) refers to system_stm32f4xx.o(i.SystemInit) for SystemInit
    startup_stm32f427x.o(.text) refers to entry.o(.ARM.Collect$$$$00000000) for __main
    stm32f4xx_adc.o(i.ADC_DeInit) refers to stm32f4xx_rcc.o(i.RCC_APB2PeriphResetCmd) for RCC_APB2PeriphResetCmd
    stm32f4xx_can.o(i.CAN_DeInit) refers to stm32f4xx_rcc.o(i.RCC_APB1PeriphResetCmd) for RCC_APB1PeriphResetCmd
    stm32f4xx_can.o(i.CAN_GetITStatus) refers to stm32f4xx_can.o(i.CheckITStatus) for CheckITStatus
    stm32f4xx_cryp.o(i.CRYP_DeInit) refers to stm32f4xx_rcc.o(i.RCC_AHB2PeriphResetCmd) for RCC_AHB2PeriphResetCmd
    stm32f4xx_cryp_aes.o(i.CRYP_AES_CBC) refers to stm32f4xx_cryp.o(i.CRYP_KeyStructInit) for CRYP_KeyStructInit
    stm32f4xx_cryp_aes.o(i.CRYP_AES_CBC) refers to stm32f4xx_cryp.o(i.CRYP_FIFOFlush) for CRYP_FIFOFlush
    stm32f4xx_cryp_aes.o(i.CRYP_AES_CBC) refers to stm32f4xx_cryp.o(i.CRYP_Init) for CRYP_Init
    stm32f4xx_cryp_aes.o(i.CRYP_AES_CBC) refers to stm32f4xx_cryp.o(i.CRYP_KeyInit) for CRYP_KeyInit
    stm32f4xx_cryp_aes.o(i.CRYP_AES_CBC) refers to stm32f4xx_cryp.o(i.CRYP_Cmd) for CRYP_Cmd
    stm32f4xx_cryp_aes.o(i.CRYP_AES_CBC) refers to stm32f4xx_cryp.o(i.CRYP_GetFlagStatus) for CRYP_GetFlagStatus
[...]
    Removing stm32f4xx_wwdg.o(.revsh_text), (4 bytes).
    Removing stm32f4xx_wwdg.o(i.WWDG_ClearFlag), (12 bytes).
    Removing stm32f4xx_wwdg.o(i.WWDG_DeInit), (22 bytes).
    Removing stm32f4xx_wwdg.o(i.WWDG_Enable), (16 bytes).
    Removing stm32f4xx_wwdg.o(i.WWDG_EnableIT), (12 bytes).
    Removing stm32f4xx_wwdg.o(i.WWDG_GetFlagStatus), (20 bytes).
    Removing stm32f4xx_wwdg.o(i.WWDG_SetCounter), (16 bytes).
    Removing stm32f4xx_wwdg.o(i.WWDG_SetPrescaler), (24 bytes).
    Removing stm32f4xx_wwdg.o(i.WWDG_SetWindowValue), (40 bytes).
    Removing delay.o(.rev16_text), (4 bytes).
    Removing delay.o(.revsh_text), (4 bytes).
    Removing delay.o(i.delay_ms), (56 bytes).
    Removing delay.o(i.delay_xms), (76 bytes).
    Removing sys.o(.rev16_text), (4 bytes).
    Removing sys.o(.revsh_text), (4 bytes).
    Removing sys.o(.emb_text), (16 bytes).
    Removing usart.o(.rev16_text), (4 bytes).
    Removing usart.o(.revsh_text), (4 bytes).
    Removing usart.o(i.GetKey), (32 bytes).
    Removing usart.o(i.fputc), (28 bytes).
    Removing user_lib.o(.rev16_text), (4 bytes).
    Removing user_lib.o(.revsh_text), (4 bytes).
    Removing user_lib.o(i.abs_limit), (48 bytes).
    Removing user_lib.o(i.fp32_deadline), (36 bytes).
    Removing user_lib.o(i.int16_constrain), (22 bytes).
    Removing user_lib.o(i.int16_deadline), (12 bytes).
    Removing user_lib.o(i.invSqrt), (60 bytes).
    Removing user_lib.o(i.sign), (26 bytes).
    Removing user_lib.o(i.theta_format), (32 bytes).
    Removing rc.o(.rev16_text), (4 bytes).
    Removing rc.o(.revsh_text), (4 bytes).
    Removing rc.o(i.RC_restart), (84 bytes).
    Removing rc.o(i.RC_unable), (16 bytes).
    Removing rng.o(.rev16_text), (4 bytes).
    Removing rng.o(.revsh_text), (4 bytes).
    Removing rng.o(i.RNG_get_random_num), (20 bytes).
    Removing rng.o(i.RNG_get_random_range), (26 bytes).
    Removing rng.o(i.RNG_init), (78 bytes).
    Removing can.o(.rev16_text), (4 bytes).
    Removing can.o(.revsh_text), (4 bytes).
    Removing laser.o(.rev16_text), (4 bytes).
    Removing laser.o(.revsh_text), (4 bytes).
    Removing timer.o(.rev16_text), (4 bytes).
    Removing timer.o(.revsh_text), (4 bytes).
    Removing timer.o(i.TIM12_Init), (76 bytes).
    Removing timer.o(i.TIM1_Init), (300 bytes).
    Removing timer.o(i.TIM3_Init), (220 bytes).
    Removing timer.o(i.TIM6_Init), (120 bytes).
    Removing fric.o(.rev16_text), (4 bytes).
    Removing fric.o(.revsh_text), (4 bytes).
    Removing power_ctrl.o(.rev16_text), (4 bytes).
    Removing power_ctrl.o(.revsh_text), (4 bytes).
    Removing power_ctrl.o(i.power_ctrl_toggle), (32 bytes).
    Removing adc.o(.rev16_text), (4 bytes).
    Removing adc.o(.revsh_text), (4 bytes).
    Removing remote_control.o(.rev16_text), (4 bytes).
    Removing remote_control.o(.revsh_text), (4 bytes).
    Removing remote_control.o(i.RC_abs), (16 bytes).
    Removing remote_control.o(i.RC_data_is_error), (152 bytes).
    Removing remote_control.o(i.slove_RC_lost), (10 bytes).
    Removing remote_control.o(i.slove_data_error), (10 bytes).
    Removing pid.o(i.PID_clear), (76 bytes).
    Removing shoot.o(.rev16_text), (4 bytes).
    Removing shoot.o(.revsh_text), (4 bytes).
    Removing shoot.o(i.shoot_bullet_control), (192 bytes).
    Removing shoot.o(i.shoot_done_control), (100 bytes).
    Removing shoot.o(i.shoot_ready_control), (272 bytes).
    Removing encoder.o(.rev16_text), (4 bytes).
    Removing encoder.o(.revsh_text), (4 bytes).
    Removing encoder.o(i.GetQuadEncoderDiff), (28 bytes).
    Removing encoder.o(i.Quad_Encoder_Configuration), (120 bytes).
    Removing encoder.o(.data), (4 bytes).
    Removing control_task.o(.rev16_text), (4 bytes).
    Removing control_task.o(.revsh_text), (4 bytes).
    Removing cloudmotor.o(.rev16_text), (4 bytes).
    Removing cloudmotor.o(.revsh_text), (4 bytes).
    Removing chassismotor.o(.rev16_text), (4 bytes).
    Removing chassismotor.o(.revsh_text), (4 bytes).
    Removing arm_cos_f32.o(.rev16_text), (4 bytes).
    Removing arm_cos_f32.o(.revsh_text), (4 bytes).
    Removing arm_cos_f32.o(.rrx_text), (6 bytes).
    Removing arm_sin_f32.o(.rev16_text), (4 bytes).
    Removing arm_sin_f32.o(.revsh_text), (4 bytes).
    Removing arm_sin_f32.o(.rrx_text), (6 bytes).
    Removing arm_common_tables.o(.rev16_text), (4 bytes).
    Removing arm_common_tables.o(.revsh_text), (4 bytes).
    Removing arm_common_tables.o(.rrx_text), (6 bytes).
    Removing arm_common_tables.o(.constdata), (2048 bytes).
    Removing arm_common_tables.o(.constdata), (128 bytes).
    Removing arm_common_tables.o(.constdata), (256 bytes).
    Removing arm_common_tables.o(.constdata), (512 bytes).
    Removing arm_common_tables.o(.constdata), (1024 bytes).
    Removing arm_common_tables.o(.constdata), (2048 bytes).
    Removing arm_common_tables.o(.constdata), (4096 bytes).
    Removing arm_common_tables.o(.constdata), (8192 bytes).
    Removing arm_common_tables.o(.constdata), (16384 bytes).
    Removing arm_common_tables.o(.constdata), (32768 bytes).
    Removing arm_common_tables.o(.constdata), (96 bytes).
    Removing arm_common_tables.o(.constdata), (192 bytes).
    Removing arm_common_tables.o(.constdata), (384 bytes).
    Removing arm_common_tables.o(.constdata), (768 bytes).
    Removing arm_common_tables.o(.constdata), (1536 bytes).
    Removing arm_common_tables.o(.constdata), (3072 bytes).
    Removing arm_common_tables.o(.constdata), (6144 bytes).
    Removing arm_common_tables.o(.constdata), (12288 bytes).
    Removing arm_common_tables.o(.constdata), (24576 bytes).
    Removing arm_common_tables.o(.constdata), (48 bytes).
    Removing arm_common_tables.o(.constdata), (96 bytes).
    Removing arm_common_tables.o(.constdata), (192 bytes).
    Removing arm_common_tables.o(.constdata), (384 bytes).
    Removing arm_common_tables.o(.constdata), (768 bytes).
    Removing arm_common_tables.o(.constdata), (1536 bytes).
    Removing arm_common_tables.o(.constdata), (3072 bytes).
    Removing arm_common_tables.o(.constdata), (6144 bytes).
    Removing arm_common_tables.o(.constdata), (12288 bytes).
    Removing arm_common_tables.o(.constdata), (128 bytes).
    Removing arm_common_tables.o(.constdata), (256 bytes).
    Removing arm_common_tables.o(.constdata), (40 bytes).
    Removing arm_common_tables.o(.constdata), (96 bytes).
    Removing arm_common_tables.o(.constdata), (112 bytes).
    Removing arm_common_tables.o(.constdata), (416 bytes).
    Removing arm_common_tables.o(.constdata), (880 bytes).
    Removing arm_common_tables.o(.constdata), (896 bytes).
    Removing arm_common_tables.o(.constdata), (3600 bytes).
    Removing arm_common_tables.o(.constdata), (7616 bytes).
    Removing arm_common_tables.o(.constdata), (8064 bytes).
    Removing arm_common_tables.o(.constdata), (24 bytes).
    Removing arm_common_tables.o(.constdata), (48 bytes).
    Removing arm_common_tables.o(.constdata), (112 bytes).
    Removing arm_common_tables.o(.constdata), (224 bytes).
    Removing arm_common_tables.o(.constdata), (480 bytes).
    Removing arm_common_tables.o(.constdata), (960 bytes).
    Removing arm_common_tables.o(.constdata), (1984 bytes).
    Removing arm_common_tables.o(.constdata), (3968 bytes).
    Removing arm_common_tables.o(.constdata), (8064 bytes).
    Removing arm_common_tables.o(.constdata), (128 bytes).
    Removing arm_common_tables.o(.constdata), (256 bytes).
    Removing arm_common_tables.o(.constdata), (512 bytes).
    Removing arm_common_tables.o(.constdata), (1024 bytes).
    Removing arm_common_tables.o(.constdata), (2048 bytes).
    Removing arm_common_tables.o(.constdata), (4096 bytes).
    Removing arm_common_tables.o(.constdata), (8192 bytes).
    Removing arm_common_tables.o(.constdata), (16384 bytes).
    Removing arm_common_tables.o(.constdata), (2052 bytes).
    Removing arm_common_tables.o(.constdata), (1026 bytes).

873 unused section(s) (total 250324 bytes) removed from the image.

==============================================================================

Image Symbol Table

    Local Symbols

    Symbol Name                              Value     Ov Type        Size  Object(Section)

    ../clib/microlib/init/entry.s            0x00000000   Number         0  entry9a.o ABSOLUTE
    ../clib/microlib/init/entry.s            0x00000000   Number         0  entry.o ABSOLUTE
    ../clib/microlib/init/entry.s            0x00000000   Number         0  entry2.o ABSOLUTE
    ../clib/microlib/init/entry.s            0x00000000   Number         0  entry5.o ABSOLUTE
    ../clib/microlib/init/entry.s            0x00000000   Number         0  entry7a.o ABSOLUTE
    ../clib/microlib/init/entry.s            0x00000000   Number         0  entry7b.o ABSOLUTE
    ../clib/microlib/init/entry.s            0x00000000   Number         0  entry8a.o ABSOLUTE
    ../clib/microlib/init/entry.s            0x00000000   Number         0  entry11b.o ABSOLUTE
    ../clib/microlib/init/entry.s            0x00000000   Number         0  entry8b.o ABSOLUTE
    ../clib/microlib/init/entry.s            0x00000000   Number         0  entry11a.o ABSOLUTE
    ../clib/microlib/init/entry.s            0x00000000   Number         0  entry10b.o ABSOLUTE
    ../clib/microlib/init/entry.s            0x00000000   Number         0  entry10a.o ABSOLUTE
    ../clib/microlib/init/entry.s            0x00000000   Number         0  entry9b.o ABSOLUTE
    ..\APP\ChassisMotor.c                    0x00000000   Number         0  chassismotor.o ABSOLUTE
    ..\APP\CloudMotor.c                      0x00000000   Number         0  cloudmotor.o ABSOLUTE
    ..\APP\Control_Task.c                    0x00000000   Number         0  control_task.o ABSOLUTE
    ..\APP\Encoder.c                         0x00000000   Number         0  encoder.o ABSOLUTE
    ..\CORE\startup_stm32f427x.s             0x00000000   Number         0  startup_stm32f427x.o ABSOLUTE
    ..\CommonTables\arm_common_tables.c      0x00000000   Number         0  arm_common_tables.o ABSOLUTE
    ..\FUNCTION\APP\pid\pid.c                0x00000000   Number         0  pid.o ABSOLUTE
    ..\FUNCTION\APP\remote_control\remote_control.c 0x00000000   Number         0  remote_control.o ABSOLUTE
    ..\FUNCTION\APP\shoot\shoot.c            0x00000000   Number         0  shoot.o ABSOLUTE
    ..\FUNCTION\hardware\adc\adc.c           0x00000000   Number         0  adc.o ABSOLUTE
    ..\FUNCTION\hardware\can\can.c           0x00000000   Number         0  can.o ABSOLUTE
    ..\FUNCTION\hardware\fric\fric.c         0x00000000   Number         0  fric.o ABSOLUTE
    ..\FUNCTION\hardware\laser\laser.c       0x00000000   Number         0  laser.o ABSOLUTE
    ..\FUNCTION\hardware\power_ctrl\power_ctrl.c 0x00000000   Number         0  power_ctrl.o ABSOLUTE
    ..\FUNCTION\hardware\rc\rc.c             0x00000000   Number         0  rc.o ABSOLUTE
    ..\FUNCTION\hardware\rng\rng.c           0x00000000   Number         0  rng.o ABSOLUTE
    ..\FUNCTION\hardware\timer\timer.c       0x00000000   Number         0  timer.o ABSOLUTE
    ..\FUNCTION\user_lib\user_lib.c          0x00000000   Number         0  user_lib.o ABSOLUTE
    ..\FWLIB\src\misc.c                      0x00000000   Number         0  misc.o ABSOLUTE
    ..\FWLIB\src\stm32f4xx_adc.c             0x00000000   Number         0  stm32f4xx_adc.o ABSOLUTE
    ..\FWLIB\src\stm32f4xx_can.c             0x00000000   Number         0  stm32f4xx_can.o ABSOLUTE
    ..\FWLIB\src\stm32f4xx_crc.c             0x00000000   Number         0  stm32f4xx_crc.o ABSOLUTE
    ..\FWLIB\src\stm32f4xx_cryp.c            0x00000000   Number         0  stm32f4xx_cryp.o ABSOLUTE
    ..\FWLIB\src\stm32f4xx_cryp_aes.c        0x00000000   Number         0  stm32f4xx_cryp_aes.o ABSOLUTE
    ..\FWLIB\src\stm32f4xx_cryp_des.c        0x00000000   Number         0  stm32f4xx_cryp_des.o ABSOLUTE
    ..\FWLIB\src\stm32f4xx_cryp_tdes.c       0x00000000   Number         0  stm32f4xx_cryp_tdes.o ABSOLUTE
    ..\FWLIB\src\stm32f4xx_dac.c             0x00000000   Number         0  stm32f4xx_dac.o ABSOLUTE
    ..\FWLIB\src\stm32f4xx_dbgmcu.c          0x00000000   Number         0  stm32f4xx_dbgmcu.o ABSOLUTE
    ..\FWLIB\src\stm32f4xx_dcmi.c            0x00000000   Number         0  stm32f4xx_dcmi.o ABSOLUTE
    ..\FWLIB\src\stm32f4xx_dma.c             0x00000000   Number         0  stm32f4xx_dma.o ABSOLUTE
    ..\FWLIB\src\stm32f4xx_dma2d.c           0x00000000   Number         0  stm32f4xx_dma2d.o ABSOLUTE
    ..\FWLIB\src\stm32f4xx_exti.c            0x00000000   Number         0  stm32f4xx_exti.o ABSOLUTE
    ..\FWLIB\src\stm32f4xx_flash.c           0x00000000   Number         0  stm32f4xx_flash.o ABSOLUTE
    ..\FWLIB\src\stm32f4xx_flash_ramfunc.c   0x00000000   Number         0  stm32f4xx_flash_ramfunc.o ABSOLUTE
    ..\FWLIB\src\stm32f4xx_fmc.c             0x00000000   Number         0  stm32f4xx_fmc.o ABSOLUTE
    ..\FWLIB\src\stm32f4xx_gpio.c            0x00000000   Number         0  stm32f4xx_gpio.o ABSOLUTE
    ..\FWLIB\src\stm32f4xx_hash.c            0x00000000   Number         0  stm32f4xx_hash.o ABSOLUTE
    ..\FWLIB\src\stm32f4xx_hash_md5.c        0x00000000   Number         0  stm32f4xx_hash_md5.o ABSOLUTE
    ..\FWLIB\src\stm32f4xx_hash_sha1.c       0x00000000   Number         0  stm32f4xx_hash_sha1.o ABSOLUTE
    ..\FWLIB\src\stm32f4xx_i2c.c             0x00000000   Number         0  stm32f4xx_i2c.o ABSOLUTE
    ..\FWLIB\src\stm32f4xx_iwdg.c            0x00000000   Number         0  stm32f4xx_iwdg.o ABSOLUTE
    ..\FWLIB\src\stm32f4xx_ltdc.c            0x00000000   Number         0  stm32f4xx_ltdc.o ABSOLUTE
    ..\FWLIB\src\stm32f4xx_pwr.c             0x00000000   Number         0  stm32f4xx_pwr.o ABSOLUTE
    ..\FWLIB\src\stm32f4xx_rcc.c             0x00000000   Number         0  stm32f4xx_rcc.o ABSOLUTE
    ..\FWLIB\src\stm32f4xx_rng.c             0x00000000   Number         0  stm32f4xx_rng.o ABSOLUTE
    ..\FWLIB\src\stm32f4xx_rtc.c             0x00000000   Number         0  stm32f4xx_rtc.o ABSOLUTE
    ..\FWLIB\src\stm32f4xx_sai.c             0x00000000   Number         0  stm32f4xx_sai.o ABSOLUTE
    ..\FWLIB\src\stm32f4xx_sdio.c            0x00000000   Number         0  stm32f4xx_sdio.o ABSOLUTE
    ..\FWLIB\src\stm32f4xx_spi.c             0x00000000   Number         0  stm32f4xx_spi.o ABSOLUTE
    ..\FWLIB\src\stm32f4xx_syscfg.c          0x00000000   Number         0  stm32f4xx_syscfg.o ABSOLUTE
    ..\FWLIB\src\stm32f4xx_tim.c             0x00000000   Number         0  stm32f4xx_tim.o ABSOLUTE
    ..\FWLIB\src\stm32f4xx_usart.c           0x00000000   Number         0  stm32f4xx_usart.o ABSOLUTE
    ..\FWLIB\src\stm32f4xx_wwdg.c            0x00000000   Number         0  stm32f4xx_wwdg.o ABSOLUTE
    ..\FastMathFunctions\arm_cos_f32.c       0x00000000   Number         0  arm_cos_f32.o ABSOLUTE
    ..\FastMathFunctions\arm_sin_f32.c       0x00000000   Number         0  arm_sin_f32.o ABSOLUTE
    ..\SYSTEM\delay\delay.c                  0x00000000   Number         0  delay.o ABSOLUTE
    ..\SYSTEM\sys\sys.c                      0x00000000   Number         0  sys.o ABSOLUTE
    ..\SYSTEM\usart\usart.c                  0x00000000   Number         0  usart.o ABSOLUTE
    ..\\APP\\ChassisMotor.c                  0x00000000   Number         0  chassismotor.o ABSOLUTE
    ..\\APP\\CloudMotor.c                    0x00000000   Number         0  cloudmotor.o ABSOLUTE
    ..\\APP\\Control_Task.c                  0x00000000   Number         0  control_task.o ABSOLUTE
    ..\\APP\\Encoder.c                       0x00000000   Number         0  encoder.o ABSOLUTE
    ..\\CommonTables\\arm_common_tables.c    0x00000000   Number         0  arm_common_tables.o ABSOLUTE
    ..\\FUNCTION\\APP\\remote_control\\remote_control.c 0x00000000   Number         0  remote_control.o ABSOLUTE
    ..\\FUNCTION\\APP\\shoot\\shoot.c        0x00000000   Number         0  shoot.o ABSOLUTE
    ..\\FUNCTION\\hardware\\adc\\adc.c       0x00000000   Number         0  adc.o ABSOLUTE
    ..\\FUNCTION\\hardware\\can\\can.c       0x00000000   Number         0  can.o ABSOLUTE
    ..\\FUNCTION\\hardware\\fric\\fric.c     0x00000000   Number         0  fric.o ABSOLUTE
    ..\\FUNCTION\\hardware\\laser\\laser.c   0x00000000   Number         0  laser.o ABSOLUTE
    ..\\FUNCTION\\hardware\\power_ctrl\\power_ctrl.c 0x00000000   Number         0  power_ctrl.o ABSOLUTE
    ..\\FUNCTION\\hardware\\rc\\rc.c         0x00000000   Number         0  rc.o ABSOLUTE
    ..\\FUNCTION\\hardware\\rng\\rng.c       0x00000000   Number         0  rng.o ABSOLUTE
    ..\\FUNCTION\\hardware\\timer\\timer.c   0x00000000   Number         0  timer.o ABSOLUTE
    ..\\FUNCTION\\user_lib\\user_lib.c       0x00000000   Number         0  user_lib.o ABSOLUTE
    ..\\FWLIB\\src\\misc.c                   0x00000000   Number         0  misc.o ABSOLUTE
    ..\\FWLIB\\src\\stm32f4xx_adc.c          0x00000000   Number         0  stm32f4xx_adc.o ABSOLUTE
    ..\\FWLIB\\src\\stm32f4xx_can.c          0x00000000   Number         0  stm32f4xx_can.o ABSOLUTE
    ..\\FWLIB\\src\\stm32f4xx_crc.c          0x00000000   Number         0  stm32f4xx_crc.o ABSOLUTE
    ..\\FWLIB\\src\\stm32f4xx_cryp.c         0x00000000   Number         0  stm32f4xx_cryp.o ABSOLUTE
    ..\\FWLIB\\src\\stm32f4xx_cryp_aes.c     0x00000000   Number         0  stm32f4xx_cryp_aes.o ABSOLUTE
    ..\\FWLIB\\src\\stm32f4xx_cryp_des.c     0x00000000   Number         0  stm32f4xx_cryp_des.o ABSOLUTE
    ..\\FWLIB\\src\\stm32f4xx_cryp_tdes.c    0x00000000   Number         0  stm32f4xx_cryp_tdes.o ABSOLUTE
    ..\\FWLIB\\src\\stm32f4xx_dac.c          0x00000000   Number         0  stm32f4xx_dac.o ABSOLUTE
    ..\\FWLIB\\src\\stm32f4xx_dbgmcu.c       0x00000000   Number         0  stm32f4xx_dbgmcu.o ABSOLUTE
    ..\\FWLIB\\src\\stm32f4xx_dcmi.c         0x00000000   Number         0  stm32f4xx_dcmi.o ABSOLUTE
    ..\\FWLIB\\src\\stm32f4xx_dma.c          0x00000000   Number         0  stm32f4xx_dma.o ABSOLUTE
    ..\\FWLIB\\src\\stm32f4xx_dma2d.c        0x00000000   Number         0  stm32f4xx_dma2d.o ABSOLUTE
    ..\\FWLIB\\src\\stm32f4xx_exti.c         0x00000000   Number         0  stm32f4xx_exti.o ABSOLUTE
    ..\\FWLIB\\src\\stm32f4xx_flash.c        0x00000000   Number         0  stm32f4xx_flash.o ABSOLUTE
    ..\\FWLIB\\src\\stm32f4xx_flash_ramfunc.c 0x00000000   Number         0  stm32f4xx_flash_ramfunc.o ABSOLUTE
    ..\\FWLIB\\src\\stm32f4xx_fmc.c          0x00000000   Number         0  stm32f4xx_fmc.o ABSOLUTE
    ..\\FWLIB\\src\\stm32f4xx_gpio.c         0x00000000   Number         0  stm32f4xx_gpio.o ABSOLUTE
    ..\\FWLIB\\src\\stm32f4xx_hash.c         0x00000000   Number         0  stm32f4xx_hash.o ABSOLUTE
    ..\\FWLIB\\src\\stm32f4xx_hash_md5.c     0x00000000   Number         0  stm32f4xx_hash_md5.o ABSOLUTE
    ..\\FWLIB\\src\\stm32f4xx_hash_sha1.c    0x00000000   Number         0  stm32f4xx_hash_sha1.o ABSOLUTE
    ..\\FWLIB\\src\\stm32f4xx_i2c.c          0x00000000   Number         0  stm32f4xx_i2c.o ABSOLUTE
    ..\\FWLIB\\src\\stm32f4xx_iwdg.c         0x00000000   Number         0  stm32f4xx_iwdg.o ABSOLUTE
    ..\\FWLIB\\src\\stm32f4xx_ltdc.c         0x00000000   Number         0  stm32f4xx_ltdc.o ABSOLUTE
    ..\\FWLIB\\src\\stm32f4xx_pwr.c          0x00000000   Number         0  stm32f4xx_pwr.o ABSOLUTE
    ..\\FWLIB\\src\\stm32f4xx_rcc.c          0x00000000   Number         0  stm32f4xx_rcc.o ABSOLUTE
    ..\\FWLIB\\src\\stm32f4xx_rng.c          0x00000000   Number         0  stm32f4xx_rng.o ABSOLUTE
    ..\\FWLIB\\src\\stm32f4xx_rtc.c          0x00000000   Number         0  stm32f4xx_rtc.o ABSOLUTE
    ..\\FWLIB\\src\\stm32f4xx_sai.c          0x00000000   Number         0  stm32f4xx_sai.o ABSOLUTE
    ..\\FWLIB\\src\\stm32f4xx_sdio.c         0x00000000   Number         0  stm32f4xx_sdio.o ABSOLUTE
    ..\\FWLIB\\src\\stm32f4xx_spi.c          0x00000000   Number         0  stm32f4xx_spi.o ABSOLUTE
    ..\\FWLIB\\src\\stm32f4xx_syscfg.c       0x00000000   Number         0  stm32f4xx_syscfg.o ABSOLUTE
    ..\\FWLIB\\src\\stm32f4xx_tim.c          0x00000000   Number         0  stm32f4xx_tim.o ABSOLUTE
    ..\\FWLIB\\src\\stm32f4xx_usart.c        0x00000000   Number         0  stm32f4xx_usart.o ABSOLUTE
    ..\\FWLIB\\src\\stm32f4xx_wwdg.c         0x00000000   Number         0  stm32f4xx_wwdg.o ABSOLUTE
    ..\\FastMathFunctions\\arm_cos_f32.c     0x00000000   Number         0  arm_cos_f32.o ABSOLUTE
    ..\\FastMathFunctions\\arm_sin_f32.c     0x00000000   Number         0  arm_sin_f32.o ABSOLUTE
    ..\\SYSTEM\\delay\\delay.c               0x00000000   Number         0  delay.o ABSOLUTE
    ..\\SYSTEM\\sys\\sys.c                   0x00000000   Number         0  sys.o ABSOLUTE
    ..\\SYSTEM\\usart\\usart.c               0x00000000   Number         0  usart.o ABSOLUTE
    dc.s                                     0x00000000   Number         0  dc.o ABSOLUTE
    handlers.s                               0x00000000   Number         0  handlers.o ABSOLUTE
    init.s                                   0x00000000   Number         0  init.o ABSOLUTE
    main.c                                   0x00000000   Number         0  main.o ABSOLUTE
    main.c                                   0x00000000   Number         0  main.o ABSOLUTE
    stm32f4xx_it.c                           0x00000000   Number         0  stm32f4xx_it.o ABSOLUTE
    stm32f4xx_it.c                           0x00000000   Number         0  stm32f4xx_it.o ABSOLUTE
    system_stm32f4xx.c                       0x00000000   Number         0  system_stm32f4xx.o ABSOLUTE
    system_stm32f4xx.c                       0x00000000   Number         0  system_stm32f4xx.o ABSOLUTE
    RESET                                    0x08000000   Section      428  startup_stm32f427x.o(RESET)
    .ARM.Collect$$$$00000000                 0x080001ac   Section        0  entry.o(.ARM.Collect$$$$00000000)
    .ARM.Collect$$$$00000001                 0x080001ac   Section        4  entry2.o(.ARM.Collect$$$$00000001)
    .ARM.Collect$$$$00000004                 0x080001b0   Section        4  entry5.o(.ARM.Collect$$$$00000004)
    .ARM.Collect$$$$00000008                 0x080001b4   Section        0  entry7b.o(.ARM.Collect$$$$00000008)
    .ARM.Collect$$$$0000000A                 0x080001b4   Section        0  entry8b.o(.ARM.Collect$$$$0000000A)
    .ARM.Collect$$$$0000000B                 0x080001b4   Section        8  entry9a.o(.ARM.Collect$$$$0000000B)
    .ARM.Collect$$$$0000000D                 0x080001bc   Section        0  entry10a.o(.ARM.Collect$$$$0000000D)
    .ARM.Collect$$$$0000000F                 0x080001bc   Section        0  entry11a.o(.ARM.Collect$$$$0000000F)
    .ARM.Collect$$$$00002712                 0x080001bc   Section        4  entry2.o(.ARM.Collect$$$$00002712)
    __lit__00000000                          0x080001bc   Data           4  entry2.o(.ARM.Collect$$$$00002712)
    .text                                    0x080001c0   Section       36  startup_stm32f427x.o(.text)
    $v0                                      0x080001c0   Number         0  startup_stm32f427x.o(.text)
    .text                                    0x080001e4   Section        0  arm_cos_f32.o(.text)
    .text                                    0x0800025c   Section        0  arm_sin_f32.o(.text)
    .text                                    0x080002d0   Section       36  init.o(.text)
    i.BSP_init                               0x080002f4   Section        0  main.o(i.BSP_init)
    i.BusFault_Handler                       0x08000350   Section        0  stm32f4xx_it.o(i.BusFault_Handler)
    i.CAN1_RX0_IRQHandler                    0x08000354   Section        0  can.o(i.CAN1_RX0_IRQHandler)
    i.CAN1_TX_IRQHandler                     0x08000390   Section        0  can.o(i.CAN1_TX_IRQHandler)
    i.CAN_ClearFlag                          0x080003ac   Section        0  stm32f4xx_can.o(i.CAN_ClearFlag)
    i.CAN_ClearITPendingBit                  0x080003e4   Section        0  stm32f4xx_can.o(i.CAN_ClearITPendingBit)
    i.CAN_Configure                          0x0800048c   Section        0  can.o(i.CAN_Configure)
    i.CAN_DeInit                             0x080005b0   Section        0  stm32f4xx_can.o(i.CAN_DeInit)
    i.CAN_FITER_Init                         0x080005e8   Section        0  can.o(i.CAN_FITER_Init)
    i.CAN_FilterInit                         0x08000630   Section        0  stm32f4xx_can.o(i.CAN_FilterInit)
    i.CAN_GetITStatus                        0x08000738   Section        0  stm32f4xx_can.o(i.CAN_GetITStatus)
    i.CAN_ITConfig                           0x08000858   Section        0  stm32f4xx_can.o(i.CAN_ITConfig)
    i.CAN_Init                               0x0800086a   Section        0  stm32f4xx_can.o(i.CAN_Init)
    i.CAN_Receive                            0x0800097e   Section        0  stm32f4xx_can.o(i.CAN_Receive)
    i.CAN_StructInit                         0x08000a6e   Section        0  stm32f4xx_can.o(i.CAN_StructInit)
    i.CAN_Transmit                           0x08000a8e   Section        0  stm32f4xx_can.o(i.CAN_Transmit)
    i.CanReceiveMsgProcess                   0x08000bb4   Section        0  encoder.o(i.CanReceiveMsgProcess)
    i.CheckITStatus                          0x08000c3c   Section        0  stm32f4xx_can.o(i.CheckITStatus)
    CheckITStatus                            0x08000c3d   Thumb Code    18  stm32f4xx_can.o(i.CheckITStatus)
    i.CloudMotor_Config                      0x08000c50   Section        0  cloudmotor.o(i.CloudMotor_Config)
    i.CloudMotor_Ctrl                        0x08000d48   Section        0  cloudmotor.o(i.CloudMotor_Ctrl)
    i.Control_Task                           0x08000dc0   Section        0  control_task.o(i.Control_Task)
    i.DMA_ClearFlag                          0x08000e78   Section        0  stm32f4xx_dma.o(i.DMA_ClearFlag)
    i.DMA_Cmd                                0x08000eac   Section        0  stm32f4xx_dma.o(i.DMA_Cmd)
    i.DMA_DeInit                             0x08000ec4   Section        0  stm32f4xx_dma.o(i.DMA_DeInit)
    i.DMA_DoubleBufferModeCmd                0x0800101c   Section        0  stm32f4xx_dma.o(i.DMA_DoubleBufferModeCmd)
    i.DMA_DoubleBufferModeConfig             0x08001032   Section        0  stm32f4xx_dma.o(i.DMA_DoubleBufferModeConfig)
    i.DMA_GetCurrDataCounter                 0x0800104a   Section        0  stm32f4xx_dma.o(i.DMA_GetCurrDataCounter)
    i.DMA_GetCurrentMemoryTarget             0x08001052   Section        0  stm32f4xx_dma.o(i.DMA_GetCurrentMemoryTarget)
    i.DMA_Init                               0x08001068   Section        0  stm32f4xx_dma.o(i.DMA_Init)
    i.DMA_SetCurrDataCounter                 0x080010c0   Section        0  stm32f4xx_dma.o(i.DMA_SetCurrDataCounter)
    i.DebugMon_Handler                       0x080010c4   Section        0  stm32f4xx_it.o(i.DebugMon_Handler)
    i.Encoder_Start                          0x080010c8   Section        0  encoder.o(i.Encoder_Start)
    i.GIMBAL_Feedback_Update                 0x080010d8   Section        0  cloudmotor.o(i.GIMBAL_Feedback_Update)
    GIMBAL_Feedback_Update                   0x080010d9   Thumb Code   108  cloudmotor.o(i.GIMBAL_Feedback_Update)
    i.GIMBAL_PID_Calc                        0x0800114c   Section        0  cloudmotor.o(i.GIMBAL_PID_Calc)
    GIMBAL_PID_Calc                          0x0800114d   Thumb Code   634  cloudmotor.o(i.GIMBAL_PID_Calc)
    i.GIMBAL_Set_Contorl                     0x080013d0   Section        0  cloudmotor.o(i.GIMBAL_Set_Contorl)
    GIMBAL_Set_Contorl                       0x080013d1   Thumb Code    62  cloudmotor.o(i.GIMBAL_Set_Contorl)
    i.GIMBAL_relative_angle_limit            0x08001414   Section        0  cloudmotor.o(i.GIMBAL_relative_angle_limit)
    GIMBAL_relative_angle_limit              0x08001415   Thumb Code    74  cloudmotor.o(i.GIMBAL_relative_angle_limit)
    i.GPIO_Init                              0x0800145e   Section        0  stm32f4xx_gpio.o(i.GPIO_Init)
    i.GPIO_PinAFConfig                       0x080014ee   Section        0  stm32f4xx_gpio.o(i.GPIO_PinAFConfig)
    i.GPIO_ReadInputDataBit                  0x08001534   Section        0  stm32f4xx_gpio.o(i.GPIO_ReadInputDataBit)
    i.GPIO_ResetBits                         0x08001546   Section        0  stm32f4xx_gpio.o(i.GPIO_ResetBits)
    i.GPIO_SetBits                           0x0800154a   Section        0  stm32f4xx_gpio.o(i.GPIO_SetBits)
    i.HardFault_Handler                      0x0800154e   Section        0  stm32f4xx_it.o(i.HardFault_Handler)
    i.MemManage_Handler                      0x08001552   Section        0  stm32f4xx_it.o(i.MemManage_Handler)
    i.NMI_Handler                            0x08001556   Section        0  stm32f4xx_it.o(i.NMI_Handler)
    i.NVIC_Init                              0x08001558   Section        0  misc.o(i.NVIC_Init)
    i.NVIC_PriorityGroupConfig               0x080015d0   Section        0  misc.o(i.NVIC_PriorityGroupConfig)
    i.PID_Calc                               0x080015e4   Section        0  pid.o(i.PID_Calc)
    i.PID_Init                               0x080017d4   Section        0  pid.o(i.PID_Init)
    i.PendSV_Handler                         0x08001834   Section        0  stm32f4xx_it.o(i.PendSV_Handler)
    i.RCC_AHB1PeriphClockCmd                 0x08001838   Section        0  stm32f4xx_rcc.o(i.RCC_AHB1PeriphClockCmd)
    i.RCC_APB1PeriphClockCmd                 0x08001858   Section        0  stm32f4xx_rcc.o(i.RCC_APB1PeriphClockCmd)
    i.RCC_APB1PeriphResetCmd                 0x08001878   Section        0  stm32f4xx_rcc.o(i.RCC_APB1PeriphResetCmd)
    i.RCC_APB2PeriphClockCmd                 0x08001898   Section        0  stm32f4xx_rcc.o(i.RCC_APB2PeriphClockCmd)
    i.RCC_APB2PeriphResetCmd                 0x080018b8   Section        0  stm32f4xx_rcc.o(i.RCC_APB2PeriphResetCmd)
    i.RCC_GetClocksFreq                      0x080018d8   Section        0  stm32f4xx_rcc.o(i.RCC_GetClocksFreq)
    i.RC_Init                                0x080019c0   Section        0  rc.o(i.RC_Init)
    i.SBUS_TO_RC                             0x08001b0c   Section        0  remote_control.o(i.SBUS_TO_RC)
    SBUS_TO_RC                               0x08001b0d   Thumb Code   218  remote_control.o(i.SBUS_TO_RC)
    i.SVC_Handler                            0x08001be6   Section        0  stm32f4xx_it.o(i.SVC_Handler)
    i.SetSysClock                            0x08001be8   Section        0  system_stm32f4xx.o(i.SetSysClock)
    SetSysClock                              0x08001be9   Thumb Code   272  system_stm32f4xx.o(i.SetSysClock)
    i.Set_ChassisMotor_Current               0x08001d08   Section        0  can.o(i.Set_ChassisMotor_Current)
    i.Set_CloudMotor_Current                 0x08001d6c   Section        0  can.o(i.Set_CloudMotor_Current)
    i.Shoot_Feedback_Update                  0x08001dc4   Section        0  shoot.o(i.Shoot_Feedback_Update)
    Shoot_Feedback_Update                    0x08001dc5   Thumb Code   290  shoot.o(i.Shoot_Feedback_Update)
    i.Shoot_Set_Mode                         0x08001f00   Section        0  shoot.o(i.Shoot_Set_Mode)
    Shoot_Set_Mode                           0x08001f01   Thumb Code   292  shoot.o(i.Shoot_Set_Mode)
    i.SysTick_CLKSourceConfig                0x08002034   Section        0  misc.o(i.SysTick_CLKSourceConfig)
    i.SysTick_Handler                        0x0800205c   Section        0  stm32f4xx_it.o(i.SysTick_Handler)
    i.SystemInit                             0x08002060   Section        0  system_stm32f4xx.o(i.SystemInit)
    i.TIM6_Configuration                     0x080020c8   Section        0  timer.o(i.TIM6_Configuration)
    i.TIM6_DAC_IRQHandler                    0x08002130   Section        0  main.o(i.TIM6_DAC_IRQHandler)
    i.TIM_ARRPreloadConfig                   0x0800215c   Section        0  stm32f4xx_tim.o(i.TIM_ARRPreloadConfig)
    i.TIM_ClearFlag                          0x08002174   Section        0  stm32f4xx_tim.o(i.TIM_ClearFlag)
    i.TIM_ClearITPendingBit                  0x0800217a   Section        0  stm32f4xx_tim.o(i.TIM_ClearITPendingBit)
    i.TIM_Cmd                                0x08002180   Section        0  stm32f4xx_tim.o(i.TIM_Cmd)
    i.TIM_CtrlPWMOutputs                     0x08002198   Section        0  stm32f4xx_tim.o(i.TIM_CtrlPWMOutputs)
    i.TIM_GetITStatus                        0x080021b6   Section        0  stm32f4xx_tim.o(i.TIM_GetITStatus)
    i.TIM_ITConfig                           0x080021d8   Section        0  stm32f4xx_tim.o(i.TIM_ITConfig)
    i.TIM_OC1Init                            0x080021ec   Section        0  stm32f4xx_tim.o(i.TIM_OC1Init)
    i.TIM_OC1PreloadConfig                   0x08002268   Section        0  stm32f4xx_tim.o(i.TIM_OC1PreloadConfig)
    i.TIM_OC4Init                            0x0800227c   Section        0  stm32f4xx_tim.o(i.TIM_OC4Init)
    i.TIM_OC4PreloadConfig                   0x080022f4   Section        0  stm32f4xx_tim.o(i.TIM_OC4PreloadConfig)
    i.TIM_SetCompare1                        0x0800230e   Section        0  stm32f4xx_tim.o(i.TIM_SetCompare1)
    i.TIM_SetCompare4                        0x08002312   Section        0  stm32f4xx_tim.o(i.TIM_SetCompare4)
    i.TIM_TimeBaseInit                       0x08002318   Section        0  stm32f4xx_tim.o(i.TIM_TimeBaseInit)
    i.TriggerMotor_PID_Config                0x0800239c   Section        0  shoot.o(i.TriggerMotor_PID_Config)
    i.USART1_IRQHandler                      0x08002470   Section        0  remote_control.o(i.USART1_IRQHandler)
    i.USART6_IRQHandler                      0x08002554   Section        0  usart.o(i.USART6_IRQHandler)
    i.USART_ClearFlag                        0x080025dc   Section        0  stm32f4xx_usart.o(i.USART_ClearFlag)
    i.USART_Cmd                              0x080025ee   Section        0  stm32f4xx_usart.o(i.USART_Cmd)
    i.USART_DMACmd                           0x08002606   Section        0  stm32f4xx_usart.o(i.USART_DMACmd)
    i.USART_DeInit                           0x08002618   Section        0  stm32f4xx_usart.o(i.USART_DeInit)
    i.USART_GetITStatus                      0x08002708   Section        0  stm32f4xx_usart.o(i.USART_GetITStatus)
    i.USART_ITConfig                         0x0800275c   Section        0  stm32f4xx_usart.o(i.USART_ITConfig)
    i.USART_Init                             0x080027a8   Section        0  stm32f4xx_usart.o(i.USART_Init)
    i.USART_ReceiveData                      0x0800287c   Section        0  stm32f4xx_usart.o(i.USART_ReceiveData)
    i.UsageFault_Handler                     0x08002886   Section        0  stm32f4xx_it.o(i.UsageFault_Handler)
    i.__scatterload_copy                     0x0800288a   Section       14  handlers.o(i.__scatterload_copy)
    i.__scatterload_null                     0x08002898   Section        2  handlers.o(i.__scatterload_null)
    i.__scatterload_zeroinit                 0x0800289a   Section       14  handlers.o(i.__scatterload_zeroinit)
    i.chassis_control_loop                   0x080028a8   Section        0  chassismotor.o(i.chassis_control_loop)
    i.chassis_feedback_update                0x08002988   Section        0  chassismotor.o(i.chassis_feedback_update)
    chassis_feedback_update                  0x08002989   Thumb Code   278  chassismotor.o(i.chassis_feedback_update)
    i.chassis_infantry_follow_gimbal_yaw_control 0x08002ab8   Section        0  chassismotor.o(i.chassis_infantry_follow_gimbal_yaw_control)
    chassis_infantry_follow_gimbal_yaw_control 0x08002ab9   Thumb Code   248  chassismotor.o(i.chassis_infantry_follow_gimbal_yaw_control)
    i.chassis_init                           0x08002bd4   Section        0  chassismotor.o(i.chassis_init)
    i.chassis_rc_to_control_vector           0x08002c9c   Section        0  chassismotor.o(i.chassis_rc_to_control_vector)
    i.chassis_set_contorl                    0x08002df8   Section        0  chassismotor.o(i.chassis_set_contorl)
    chassis_set_contorl                      0x08002df9   Thumb Code   244  chassismotor.o(i.chassis_set_contorl)
    i.chassis_vector_to_mecanum_wheel_speed  0x08002ef8   Section        0  chassismotor.o(i.chassis_vector_to_mecanum_wheel_speed)
    chassis_vector_to_mecanum_wheel_speed    0x08002ef9   Thumb Code   130  chassismotor.o(i.chassis_vector_to_mecanum_wheel_speed)
    i.delay_init                             0x08002f84   Section        0  delay.o(i.delay_init)
    i.delay_us                               0x08002fc0   Section        0  delay.o(i.delay_us)
    i.first_order_filter_cali                0x0800300c   Section        0  user_lib.o(i.first_order_filter_cali)
    i.first_order_filter_init                0x08003060   Section        0  user_lib.o(i.first_order_filter_init)
    i.fp32_constrain                         0x08003084   Section        0  user_lib.o(i.fp32_constrain)
    i.fric1_on                               0x080030b0   Section        0  fric.o(i.fric1_on)
    i.fric2_on                               0x080030c4   Section        0  fric.o(i.fric2_on)
    i.fric_PWM_configuration                 0x080030d8   Section        0  fric.o(i.fric_PWM_configuration)
    i.fric_off                               0x0800321c   Section        0  fric.o(i.fric_off)
    i.getEncoderData                         0x08003238   Section        0  encoder.o(i.getEncoderData)
    i.get_pitch_motor_point                  0x080032fc   Section        0  cloudmotor.o(i.get_pitch_motor_point)
    i.get_remote_control_point               0x08003304   Section        0  remote_control.o(i.get_remote_control_point)
    i.get_yaw_motor_point                    0x0800330c   Section        0  cloudmotor.o(i.get_yaw_motor_point)
    i.gimbal_behaviour_control_set           0x08003314   Section        0  cloudmotor.o(i.gimbal_behaviour_control_set)
    i.gimbal_motor_relative_angle_control    0x08003408   Section        0  cloudmotor.o(i.gimbal_motor_relative_angle_control)
    gimbal_motor_relative_angle_control      0x08003409   Thumb Code    62  cloudmotor.o(i.gimbal_motor_relative_angle_control)
    i.laser_configuration                    0x08003448   Section        0  laser.o(i.laser_configuration)
    i.laser_off                              0x08003484   Section        0  laser.o(i.laser_off)
    i.laser_on                               0x08003498   Section        0  laser.o(i.laser_on)
    i.loop_fp32_constrain                    0x080034ac   Section        0  user_lib.o(i.loop_fp32_constrain)
    i.main                                   0x0800350c   Section        0  main.o(i.main)
    i.motor_ecd_to_angle_change              0x08003514   Section        0  cloudmotor.o(i.motor_ecd_to_angle_change)
    motor_ecd_to_angle_change                0x08003515   Thumb Code    48  cloudmotor.o(i.motor_ecd_to_angle_change)
    i.power_ctrl_configuration               0x08003548   Section        0  power_ctrl.o(i.power_ctrl_configuration)
    i.power_ctrl_off                         0x08003590   Section        0  power_ctrl.o(i.power_ctrl_off)
    i.power_ctrl_on                          0x080035b0   Section        0  power_ctrl.o(i.power_ctrl_on)
    i.ramp_calc                              0x080035d0   Section        0  user_lib.o(i.ramp_calc)
    i.ramp_init                              0x0800362c   Section        0  user_lib.o(i.ramp_init)
    i.remote_control_init                    0x08003658   Section        0  remote_control.o(i.remote_control_init)
    i.shoot_control_loop                     0x0800366c   Section        0  shoot.o(i.shoot_control_loop)
    i.uart_init                              0x080037ec   Section        0  usart.o(i.uart_init)
    .constdata                               0x080038a0   Section       12  shoot.o(.constdata)
    Trigger_speed_pid                        0x080038a0   Data          12  shoot.o(.constdata)
    .constdata                               0x080038ac   Section       48  cloudmotor.o(.constdata)
    YAW_SpeedPID                             0x080038ac   Data          12  cloudmotor.o(.constdata)
    YAW_PositionPID                          0x080038b8   Data          12  cloudmotor.o(.constdata)
    PITCH_SpeedPID                           0x080038c4   Data          12  cloudmotor.o(.constdata)
    PITCH_PositionPID                        0x080038d0   Data          12  cloudmotor.o(.constdata)
    .constdata                               0x080038dc   Section       32  chassismotor.o(.constdata)
    Chassis_speed_PID                        0x080038dc   Data          12  chassismotor.o(.constdata)
    chassis_yaw_pid                          0x080038e8   Data          12  chassismotor.o(.constdata)
    chassis_x_order_filter                   0x080038f4   Data           4  chassismotor.o(.constdata)
    chassis_y_order_filter                   0x080038f8   Data           4  chassismotor.o(.constdata)
    .constdata                               0x080038fc   Section     2052  arm_common_tables.o(.constdata)
    .data                                    0x20000000   Section       16  stm32f4xx_rcc.o(.data)
    APBAHBPrescTable                         0x20000000   Data          16  stm32f4xx_rcc.o(.data)
    .data                                    0x20000010   Section        4  delay.o(.data)
    fac_us                                   0x20000010   Data           1  delay.o(.data)
    fac_ms                                   0x20000012   Data           2  delay.o(.data)
    .data                                    0x20000014   Section        2  usart.o(.data)
    .data                                    0x20000016   Section        2  remote_control.o(.data)
    this_time_rx_len                         0x20000016   Data           2  remote_control.o(.data)
    .data                                    0x20000018   Section       13  shoot.o(.data)
    shoot_rc                                 0x20000018   Data           4  shoot.o(.data)
    shoot_mode                               0x2000001c   Data           1  shoot.o(.data)
    fric_pwm1                                0x2000001e   Data           2  shoot.o(.data)
    fric_pwm2                                0x20000020   Data           2  shoot.o(.data)
    up_time                                  0x20000022   Data           2  shoot.o(.data)
    last_s                                   0x20000024   Data           1  shoot.o(.data)
    .data                                    0x20000028   Section        8  control_task.o(.data)
    count                                    0x20000028   Data           8  control_task.o(.data)
    .data                                    0x20000030   Section       24  cloudmotor.o(.data)
    Yaw_Can_Set_Current                      0x20000034   Data           2  cloudmotor.o(.data)
    Pitch_Can_Set_Current                    0x20000036   Data           2  cloudmotor.o(.data)
    Shoot_Can_Set_Current                    0x20000038   Data           2  cloudmotor.o(.data)
    rc_add_yaw                               0x2000003c   Data           4  cloudmotor.o(.data)
    rc_add_pit                               0x20000040   Data           4  cloudmotor.o(.data)
    yaw_channel                              0x20000044   Data           2  cloudmotor.o(.data)
    pitch_channel                            0x20000046   Data           2  cloudmotor.o(.data)
    .data                                    0x20000048   Section       13  chassismotor.o(.data)
    swing_time                               0x20000048   Data           4  chassismotor.o(.data)
    swing_angle                              0x2000004c   Data           4  chassismotor.o(.data)
    max_angle                                0x20000050   Data           4  chassismotor.o(.data)
    swing_flag                               0x20000054   Data           1  chassismotor.o(.data)
    .bss                                     0x20000058   Section      200  usart.o(.bss)
    .bss                                     0x20000120   Section       94  remote_control.o(.bss)
    rc_ctrl                                  0x20000120   Data          22  remote_control.o(.bss)
    SBUS_rx_buf                              0x20000136   Data          72  remote_control.o(.bss)
    .bss                                     0x20000180   Section      180  shoot.o(.bss)
    trigger_motor_pid                        0x20000180   Data          80  shoot.o(.bss)
    trigger_motor                            0x200001d0   Data         100  shoot.o(.bss)
    .bss                                     0x20000234   Section      544  encoder.o(.bss)
    .bss                                     0x20000454   Section      824  cloudmotor.o(.bss)
    gimbal_control                           0x20000454   Data         824  cloudmotor.o(.bss)
    .bss                                     0x2000078c   Section      580  chassismotor.o(.bss)
    STACK                                    0x200009d0   Section     1024  startup_stm32f427x.o(STACK)

    Global Symbols

    Symbol Name                              Value     Ov Type        Size  Object(Section)

    BuildAttributes$$THM_ISAv4$E$P$D$K$B$S$7EM$VFPi3$EXTD16$VFPS$VFMA$PE$A:L22UL41UL21$X:L11$S22US41US21$IEEE1$IW$USESV6$~STKCKD$USESV7$~SHL$OTIME$IEEEX$EBA8$MICROLIB$REQ8$PRES8$EABIv2 0x00000000   Number         0  anon$$obj.o ABSOLUTE
    __ARM_use_no_argv                        0x00000000   Number         0  main.o ABSOLUTE
    __cpp_initialize__aeabi_                  - Undefined Weak Reference
    __cxa_finalize                            - Undefined Weak Reference
    __decompress                              - Undefined Weak Reference
    _clock_init                               - Undefined Weak Reference
    _microlib_exit                            - Undefined Weak Reference
    __Vectors_Size                           0x000001ac   Number         0  startup_stm32f427x.o ABSOLUTE
    __Vectors                                0x08000000   Data           4  startup_stm32f427x.o(RESET)
    __Vectors_End                            0x080001ac   Data           0  startup_stm32f427x.o(RESET)
    __main                                   0x080001ad   Thumb Code     0  entry.o(.ARM.Collect$$$$00000000)
    _main_stk                                0x080001ad   Thumb Code     0  entry2.o(.ARM.Collect$$$$00000001)
    _main_scatterload                        0x080001b1   Thumb Code     0  entry5.o(.ARM.Collect$$$$00000004)
    __main_after_scatterload                 0x080001b5   Thumb Code     0  entry5.o(.ARM.Collect$$$$00000004)
    _main_clock                              0x080001b5   Thumb Code     0  entry7b.o(.ARM.Collect$$$$00000008)
    _main_cpp_init                           0x080001b5   Thumb Code     0  entry8b.o(.ARM.Collect$$$$0000000A)
    _main_init                               0x080001b5   Thumb Code     0  entry9a.o(.ARM.Collect$$$$0000000B)
    __rt_final_cpp                           0x080001bd   Thumb Code     0  entry10a.o(.ARM.Collect$$$$0000000D)
    __rt_final_exit                          0x080001bd   Thumb Code     0  entry11a.o(.ARM.Collect$$$$0000000F)
    Reset_Handler                            0x080001c1   Thumb Code     8  startup_stm32f427x.o(.text)
    ADC_IRQHandler                           0x080001db   Thumb Code     0  startup_stm32f427x.o(.text)
    CAN1_RX1_IRQHandler                      0x080001db   Thumb Code     0  startup_stm32f427x.o(.text)
    CAN1_SCE_IRQHandler                      0x080001db   Thumb Code     0  startup_stm32f427x.o(.text)
    CAN2_RX0_IRQHandler                      0x080001db   Thumb Code     0  startup_stm32f427x.o(.text)
    CAN2_RX1_IRQHandler                      0x080001db   Thumb Code     0  startup_stm32f427x.o(.text)
    CAN2_SCE_IRQHandler                      0x080001db   Thumb Code     0  startup_stm32f427x.o(.text)
    CAN2_TX_IRQHandler                       0x080001db   Thumb Code     0  startup_stm32f427x.o(.text)
    CRYP_IRQHandler                          0x080001db   Thumb Code     0  startup_stm32f427x.o(.text)
    DCMI_IRQHandler                          0x080001db   Thumb Code     0  startup_stm32f427x.o(.text)
    DMA1_Stream0_IRQHandler                  0x080001db   Thumb Code     0  startup_stm32f427x.o(.text)
    DMA1_Stream1_IRQHandler                  0x080001db   Thumb Code     0  startup_stm32f427x.o(.text)
    DMA1_Stream2_IRQHandler                  0x080001db   Thumb Code     0  startup_stm32f427x.o(.text)
    DMA1_Stream3_IRQHandler                  0x080001db   Thumb Code     0  startup_stm32f427x.o(.text)
    DMA1_Stream4_IRQHandler                  0x080001db   Thumb Code     0  startup_stm32f427x.o(.text)
    DMA1_Stream5_IRQHandler                  0x080001db   Thumb Code     0  startup_stm32f427x.o(.text)
    DMA1_Stream6_IRQHandler                  0x080001db   Thumb Code     0  startup_stm32f427x.o(.text)
    DMA1_Stream7_IRQHandler                  0x080001db   Thumb Code     0  startup_stm32f427x.o(.text)
    DMA2D_IRQHandler                         0x080001db   Thumb Code     0  startup_stm32f427x.o(.text)
    DMA2_Stream0_IRQHandler                  0x080001db   Thumb Code     0  startup_stm32f427x.o(.text)
    DMA2_Stream1_IRQHandler                  0x080001db   Thumb Code     0  startup_stm32f427x.o(.text)
    DMA2_Stream2_IRQHandler                  0x080001db   Thumb Code     0  startup_stm32f427x.o(.text)
    DMA2_Stream3_IRQHandler                  0x080001db   Thumb Code     0  startup_stm32f427x.o(.text)
    DMA2_Stream4_IRQHandler                  0x080001db   Thumb Code     0  startup_stm32f427x.o(.text)
    DMA2_Stream5_IRQHandler                  0x080001db   Thumb Code     0  startup_stm32f427x.o(.text)
    DMA2_Stream6_IRQHandler                  0x080001db   Thumb Code     0  startup_stm32f427x.o(.text)
    DMA2_Stream7_IRQHandler                  0x080001db   Thumb Code     0  startup_stm32f427x.o(.text)
    ETH_IRQHandler                           0x080001db   Thumb Code     0  startup_stm32f427x.o(.text)
    ETH_WKUP_IRQHandler                      0x080001db   Thumb Code     0  startup_stm32f427x.o(.text)
    EXTI0_IRQHandler                         0x080001db   Thumb Code     0  startup_stm32f427x.o(.text)
    EXTI15_10_IRQHandler                     0x080001db   Thumb Code     0  startup_stm32f427x.o(.text)
    EXTI1_IRQHandler                         0x080001db   Thumb Code     0  startup_stm32f427x.o(.text)
    EXTI2_IRQHandler                         0x080001db   Thumb Code     0  startup_stm32f427x.o(.text)
    EXTI3_IRQHandler                         0x080001db   Thumb Code     0  startup_stm32f427x.o(.text)
    EXTI4_IRQHandler                         0x080001db   Thumb Code     0  startup_stm32f427x.o(.text)
    EXTI9_5_IRQHandler                       0x080001db   Thumb Code     0  startup_stm32f427x.o(.text)
    FLASH_IRQHandler                         0x080001db   Thumb Code     0  startup_stm32f427x.o(.text)
    FMC_IRQHandler                           0x080001db   Thumb Code     0  startup_stm32f427x.o(.text)
    FPU_IRQHandler                           0x080001db   Thumb Code     0  startup_stm32f427x.o(.text)
    HASH_RNG_IRQHandler                      0x080001db   Thumb Code     0  startup_stm32f427x.o(.text)
    I2C1_ER_IRQHandler                       0x080001db   Thumb Code     0  startup_stm32f427x.o(.text)
    I2C1_EV_IRQHandler                       0x080001db   Thumb Code     0  startup_stm32f427x.o(.text)
    I2C2_ER_IRQHandler                       0x080001db   Thumb Code     0  startup_stm32f427x.o(.text)
    I2C2_EV_IRQHandler                       0x080001db   Thumb Code     0  startup_stm32f427x.o(.text)
    I2C3_ER_IRQHandler                       0x080001db   Thumb Code     0  startup_stm32f427x.o(.text)
    I2C3_EV_IRQHandler                       0x080001db   Thumb Code     0  startup_stm32f427x.o(.text)
    OTG_FS_IRQHandler                        0x080001db   Thumb Code     0  startup_stm32f427x.o(.text)
    OTG_FS_WKUP_IRQHandler                   0x080001db   Thumb Code     0  startup_stm32f427x.o(.text)
    OTG_HS_EP1_IN_IRQHandler                 0x080001db   Thumb Code     0  startup_stm32f427x.o(.text)
    OTG_HS_EP1_OUT_IRQHandler                0x080001db   Thumb Code     0  startup_stm32f427x.o(.text)
    OTG_HS_IRQHandler                        0x080001db   Thumb Code     0  startup_stm32f427x.o(.text)
    OTG_HS_WKUP_IRQHandler                   0x080001db   Thumb Code     0  startup_stm32f427x.o(.text)
    PVD_IRQHandler                           0x080001db   Thumb Code     0  startup_stm32f427x.o(.text)
    RCC_IRQHandler                           0x080001db   Thumb Code     0  startup_stm32f427x.o(.text)
    RTC_Alarm_IRQHandler                     0x080001db   Thumb Code     0  startup_stm32f427x.o(.text)
    RTC_WKUP_IRQHandler                      0x080001db   Thumb Code     0  startup_stm32f427x.o(.text)
    SAI1_IRQHandler                          0x080001db   Thumb Code     0  startup_stm32f427x.o(.text)
    SDIO_IRQHandler                          0x080001db   Thumb Code     0  startup_stm32f427x.o(.text)
    SPI1_IRQHandler                          0x080001db   Thumb Code     0  startup_stm32f427x.o(.text)
    SPI2_IRQHandler                          0x080001db   Thumb Code     0  startup_stm32f427x.o(.text)
    SPI3_IRQHandler                          0x080001db   Thumb Code     0  startup_stm32f427x.o(.text)
    SPI4_IRQHandler                          0x080001db   Thumb Code     0  startup_stm32f427x.o(.text)
    SPI5_IRQHandler                          0x080001db   Thumb Code     0  startup_stm32f427x.o(.text)
    SPI6_IRQHandler                          0x080001db   Thumb Code     0  startup_stm32f427x.o(.text)
    TAMP_STAMP_IRQHandler                    0x080001db   Thumb Code     0  startup_stm32f427x.o(.text)
    TIM1_BRK_TIM9_IRQHandler                 0x080001db   Thumb Code     0  startup_stm32f427x.o(.text)
    TIM1_CC_IRQHandler                       0x080001db   Thumb Code     0  startup_stm32f427x.o(.text)
    TIM1_TRG_COM_TIM11_IRQHandler            0x080001db   Thumb Code     0  startup_stm32f427x.o(.text)
    TIM1_UP_TIM10_IRQHandler                 0x080001db   Thumb Code     0  startup_stm32f427x.o(.text)
    TIM2_IRQHandler                          0x080001db   Thumb Code     0  startup_stm32f427x.o(.text)
    TIM3_IRQHandler                          0x080001db   Thumb Code     0  startup_stm32f427x.o(.text)
    TIM4_IRQHandler                          0x080001db   Thumb Code     0  startup_stm32f427x.o(.text)
    TIM5_IRQHandler                          0x080001db   Thumb Code     0  startup_stm32f427x.o(.text)
    TIM7_IRQHandler                          0x080001db   Thumb Code     0  startup_stm32f427x.o(.text)
    TIM8_BRK_TIM12_IRQHandler                0x080001db   Thumb Code     0  startup_stm32f427x.o(.text)
    TIM8_CC_IRQHandler                       0x080001db   Thumb Code     0  startup_stm32f427x.o(.text)
    TIM8_TRG_COM_TIM14_IRQHandler            0x080001db   Thumb Code     0  startup_stm32f427x.o(.text)
    TIM8_UP_TIM13_IRQHandler                 0x080001db   Thumb Code     0  startup_stm32f427x.o(.text)
    UART4_IRQHandler                         0x080001db   Thumb Code     0  startup_stm32f427x.o(.text)
    UART5_IRQHandler                         0x080001db   Thumb Code     0  startup_stm32f427x.o(.text)
    UART7_IRQHandler                         0x080001db   Thumb Code     0  startup_stm32f427x.o(.text)
    UART8_IRQHandler                         0x080001db   Thumb Code     0  startup_stm32f427x.o(.text)
    USART2_IRQHandler                        0x080001db   Thumb Code     0  startup_stm32f427x.o(.text)
    USART3_IRQHandler                        0x080001db   Thumb Code     0  startup_stm32f427x.o(.text)
    WWDG_IRQHandler                          0x080001db   Thumb Code     0  startup_stm32f427x.o(.text)
    arm_cos_f32                              0x080001e5   Thumb Code   108  arm_cos_f32.o(.text)
    arm_sin_f32                              0x0800025d   Thumb Code   104  arm_sin_f32.o(.text)
    __scatterload                            0x080002d1   Thumb Code    28  init.o(.text)
    __scatterload_rt2                        0x080002d1   Thumb Code     0  init.o(.text)
    BSP_init                                 0x080002f5   Thumb Code    92  main.o(i.BSP_init)
    BusFault_Handler                         0x08000351   Thumb Code     4  stm32f4xx_it.o(i.BusFault_Handler)
    CAN1_RX0_IRQHandler                      0x08000355   Thumb Code    50  can.o(i.CAN1_RX0_IRQHandler)
    CAN1_TX_IRQHandler                       0x08000391   Thumb Code    22  can.o(i.CAN1_TX_IRQHandler)
    CAN_ClearFlag                            0x080003ad   Thumb Code    52  stm32f4xx_can.o(i.CAN_ClearFlag)
    CAN_ClearITPendingBit                    0x080003e5   Thumb Code   162  stm32f4xx_can.o(i.CAN_ClearITPendingBit)
    CAN_Configure                            0x0800048d   Thumb Code   282  can.o(i.CAN_Configure)
    CAN_DeInit                               0x080005b1   Thumb Code    50  stm32f4xx_can.o(i.CAN_DeInit)
    CAN_FITER_Init                           0x080005e9   Thumb Code    72  can.o(i.CAN_FITER_Init)
    CAN_FilterInit                           0x08000631   Thumb Code   258  stm32f4xx_can.o(i.CAN_FilterInit)
    CAN_GetITStatus                          0x08000739   Thumb Code   284  stm32f4xx_can.o(i.CAN_GetITStatus)
    CAN_ITConfig                             0x08000859   Thumb Code    18  stm32f4xx_can.o(i.CAN_ITConfig)
    CAN_Init                                 0x0800086b   Thumb Code   276  stm32f4xx_can.o(i.CAN_Init)
    CAN_Receive                              0x0800097f   Thumb Code   240  stm32f4xx_can.o(i.CAN_Receive)
    CAN_StructInit                           0x08000a6f   Thumb Code    32  stm32f4xx_can.o(i.CAN_StructInit)
    CAN_Transmit                             0x08000a8f   Thumb Code   294  stm32f4xx_can.o(i.CAN_Transmit)
    CanReceiveMsgProcess                     0x08000bb5   Thumb Code   116  encoder.o(i.CanReceiveMsgProcess)
    CloudMotor_Config                        0x08000c51   Thumb Code   190  cloudmotor.o(i.CloudMotor_Config)
    CloudMotor_Ctrl                          0x08000d49   Thumb Code   100  cloudmotor.o(i.CloudMotor_Ctrl)
    Control_Task                             0x08000dc1   Thumb Code   166  control_task.o(i.Control_Task)
    DMA_ClearFlag                            0x08000e79   Thumb Code    38  stm32f4xx_dma.o(i.DMA_ClearFlag)
    DMA_Cmd                                  0x08000ead   Thumb Code    22  stm32f4xx_dma.o(i.DMA_Cmd)
    DMA_DeInit                               0x08000ec5   Thumb Code   324  stm32f4xx_dma.o(i.DMA_DeInit)
    DMA_DoubleBufferModeCmd                  0x0800101d   Thumb Code    22  stm32f4xx_dma.o(i.DMA_DoubleBufferModeCmd)
    DMA_DoubleBufferModeConfig               0x08001033   Thumb Code    24  stm32f4xx_dma.o(i.DMA_DoubleBufferModeConfig)
    DMA_GetCurrDataCounter                   0x0800104b   Thumb Code     8  stm32f4xx_dma.o(i.DMA_GetCurrDataCounter)
    DMA_GetCurrentMemoryTarget               0x08001053   Thumb Code    20  stm32f4xx_dma.o(i.DMA_GetCurrentMemoryTarget)
    DMA_Init                                 0x08001069   Thumb Code    82  stm32f4xx_dma.o(i.DMA_Init)
    DMA_SetCurrDataCounter                   0x080010c1   Thumb Code     4  stm32f4xx_dma.o(i.DMA_SetCurrDataCounter)
    DebugMon_Handler                         0x080010c5   Thumb Code     2  stm32f4xx_it.o(i.DebugMon_Handler)
    Encoder_Start                            0x080010c9   Thumb Code    10  encoder.o(i.Encoder_Start)
    GPIO_Init                                0x0800145f   Thumb Code   144  stm32f4xx_gpio.o(i.GPIO_Init)
    GPIO_PinAFConfig                         0x080014ef   Thumb Code    70  stm32f4xx_gpio.o(i.GPIO_PinAFConfig)
    GPIO_ReadInputDataBit                    0x08001535   Thumb Code    18  stm32f4xx_gpio.o(i.GPIO_ReadInputDataBit)
    GPIO_ResetBits                           0x08001547   Thumb Code     4  stm32f4xx_gpio.o(i.GPIO_ResetBits)
    GPIO_SetBits                             0x0800154b   Thumb Code     4  stm32f4xx_gpio.o(i.GPIO_SetBits)
    HardFault_Handler                        0x0800154f   Thumb Code     4  stm32f4xx_it.o(i.HardFault_Handler)
    MemManage_Handler                        0x08001553   Thumb Code     4  stm32f4xx_it.o(i.MemManage_Handler)
    NMI_Handler                              0x08001557   Thumb Code     2  stm32f4xx_it.o(i.NMI_Handler)
    NVIC_Init                                0x08001559   Thumb Code   106  misc.o(i.NVIC_Init)
    NVIC_PriorityGroupConfig                 0x080015d1   Thumb Code    10  misc.o(i.NVIC_PriorityGroupConfig)
    PID_Calc                                 0x080015e5   Thumb Code   492  pid.o(i.PID_Calc)
    PID_Init                                 0x080017d5   Thumb Code    92  pid.o(i.PID_Init)
    PendSV_Handler                           0x08001835   Thumb Code     2  stm32f4xx_it.o(i.PendSV_Handler)
    RCC_AHB1PeriphClockCmd                   0x08001839   Thumb Code    26  stm32f4xx_rcc.o(i.RCC_AHB1PeriphClockCmd)
    RCC_APB1PeriphClockCmd                   0x08001859   Thumb Code    26  stm32f4xx_rcc.o(i.RCC_APB1PeriphClockCmd)
    RCC_APB1PeriphResetCmd                   0x08001879   Thumb Code    26  stm32f4xx_rcc.o(i.RCC_APB1PeriphResetCmd)
    RCC_APB2PeriphClockCmd                   0x08001899   Thumb Code    26  stm32f4xx_rcc.o(i.RCC_APB2PeriphClockCmd)
    RCC_APB2PeriphResetCmd                   0x080018b9   Thumb Code    26  stm32f4xx_rcc.o(i.RCC_APB2PeriphResetCmd)
    RCC_GetClocksFreq                        0x080018d9   Thumb Code   214  stm32f4xx_rcc.o(i.RCC_GetClocksFreq)
    RC_Init                                  0x080019c1   Thumb Code   312  rc.o(i.RC_Init)
    SVC_Handler                              0x08001be7   Thumb Code     2  stm32f4xx_it.o(i.SVC_Handler)
    Set_ChassisMotor_Current                 0x08001d09   Thumb Code    94  can.o(i.Set_ChassisMotor_Current)
    Set_CloudMotor_Current                   0x08001d6d   Thumb Code    84  can.o(i.Set_CloudMotor_Current)
    SysTick_CLKSourceConfig                  0x08002035   Thumb Code    40  misc.o(i.SysTick_CLKSourceConfig)
    SysTick_Handler                          0x0800205d   Thumb Code     2  stm32f4xx_it.o(i.SysTick_Handler)
    SystemInit                               0x08002061   Thumb Code    88  system_stm32f4xx.o(i.SystemInit)
    TIM6_Configuration                       0x080020c9   Thumb Code    98  timer.o(i.TIM6_Configuration)
    TIM6_DAC_IRQHandler                      0x08002131   Thumb Code    40  main.o(i.TIM6_DAC_IRQHandler)
    TIM_ARRPreloadConfig                     0x0800215d   Thumb Code    24  stm32f4xx_tim.o(i.TIM_ARRPreloadConfig)
    TIM_ClearFlag                            0x08002175   Thumb Code     6  stm32f4xx_tim.o(i.TIM_ClearFlag)
    TIM_ClearITPendingBit                    0x0800217b   Thumb Code     6  stm32f4xx_tim.o(i.TIM_ClearITPendingBit)
    TIM_Cmd                                  0x08002181   Thumb Code    24  stm32f4xx_tim.o(i.TIM_Cmd)
    TIM_CtrlPWMOutputs                       0x08002199   Thumb Code    30  stm32f4xx_tim.o(i.TIM_CtrlPWMOutputs)
    TIM_GetITStatus                          0x080021b7   Thumb Code    34  stm32f4xx_tim.o(i.TIM_GetITStatus)
    TIM_ITConfig                             0x080021d9   Thumb Code    18  stm32f4xx_tim.o(i.TIM_ITConfig)
    TIM_OC1Init                              0x080021ed   Thumb Code   114  stm32f4xx_tim.o(i.TIM_OC1Init)
    TIM_OC1PreloadConfig                     0x08002269   Thumb Code    18  stm32f4xx_tim.o(i.TIM_OC1PreloadConfig)
    TIM_OC4Init                              0x0800227d   Thumb Code   112  stm32f4xx_tim.o(i.TIM_OC4Init)
    TIM_OC4PreloadConfig                     0x080022f5   Thumb Code    26  stm32f4xx_tim.o(i.TIM_OC4PreloadConfig)
    TIM_SetCompare1                          0x0800230f   Thumb Code     4  stm32f4xx_tim.o(i.TIM_SetCompare1)
    TIM_SetCompare4                          0x08002313   Thumb Code     4  stm32f4xx_tim.o(i.TIM_SetCompare4)
    TIM_TimeBaseInit                         0x08002319   Thumb Code   104  stm32f4xx_tim.o(i.TIM_TimeBaseInit)
    TriggerMotor_PID_Config                  0x0800239d   Thumb Code   160  shoot.o(i.TriggerMotor_PID_Config)
    USART1_IRQHandler                        0x08002471   Thumb Code   204  remote_control.o(i.USART1_IRQHandler)
    USART6_IRQHandler                        0x08002555   Thumb Code   122  usart.o(i.USART6_IRQHandler)
    USART_ClearFlag                          0x080025dd   Thumb Code    18  stm32f4xx_usart.o(i.USART_ClearFlag)
    USART_Cmd                                0x080025ef   Thumb Code    24  stm32f4xx_usart.o(i.USART_Cmd)
    USART_DMACmd                             0x08002607   Thumb Code    18  stm32f4xx_usart.o(i.USART_DMACmd)
    USART_DeInit                             0x08002619   Thumb Code   206  stm32f4xx_usart.o(i.USART_DeInit)
    USART_GetITStatus                        0x08002709   Thumb Code    84  stm32f4xx_usart.o(i.USART_GetITStatus)
    USART_ITConfig                           0x0800275d   Thumb Code    74  stm32f4xx_usart.o(i.USART_ITConfig)
    USART_Init                               0x080027a9   Thumb Code   204  stm32f4xx_usart.o(i.USART_Init)
    USART_ReceiveData                        0x0800287d   Thumb Code    10  stm32f4xx_usart.o(i.USART_ReceiveData)
    UsageFault_Handler                       0x08002887   Thumb Code     4  stm32f4xx_it.o(i.UsageFault_Handler)
    __scatterload_copy                       0x0800288b   Thumb Code    14  handlers.o(i.__scatterload_copy)
    __scatterload_null                       0x08002899   Thumb Code     2  handlers.o(i.__scatterload_null)
    __scatterload_zeroinit                   0x0800289b   Thumb Code    14  handlers.o(i.__scatterload_zeroinit)
    chassis_control_loop                     0x080028a9   Thumb Code   220  chassismotor.o(i.chassis_control_loop)
    chassis_init                             0x08002bd5   Thumb Code   150  chassismotor.o(i.chassis_init)
    chassis_rc_to_control_vector             0x08002c9d   Thumb Code   320  chassismotor.o(i.chassis_rc_to_control_vector)
    delay_init                               0x08002f85   Thumb Code    52  delay.o(i.delay_init)
    delay_us                                 0x08002fc1   Thumb Code    72  delay.o(i.delay_us)
    first_order_filter_cali                  0x0800300d   Thumb Code    84  user_lib.o(i.first_order_filter_cali)
    first_order_filter_init                  0x08003061   Thumb Code    32  user_lib.o(i.first_order_filter_init)
    fp32_constrain                           0x08003085   Thumb Code    42  user_lib.o(i.fp32_constrain)
    fric1_on                                 0x080030b1   Thumb Code    14  fric.o(i.fric1_on)
    fric2_on                                 0x080030c5   Thumb Code    14  fric.o(i.fric2_on)
    fric_PWM_configuration                   0x080030d9   Thumb Code   306  fric.o(i.fric_PWM_configuration)
    fric_off                                 0x0800321d   Thumb Code    24  fric.o(i.fric_off)
    getEncoderData                           0x08003239   Thumb Code   184  encoder.o(i.getEncoderData)
    get_pitch_motor_point                    0x080032fd   Thumb Code     4  cloudmotor.o(i.get_pitch_motor_point)
    get_remote_control_point                 0x08003305   Thumb Code     4  remote_control.o(i.get_remote_control_point)
    get_yaw_motor_point                      0x0800330d   Thumb Code     4  cloudmotor.o(i.get_yaw_motor_point)
    gimbal_behaviour_control_set             0x08003315   Thumb Code   210  cloudmotor.o(i.gimbal_behaviour_control_set)
    laser_configuration                      0x08003449   Thumb Code    54  laser.o(i.laser_configuration)
    laser_off                                0x08003485   Thumb Code    14  laser.o(i.laser_off)
    laser_on                                 0x08003499   Thumb Code    14  laser.o(i.laser_on)
    loop_fp32_constrain                      0x080034ad   Thumb Code    96  user_lib.o(i.loop_fp32_constrain)
    main                                     0x0800350d   Thumb Code     8  main.o(i.main)
    power_ctrl_configuration                 0x08003549   Thumb Code    66  power_ctrl.o(i.power_ctrl_configuration)
    power_ctrl_off                           0x08003591   Thumb Code    26  power_ctrl.o(i.power_ctrl_off)
    power_ctrl_on                            0x080035b1   Thumb Code    26  power_ctrl.o(i.power_ctrl_on)
    ramp_calc                                0x080035d1   Thumb Code    90  user_lib.o(i.ramp_calc)
    ramp_init                                0x0800362d   Thumb Code    40  user_lib.o(i.ramp_init)
    remote_control_init                      0x08003659   Thumb Code    16  remote_control.o(i.remote_control_init)
    shoot_control_loop                       0x0800366d   Thumb Code   336  shoot.o(i.shoot_control_loop)
    uart_init                                0x080037ed   Thumb Code   172  usart.o(i.uart_init)
    sinTable_f32                             0x080038fc   Data        2052  arm_common_tables.o(.constdata)
    Region$$Table$$Base                      0x08004100   Number         0  anon$$obj.o(Region$$Table)
    Region$$Table$$Limit                     0x08004120   Number         0  anon$$obj.o(Region$$Table)
    USART_RX_STA                             0x20000014   Data           2  usart.o(.data)
    CloudOut                                 0x20000030   Data           4  cloudmotor.o(.data)
    USART_RX_BUF                             0x20000058   Data         200  usart.o(.bss)
    CMEncoder                                0x20000234   Data         272  encoder.o(.bss)
    GMYawEncoder                             0x20000344   Data          68  encoder.o(.bss)
    GMPitchEncoder                           0x20000388   Data          68  encoder.o(.bss)
    TR1Encoder                               0x200003cc   Data          68  encoder.o(.bss)
    TR2Encoder                               0x20000410   Data          68  encoder.o(.bss)
    chassis_move                             0x2000078c   Data         580  chassismotor.o(.bss)
    __initial_sp                             0x20000dd0   Data           0  startup_stm32f427x.o(STACK)



==============================================================================

Memory Map of the image

  Image Entry point : 0x080001ad

  Load Region LR_IROM1 (Base: 0x08000000, Size: 0x00004178, Max: 0x00200000, ABSOLUTE)

    Execution Region ER_IROM1 (Exec base: 0x08000000, Load base: 0x08000000, Size: 0x00004120, Max: 0x00200000, ABSOLUTE)

    Exec Addr    Load Addr    Size         Type   Attr      Idx    E Section Name        Object

    0x08000000   0x08000000   0x000001ac   Data   RO          441    RESET               startup_stm32f427x.o
    0x080001ac   0x080001ac   0x00000000   Code   RO         6599  * .ARM.Collect$$$$00000000  mc_w.l(entry.o)
    0x080001ac   0x080001ac   0x00000004   Code   RO         6602    .ARM.Collect$$$$00000001  mc_w.l(entry2.o)
    0x080001b0   0x080001b0   0x00000004   Code   RO         6605    .ARM.Collect$$$$00000004  mc_w.l(entry5.o)
    0x080001b4   0x080001b4   0x00000000   Code   RO         6607    .ARM.Collect$$$$00000008  mc_w.l(entry7b.o)
    0x080001b4   0x080001b4   0x00000000   Code   RO         6609    .ARM.Collect$$$$0000000A  mc_w.l(entry8b.o)
    0x080001b4   0x080001b4   0x00000008   Code   RO         6610    .ARM.Collect$$$$0000000B  mc_w.l(entry9a.o)
    0x080001bc   0x080001bc   0x00000000   Code   RO         6612    .ARM.Collect$$$$0000000D  mc_w.l(entry10a.o)
    0x080001bc   0x080001bc   0x00000000   Code   RO         6614    .ARM.Collect$$$$0000000F  mc_w.l(entry11a.o)
    0x080001bc   0x080001bc   0x00000004   Code   RO         6603    .ARM.Collect$$$$00002712  mc_w.l(entry2.o)
    0x080001c0   0x080001c0   0x00000024   Code   RO          442    .text               startup_stm32f427x.o
    0x080001e4   0x080001e4   0x00000078   Code   RO         6443    .text               arm_cortexM4lf_math.lib(arm_cos_f32.o)
    0x0800025c   0x0800025c   0x00000074   Code   RO         6496    .text               arm_cortexM4lf_math.lib(arm_sin_f32.o)
    0x080002d0   0x080002d0   0x00000024   Code   RO         6616    .text               mc_w.l(init.o)
    0x080002f4   0x080002f4   0x0000005c   Code   RO            3    i.BSP_init          main.o
    0x08000350   0x08000350   0x00000004   Code   RO          223    i.BusFault_Handler  stm32f4xx_it.o
    0x08000354   0x08000354   0x0000003c   Code   RO         5612    i.CAN1_RX0_IRQHandler  can.o
    0x08000390   0x08000390   0x0000001c   Code   RO         5613    i.CAN1_TX_IRQHandler  can.o
    0x080003ac   0x080003ac   0x00000038   Code   RO          761    i.CAN_ClearFlag     stm32f4xx_can.o
    0x080003e4   0x080003e4   0x000000a8   Code   RO          762    i.CAN_ClearITPendingBit  stm32f4xx_can.o
    0x0800048c   0x0800048c   0x00000124   Code   RO         5614    i.CAN_Configure     can.o
    0x080005b0   0x080005b0   0x00000038   Code   RO          764    i.CAN_DeInit        stm32f4xx_can.o
    0x080005e8   0x080005e8   0x00000048   Code   RO         5615    i.CAN_FITER_Init    can.o
    0x08000630   0x08000630   0x00000108   Code   RO          766    i.CAN_FilterInit    stm32f4xx_can.o
    0x08000738   0x08000738   0x00000120   Code   RO          768    i.CAN_GetITStatus   stm32f4xx_can.o
    0x08000858   0x08000858   0x00000012   Code   RO          772    i.CAN_ITConfig      stm32f4xx_can.o
    0x0800086a   0x0800086a   0x00000114   Code   RO          773    i.CAN_Init          stm32f4xx_can.o
    0x0800097e   0x0800097e   0x000000f0   Code   RO          776    i.CAN_Receive       stm32f4xx_can.o
    0x08000a6e   0x08000a6e   0x00000020   Code   RO          779    i.CAN_StructInit    stm32f4xx_can.o
    0x08000a8e   0x08000a8e   0x00000126   Code   RO          781    i.CAN_Transmit      stm32f4xx_can.o
    0x08000bb4   0x08000bb4   0x00000088   Code   RO         6187    i.CanReceiveMsgProcess  encoder.o
    0x08000c3c   0x08000c3c   0x00000012   Code   RO          784    i.CheckITStatus     stm32f4xx_can.o
    0x08000c4e   0x08000c4e   0x00000002   PAD
    0x08000c50   0x08000c50   0x000000f8   Code   RO         6291    i.CloudMotor_Config  cloudmotor.o
    0x08000d48   0x08000d48   0x00000078   Code   RO         6292    i.CloudMotor_Ctrl   cloudmotor.o
    0x08000dc0   0x08000dc0   0x000000b8   Code   RO         6238    i.Control_Task      control_task.o
    0x08000e78   0x08000e78   0x00000034   Code   RO         1461    i.DMA_ClearFlag     stm32f4xx_dma.o
    0x08000eac   0x08000eac   0x00000016   Code   RO         1463    i.DMA_Cmd           stm32f4xx_dma.o
    0x08000ec2   0x08000ec2   0x00000002   PAD
    0x08000ec4   0x08000ec4   0x00000158   Code   RO         1464    i.DMA_DeInit        stm32f4xx_dma.o
    0x0800101c   0x0800101c   0x00000016   Code   RO         1465    i.DMA_DoubleBufferModeCmd  stm32f4xx_dma.o
    0x08001032   0x08001032   0x00000018   Code   RO         1466    i.DMA_DoubleBufferModeConfig  stm32f4xx_dma.o
    0x0800104a   0x0800104a   0x00000008   Code   RO         1469    i.DMA_GetCurrDataCounter  stm32f4xx_dma.o
    0x08001052   0x08001052   0x00000014   Code   RO         1470    i.DMA_GetCurrentMemoryTarget  stm32f4xx_dma.o
    0x08001066   0x08001066   0x00000002   PAD
    0x08001068   0x08001068   0x00000058   Code   RO         1475    i.DMA_Init          stm32f4xx_dma.o
    0x080010c0   0x080010c0   0x00000004   Code   RO         1478    i.DMA_SetCurrDataCounter  stm32f4xx_dma.o
    0x080010c4   0x080010c4   0x00000002   Code   RO          224    i.DebugMon_Handler  stm32f4xx_it.o
    0x080010c6   0x080010c6   0x00000002   PAD
    0x080010c8   0x080010c8   0x00000010   Code   RO         6188    i.Encoder_Start     encoder.o
    0x080010d8   0x080010d8   0x00000074   Code   RO         6293    i.GIMBAL_Feedback_Update  cloudmotor.o
    0x0800114c   0x0800114c   0x00000284   Code   RO         6294    i.GIMBAL_PID_Calc   cloudmotor.o
    0x080013d0   0x080013d0   0x00000044   Code   RO         6295    i.GIMBAL_Set_Contorl  cloudmotor.o
    0x08001414   0x08001414   0x0000004a   Code   RO         6296    i.GIMBAL_relative_angle_limit  cloudmotor.o
    0x0800145e   0x0800145e   0x00000090   Code   RO         2242    i.GPIO_Init         stm32f4xx_gpio.o
    0x080014ee   0x080014ee   0x00000046   Code   RO         2243    i.GPIO_PinAFConfig  stm32f4xx_gpio.o
    0x08001534   0x08001534   0x00000012   Code   RO         2246    i.GPIO_ReadInputDataBit  stm32f4xx_gpio.o
    0x08001546   0x08001546   0x00000004   Code   RO         2249    i.GPIO_ResetBits    stm32f4xx_gpio.o
    0x0800154a   0x0800154a   0x00000004   Code   RO         2250    i.GPIO_SetBits      stm32f4xx_gpio.o
    0x0800154e   0x0800154e   0x00000004   Code   RO          225    i.HardFault_Handler  stm32f4xx_it.o
    0x08001552   0x08001552   0x00000004   Code   RO          226    i.MemManage_Handler  stm32f4xx_it.o
    0x08001556   0x08001556   0x00000002   Code   RO          227    i.NMI_Handler       stm32f4xx_it.o
    0x08001558   0x08001558   0x00000078   Code   RO          448    i.NVIC_Init         misc.o
    0x080015d0   0x080015d0   0x00000014   Code   RO          449    i.NVIC_PriorityGroupConfig  misc.o
    0x080015e4   0x080015e4   0x000001f0   Code   RO         5995    i.PID_Calc          pid.o
    0x080017d4   0x080017d4   0x00000060   Code   RO         5996    i.PID_Init          pid.o
    0x08001834   0x08001834   0x00000002   Code   RO          228    i.PendSV_Handler    stm32f4xx_it.o
    0x08001836   0x08001836   0x00000002   PAD
    0x08001838   0x08001838   0x00000020   Code   RO         3106    i.RCC_AHB1PeriphClockCmd  stm32f4xx_rcc.o
    0x08001858   0x08001858   0x00000020   Code   RO         3115    i.RCC_APB1PeriphClockCmd  stm32f4xx_rcc.o
    0x08001878   0x08001878   0x00000020   Code   RO         3117    i.RCC_APB1PeriphResetCmd  stm32f4xx_rcc.o
    0x08001898   0x08001898   0x00000020   Code   RO         3118    i.RCC_APB2PeriphClockCmd  stm32f4xx_rcc.o
    0x080018b8   0x080018b8   0x00000020   Code   RO         3120    i.RCC_APB2PeriphResetCmd  stm32f4xx_rcc.o
    0x080018d8   0x080018d8   0x000000e8   Code   RO         3127    i.RCC_GetClocksFreq  stm32f4xx_rcc.o
    0x080019c0   0x080019c0   0x0000014c   Code   RO         5471    i.RC_Init           rc.o
    0x08001b0c   0x08001b0c   0x000000da   Code   RO         5929    i.SBUS_TO_RC        remote_control.o
    0x08001be6   0x08001be6   0x00000002   Code   RO          229    i.SVC_Handler       stm32f4xx_it.o
    0x08001be8   0x08001be8   0x00000120   Code   RO          404    i.SetSysClock       system_stm32f4xx.o
    0x08001d08   0x08001d08   0x00000064   Code   RO         5616    i.Set_ChassisMotor_Current  can.o
    0x08001d6c   0x08001d6c   0x00000058   Code   RO         5617    i.Set_CloudMotor_Current  can.o
    0x08001dc4   0x08001dc4   0x0000013c   Code   RO         6024    i.Shoot_Feedback_Update  shoot.o
    0x08001f00   0x08001f00   0x00000134   Code   RO         6025    i.Shoot_Set_Mode    shoot.o
    0x08002034   0x08002034   0x00000028   Code   RO          452    i.SysTick_CLKSourceConfig  misc.o
    0x0800205c   0x0800205c   0x00000002   Code   RO          230    i.SysTick_Handler   stm32f4xx_it.o
    0x0800205e   0x0800205e   0x00000002   PAD
    0x08002060   0x08002060   0x00000068   Code   RO          406    i.SystemInit        system_stm32f4xx.o
    0x080020c8   0x080020c8   0x00000068   Code   RO         5710    i.TIM6_Configuration  timer.o
    0x08002130   0x08002130   0x0000002c   Code   RO            4    i.TIM6_DAC_IRQHandler  main.o
    0x0800215c   0x0800215c   0x00000018   Code   RO         4438    i.TIM_ARRPreloadConfig  stm32f4xx_tim.o
    0x08002174   0x08002174   0x00000006   Code   RO         4444    i.TIM_ClearFlag     stm32f4xx_tim.o
    0x0800217a   0x0800217a   0x00000006   Code   RO         4445    i.TIM_ClearITPendingBit  stm32f4xx_tim.o
    0x08002180   0x08002180   0x00000018   Code   RO         4450    i.TIM_Cmd           stm32f4xx_tim.o
    0x08002198   0x08002198   0x0000001e   Code   RO         4452    i.TIM_CtrlPWMOutputs  stm32f4xx_tim.o
    0x080021b6   0x080021b6   0x00000022   Code   RO         4471    i.TIM_GetITStatus   stm32f4xx_tim.o
    0x080021d8   0x080021d8   0x00000012   Code   RO         4475    i.TIM_ITConfig      stm32f4xx_tim.o
    0x080021ea   0x080021ea   0x00000002   PAD
    0x080021ec   0x080021ec   0x0000007c   Code   RO         4479    i.TIM_OC1Init       stm32f4xx_tim.o
    0x08002268   0x08002268   0x00000012   Code   RO         4482    i.TIM_OC1PreloadConfig  stm32f4xx_tim.o
    0x0800227a   0x0800227a   0x00000002   PAD
    0x0800227c   0x0800227c   0x00000078   Code   RO         4494    i.TIM_OC4Init       stm32f4xx_tim.o
    0x080022f4   0x080022f4   0x0000001a   Code   RO         4496    i.TIM_OC4PreloadConfig  stm32f4xx_tim.o
    0x0800230e   0x0800230e   0x00000004   Code   RO         4512    i.TIM_SetCompare1   stm32f4xx_tim.o
    0x08002312   0x08002312   0x00000004   Code   RO         4515    i.TIM_SetCompare4   stm32f4xx_tim.o
    0x08002316   0x08002316   0x00000002   PAD
    0x08002318   0x08002318   0x00000084   Code   RO         4522    i.TIM_TimeBaseInit  stm32f4xx_tim.o
    0x0800239c   0x0800239c   0x000000d4   Code   RO         6026    i.TriggerMotor_PID_Config  shoot.o
    0x08002470   0x08002470   0x000000e4   Code   RO         5930    i.USART1_IRQHandler  remote_control.o
    0x08002554   0x08002554   0x00000088   Code   RO         5314    i.USART6_IRQHandler  usart.o
    0x080025dc   0x080025dc   0x00000012   Code   RO         4996    i.USART_ClearFlag   stm32f4xx_usart.o
    0x080025ee   0x080025ee   0x00000018   Code   RO         5000    i.USART_Cmd         stm32f4xx_usart.o
    0x08002606   0x08002606   0x00000012   Code   RO         5001    i.USART_DMACmd      stm32f4xx_usart.o
    0x08002618   0x08002618   0x000000f0   Code   RO         5002    i.USART_DeInit      stm32f4xx_usart.o
    0x08002708   0x08002708   0x00000054   Code   RO         5004    i.USART_GetITStatus  stm32f4xx_usart.o
    0x0800275c   0x0800275c   0x0000004a   Code   RO         5006    i.USART_ITConfig    stm32f4xx_usart.o
    0x080027a6   0x080027a6   0x00000002   PAD
    0x080027a8   0x080027a8   0x000000d4   Code   RO         5007    i.USART_Init        stm32f4xx_usart.o
    0x0800287c   0x0800287c   0x0000000a   Code   RO         5014    i.USART_ReceiveData  stm32f4xx_usart.o
    0x08002886   0x08002886   0x00000004   Code   RO          231    i.UsageFault_Handler  stm32f4xx_it.o
    0x0800288a   0x0800288a   0x0000000e   Code   RO         6620    i.__scatterload_copy  mc_w.l(handlers.o)
    0x08002898   0x08002898   0x00000002   Code   RO         6621    i.__scatterload_null  mc_w.l(handlers.o)
    0x0800289a   0x0800289a   0x0000000e   Code   RO         6622    i.__scatterload_zeroinit  mc_w.l(handlers.o)
    0x080028a8   0x080028a8   0x000000e0   Code   RO         6377    i.chassis_control_loop  chassismotor.o
    0x08002988   0x08002988   0x00000130   Code   RO         6378    i.chassis_feedback_update  chassismotor.o
    0x08002ab8   0x08002ab8   0x0000011c   Code   RO         6379    i.chassis_infantry_follow_gimbal_yaw_control  chassismotor.o
    0x08002bd4   0x08002bd4   0x000000c8   Code   RO         6380    i.chassis_init      chassismotor.o
    0x08002c9c   0x08002c9c   0x0000015c   Code   RO         6381    i.chassis_rc_to_control_vector  chassismotor.o
    0x08002df8   0x08002df8   0x00000100   Code   RO         6382    i.chassis_set_contorl  chassismotor.o
    0x08002ef8   0x08002ef8   0x0000008c   Code   RO         6383    i.chassis_vector_to_mecanum_wheel_speed  chassismotor.o
    0x08002f84   0x08002f84   0x0000003c   Code   RO         5246    i.delay_init        delay.o
    0x08002fc0   0x08002fc0   0x0000004c   Code   RO         5248    i.delay_us          delay.o
    0x0800300c   0x0800300c   0x00000054   Code   RO         5359    i.first_order_filter_cali  user_lib.o
    0x08003060   0x08003060   0x00000024   Code   RO         5360    i.first_order_filter_init  user_lib.o
    0x08003084   0x08003084   0x0000002a   Code   RO         5361    i.fp32_constrain    user_lib.o
    0x080030ae   0x080030ae   0x00000002   PAD
    0x080030b0   0x080030b0   0x00000014   Code   RO         5754    i.fric1_on          fric.o
    0x080030c4   0x080030c4   0x00000014   Code   RO         5755    i.fric2_on          fric.o
    0x080030d8   0x080030d8   0x00000144   Code   RO         5756    i.fric_PWM_configuration  fric.o
    0x0800321c   0x0800321c   0x0000001c   Code   RO         5757    i.fric_off          fric.o
    0x08003238   0x08003238   0x000000c4   Code   RO         6191    i.getEncoderData    encoder.o
    0x080032fc   0x080032fc   0x00000008   Code   RO         6297    i.get_pitch_motor_point  cloudmotor.o
    0x08003304   0x08003304   0x00000008   Code   RO         5931    i.get_remote_control_point  remote_control.o
    0x0800330c   0x0800330c   0x00000008   Code   RO         6298    i.get_yaw_motor_point  cloudmotor.o
    0x08003314   0x08003314   0x000000f4   Code   RO         6299    i.gimbal_behaviour_control_set  cloudmotor.o
    0x08003408   0x08003408   0x0000003e   Code   RO         6300    i.gimbal_motor_relative_angle_control  cloudmotor.o
    0x08003446   0x08003446   0x00000002   PAD
    0x08003448   0x08003448   0x0000003c   Code   RO         5672    i.laser_configuration  laser.o
    0x08003484   0x08003484   0x00000014   Code   RO         5673    i.laser_off         laser.o
    0x08003498   0x08003498   0x00000014   Code   RO         5674    i.laser_on          laser.o
    0x080034ac   0x080034ac   0x00000060   Code   RO         5366    i.loop_fp32_constrain  user_lib.o
    0x0800350c   0x0800350c   0x00000008   Code   RO            5    i.main              main.o
    0x08003514   0x08003514   0x00000034   Code   RO         6301    i.motor_ecd_to_angle_change  cloudmotor.o
    0x08003548   0x08003548   0x00000048   Code   RO         5869    i.power_ctrl_configuration  power_ctrl.o
    0x08003590   0x08003590   0x00000020   Code   RO         5870    i.power_ctrl_off    power_ctrl.o
    0x080035b0   0x080035b0   0x00000020   Code   RO         5871    i.power_ctrl_on     power_ctrl.o
    0x080035d0   0x080035d0   0x0000005a   Code   RO         5367    i.ramp_calc         user_lib.o
    0x0800362a   0x0800362a   0x00000002   PAD
    0x0800362c   0x0800362c   0x0000002c   Code   RO         5368    i.ramp_init         user_lib.o
    0x08003658   0x08003658   0x00000014   Code   RO         5932    i.remote_control_init  remote_control.o
    0x0800366c   0x0800366c   0x00000180   Code   RO         6028    i.shoot_control_loop  shoot.o
    0x080037ec   0x080037ec   0x000000b4   Code   RO         5316    i.uart_init         usart.o
    0x080038a0   0x080038a0   0x0000000c   Data   RO         6032    .constdata          shoot.o
    0x080038ac   0x080038ac   0x00000030   Data   RO         6303    .constdata          cloudmotor.o
    0x080038dc   0x080038dc   0x00000020   Data   RO         6385    .constdata          chassismotor.o
    0x080038fc   0x080038fc   0x00000804   Data   RO         6576    .constdata          arm_cortexM4lf_math.lib(arm_common_tables.o)
    0x08004100   0x08004100   0x00000020   Data   RO         6618    Region$$Table       anon$$obj.o


    Execution Region RW_IRAM1 (Exec base: 0x20000000, Load base: 0x08004120, Size: 0x00000dd0, Max: 0x00030000, ABSOLUTE)

    Exec Addr    Load Addr    Size         Type   Attr      Idx    E Section Name        Object

    0x20000000   0x08004120   0x00000010   Data   RW         3159    .data               stm32f4xx_rcc.o
    0x20000010   0x08004130   0x00000004   Data   RW         5250    .data               delay.o
    0x20000014   0x08004134   0x00000002   Data   RW         5318    .data               usart.o
    0x20000016   0x08004136   0x00000002   Data   RW         5936    .data               remote_control.o
    0x20000018   0x08004138   0x0000000d   Data   RW         6033    .data               shoot.o
    0x20000025   0x08004145   0x00000003   PAD
    0x20000028   0x08004148   0x00000008   Data   RW         6239    .data               control_task.o
    0x20000030   0x08004150   0x00000018   Data   RW         6304    .data               cloudmotor.o
    0x20000048   0x08004168   0x0000000d   Data   RW         6386    .data               chassismotor.o
    0x20000055   0x08004175   0x00000003   PAD
    0x20000058        -       0x000000c8   Zero   RW         5317    .bss                usart.o
    0x20000120        -       0x0000005e   Zero   RW         5935    .bss                remote_control.o
    0x2000017e   0x08004175   0x00000002   PAD
    0x20000180        -       0x000000b4   Zero   RW         6031    .bss                shoot.o
    0x20000234        -       0x00000220   Zero   RW         6192    .bss                encoder.o
    0x20000454        -       0x00000338   Zero   RW         6302    .bss                cloudmotor.o
    0x2000078c        -       0x00000244   Zero   RW         6384    .bss                chassismotor.o
    0x200009d0        -       0x00000400   Zero   RW          439    STACK               startup_stm32f427x.o


==============================================================================

Image component sizes


      Code (inc. data)   RO Data    RW Data    ZI Data      Debug   Object Name

       640         36          0          0          0       4172   can.o
      1756        166         32         13        580      13421   chassismotor.o
      1644        148         48         24        824      13480   cloudmotor.o
       184         18          0          8          0       4875   control_task.o
       136         12          0          4          0       1336   delay.o
       348         46          0          0        544       3022   encoder.o
       392         34          0          0          0      30090   fric.o
       100         18          0          0          0       1613   laser.o
       144          4          0          0          0       3744   main.o
       180         24          0          0          0     245949   misc.o
       592          8          0          0          0       2506   pid.o
       136         18          0          0          0       1884   power_ctrl.o
       332         20          0          0          0     290590   rc.o
       474         32          0          2         94       4825   remote_control.o
      1220        142         12         13        180      10003   shoot.o
        36          8        428          0       1024        840   startup_stm32f427x.o
      1710         26          0          0          0       8252   stm32f4xx_can.o
       584         40          0          0          0       6796   stm32f4xx_dma.o
       240          0          0          0          0       3559   stm32f4xx_gpio.o
        26          0          0          0          0      67862   stm32f4xx_it.o
       392         48          0         16          0       5849   stm32f4xx_rcc.o
       570         46          0          0          0       9252   stm32f4xx_tim.o
       680         42          0          0          0       6186   stm32f4xx_usart.o
       392         32          0          0          0       1525   system_stm32f4xx.o
       104          6          0          0          0        609   timer.o
       316         22          0          2        200       1980   usart.o
       392          8          0          0          0       5855   user_lib.o

    ----------------------------------------------------------------------
     13746       1004        552         88       3448     750075   Object Totals
         0          0         32          0          0          0   (incl. Generated)
        26          0          0          6          2          0   (incl. Padding)

    ----------------------------------------------------------------------

      Code (inc. data)   RO Data    RW Data    ZI Data      Debug   Library Member Name

         0          0       2052          0          0       4636   arm_common_tables.o
       120         12          0          0          0      16970   arm_cos_f32.o
       116         12          0          0          0        658   arm_sin_f32.o
         0          0          0          0          0          0   entry.o
         0          0          0          0          0          0   entry10a.o
         0          0          0          0          0          0   entry11a.o
         8          4          0          0          0          0   entry2.o
         4          0          0          0          0          0   entry5.o
         0          0          0          0          0          0   entry7b.o
         0          0          0          0          0          0   entry8b.o
         8          4          0          0          0          0   entry9a.o
        30          0          0          0          0          0   handlers.o
        36          8          0          0          0         68   init.o

    ----------------------------------------------------------------------
       322         40       2052          0          0      22332   Library Totals
         0          0          0          0          0          0   (incl. Padding)

    ----------------------------------------------------------------------

      Code (inc. data)   RO Data    RW Data    ZI Data      Debug   Library Name

       236         24       2052          0          0      22264   arm_cortexM4lf_math.lib
        86         16          0          0          0         68   mc_w.l

    ----------------------------------------------------------------------
       322         40       2052          0          0      22332   Library Totals

    ----------------------------------------------------------------------

==============================================================================


      Code (inc. data)   RO Data    RW Data    ZI Data      Debug   

     14068       1044       2604         88       3448     760711   Grand Totals
     14068       1044       2604         88       3448     760711   ELF Image Totals
     14068       1044       2604         88          0          0   ROM Totals

==============================================================================

    Total RO  Size (Code + RO Data)                16672 (  16.28kB)
    Total RW  Size (RW Data + ZI Data)              3536 (   3.45kB)
    Total ROM Size (Code + RO Data + RW Data)      16760 (  16.37kB)

==============================================================================

