Component: ARM Compiler 5.06 update 5 (build 528) Tool: armlink [4d35e2]

==============================================================================

Section Cross References

    main.o(i.BSP_init) refers to delay.o(i.delay_init) for delay_init
    main.o(i.BSP_init) refers to usart.o(i.uart_init) for uart_init
    main.o(i.BSP_init) refers to misc.o(i.NVIC_PriorityGroupConfig) for NVIC_PriorityGroupConfig
    main.o(i.BSP_init) refers to laser.o(i.laser_configuration) for laser_configuration
    main.o(i.BSP_init) refers to can.o(i.CAN_Configure) for CAN_Configure
    main.o(i.BSP_init) refers to encoder.o(i.Encoder_Start) for Encoder_Start
    main.o(i.BSP_init) refers to timer.o(i.TIM6_Configuration) for TIM6_Configuration
    main.o(i.BSP_init) refers to remote_control.o(i.remote_control_init) for remote_control_init
    main.o(i.BSP_init) refers to chassismotor.o(i.chassis_init) for chassis_init
    main.o(i.BSP_init) refers to cloudmotor.o(i.CloudMotor_Config) for CloudMotor_Config
    main.o(i.BSP_init) refers to shoot.o(i.TriggerMotor_PID_Config) for TriggerMotor_PID_Config
    main.o(i.BSP_init) refers to power_ctrl.o(i.power_ctrl_configuration) for power_ctrl_configuration
    main.o(i.BSP_init) refers to fric.o(i.fric_PWM_configuration) for fric_PWM_configuration
    main.o(i.BSP_init) refers to power_ctrl.o(i.power_ctrl_on) for power_ctrl_on
    main.o(i.BSP_init) refers to delay.o(i.delay_us) for delay_us
    main.o(i.TIM6_DAC_IRQHandler) refers to stm32f4xx_tim.o(i.TIM_GetITStatus) for TIM_GetITStatus
    main.o(i.TIM6_DAC_IRQHandler) refers to stm32f4xx_tim.o(i.TIM_ClearITPendingBit) for TIM_ClearITPendingBit
    main.o(i.TIM6_DAC_IRQHandler) refers to stm32f4xx_tim.o(i.TIM_ClearFlag) for TIM_ClearFlag
    main.o(i.TIM6_DAC_IRQHandler) refers to remote_control.o(i.get_remote_control_point) for get_remote_control_point
    main.o(i.TIM6_DAC_IRQHandler) refers to control_task.o(i.Control_Task) for Control_Task
    main.o(i.main) refers to main.o(i.BSP_init) for BSP_init
    system_stm32f4xx.o(i.SystemCoreClockUpdate) refers to system_stm32f4xx.o(.data) for SystemCoreClock
    system_stm32f4xx.o(i.SystemInit) refers to system_stm32f4xx.o(i.SetSysClock) for SetSysClock
    startup_stm32f427x.o(RESET) refers to startup_stm32f427x.o(STACK) for __initial_sp
    startup_stm32f427x.o(RESET) refers to startup_stm32f427x.o(.text) for Reset_Handler
    startup_stm32f427x.o(RESET) refers to stm32f4xx_it.o(i.NMI_Handler) for NMI_Handler
    startup_stm32f427x.o(RESET) refers to stm32f4xx_it.o(i.HardFault_Handler) for HardFault_Handler
    startup_stm32f427x.o(RESET) refers to stm32f4xx_it.o(i.MemManage_Handler) for MemManage_Handler
    startup_stm32f427x.o(RESET) refers to stm32f4xx_it.o(i.BusFault_Handler) for BusFault_Handler
    startup_stm32f427x.o(RESET) refers to stm32f4xx_it.o(i.UsageFault_Handler) for UsageFault_Handler
    startup_stm32f427x.o(RESET) refers to stm32f4xx_it.o(i.SVC_Handler) for SVC_Handler
    startup_stm32f427x.o(RESET) refers to stm32f4xx_it.o(i.DebugMon_Handler) for DebugMon_Handler
    startup_stm32f427x.o(RESET) refers to stm32f4xx_it.o(i.PendSV_Handler) for PendSV_Handler
    startup_stm32f427x.o(RESET) refers to stm32f4xx_it.o(i.SysTick_Handler) for SysTick_Handler
    startup_stm32f427x.o(RESET) refers to can.o(i.CAN1_TX_IRQHandler) for CAN1_TX_IRQHandler
    startup_stm32f427x.o(RESET) refers to can.o(i.CAN1_RX0_IRQHandler) for CAN1_RX0_IRQHandler
    startup_stm32f427x.o(RESET) refers to remote_control.o(i.USART1_IRQHandler) for USART1_IRQHandler
    startup_stm32f427x.o(RESET) refers to main.o(i.TIM6_DAC_IRQHandler) for TIM6_DAC_IRQHandler
    startup_stm32f427x.o(RESET) refers to usart.o(i.USART6_IRQHandler) for USART6_IRQHandler
    startup_stm32f427x.o(.text) refers to system_stm32f4xx.o(i.SystemInit) for SystemInit
    startup_stm32f427x.o(.text) refers to entry.o(.ARM.Collect$$$$00000000) for __main
    stm32f4xx_adc.o(i.ADC_DeInit) refers to stm32f4xx_rcc.o(i.RCC_APB2PeriphResetCmd) for RCC_APB2PeriphResetCmd
    stm32f4xx_can.o(i.CAN_DeInit) refers to stm32f4xx_rcc.o(i.RCC_APB1PeriphResetCmd) for RCC_APB1PeriphResetCmd
    stm32f4xx_can.o(i.CAN_GetITStatus) refers to stm32f4xx_can.o(i.CheckITStatus) for CheckITStatus
    stm32f4xx_cryp.o(i.CRYP_DeInit) refers to stm32f4xx_rcc.o(i.RCC_AHB2PeriphResetCmd) for RCC_AHB2PeriphResetCmd
    stm32f4xx_cryp_aes.o(i.CRYP_AES_CBC) refers to stm32f4xx_cryp.o(i.CRYP_KeyStructInit) for CRYP_KeyStructInit
    stm32f4xx_cryp_aes.o(i.CRYP_AES_CBC) refers to stm32f4xx_cryp.o(i.CRYP_FIFOFlush) for CRYP_FIFOFlush
    stm32f4xx_cryp_aes.o(i.CRYP_AES_CBC) refers to stm32f4xx_cryp.o(i.CRYP_Init) for CRYP_Init
    stm32f4xx_cryp_aes.o(i.CRYP_AES_CBC) refers to stm32f4xx_cryp.o(i.CRYP_KeyInit) for CRYP_KeyInit
    stm32f4xx_cryp_aes.o(i.CRYP_AES_CBC) refers to stm32f4xx_cryp.o(i.CRYP_Cmd) for CRYP_Cmd
    stm32f4xx_cryp_aes.o(i.CRYP_AES_CBC) refers to stm32f4xx_cryp.o(i.CRYP_GetFlagStatus) for CRYP_GetFlagStatus
[...]
    Removing stm32f4xx_tim.o(i.TIM_EncoderInterfaceConfig), (66 bytes).
    Removing stm32f4xx_tim.o(i.TIM_ForcedOC1Config), (18 bytes).
    Removing stm32f4xx_tim.o(i.TIM_ForcedOC2Config), (26 bytes).
    Removing stm32f4xx_tim.o(i.TIM_ForcedOC3Config), (18 bytes).
    Removing stm32f4xx_tim.o(i.TIM_ForcedOC4Config), (26 bytes).
    Removing stm32f4xx_tim.o(i.TIM_GenerateEvent), (4 bytes).
    Removing stm32f4xx_tim.o(i.TIM_GetCapture1), (6 bytes).
    Removing stm32f4xx_tim.o(i.TIM_GetCapture2), (6 bytes).
    Removing stm32f4xx_tim.o(i.TIM_GetCapture3), (6 bytes).
    Removing stm32f4xx_tim.o(i.TIM_GetCapture4), (6 bytes).
    Removing stm32f4xx_tim.o(i.TIM_GetCounter), (6 bytes).
    Removing stm32f4xx_tim.o(i.TIM_GetFlagStatus), (18 bytes).
    Removing stm32f4xx_tim.o(i.TIM_GetPrescaler), (6 bytes).
    Removing stm32f4xx_tim.o(i.TIM_ICInit), (110 bytes).
    Removing stm32f4xx_tim.o(i.TIM_ICStructInit), (18 bytes).
    Removing stm32f4xx_tim.o(i.TIM_ITRxExternalClockConfig), (24 bytes).
    Removing stm32f4xx_tim.o(i.TIM_InternalClockConfig), (12 bytes).
    Removing stm32f4xx_tim.o(i.TIM_OC1FastConfig), (18 bytes).
    Removing stm32f4xx_tim.o(i.TIM_OC1NPolarityConfig), (18 bytes).
    Removing stm32f4xx_tim.o(i.TIM_OC1PolarityConfig), (18 bytes).
    Removing stm32f4xx_tim.o(i.TIM_OC2FastConfig), (26 bytes).
    Removing stm32f4xx_tim.o(i.TIM_OC2Init), (164 bytes).
    Removing stm32f4xx_tim.o(i.TIM_OC2NPolarityConfig), (26 bytes).
    Removing stm32f4xx_tim.o(i.TIM_OC2PolarityConfig), (26 bytes).
    Removing stm32f4xx_tim.o(i.TIM_OC2PreloadConfig), (26 bytes).
    Removing stm32f4xx_tim.o(i.TIM_OC3FastConfig), (18 bytes).
    Removing stm32f4xx_tim.o(i.TIM_OC3Init), (160 bytes).
    Removing stm32f4xx_tim.o(i.TIM_OC3NPolarityConfig), (26 bytes).
    Removing stm32f4xx_tim.o(i.TIM_OC3PolarityConfig), (26 bytes).
    Removing stm32f4xx_tim.o(i.TIM_OC3PreloadConfig), (18 bytes).
    Removing stm32f4xx_tim.o(i.TIM_OC4FastConfig), (26 bytes).
    Removing stm32f4xx_tim.o(i.TIM_OC4PolarityConfig), (26 bytes).
    Removing stm32f4xx_tim.o(i.TIM_OCStructInit), (20 bytes).
    Removing stm32f4xx_tim.o(i.TIM_PWMIConfig), (124 bytes).
    Removing stm32f4xx_tim.o(i.TIM_PrescalerConfig), (6 bytes).
    Removing stm32f4xx_tim.o(i.TIM_RemapConfig), (6 bytes).
    Removing stm32f4xx_tim.o(i.TIM_SelectCCDMA), (24 bytes).
    Removing stm32f4xx_tim.o(i.TIM_SelectCOM), (24 bytes).
    Removing stm32f4xx_tim.o(i.TIM_SelectHallSensor), (24 bytes).
    Removing stm32f4xx_tim.o(i.TIM_SelectInputTrigger), (18 bytes).
    Removing stm32f4xx_tim.o(i.TIM_SelectMasterSlaveMode), (18 bytes).
    Removing stm32f4xx_tim.o(i.TIM_SelectOCxM), (86 bytes).
    Removing stm32f4xx_tim.o(i.TIM_SelectOnePulseMode), (18 bytes).
    Removing stm32f4xx_tim.o(i.TIM_SelectOutputTrigger), (18 bytes).
    Removing stm32f4xx_tim.o(i.TIM_SelectSlaveMode), (18 bytes).
    Removing stm32f4xx_tim.o(i.TIM_SetAutoreload), (4 bytes).
    Removing stm32f4xx_tim.o(i.TIM_SetClockDivision), (18 bytes).
    Removing stm32f4xx_tim.o(i.TIM_SetCompare2), (4 bytes).
    Removing stm32f4xx_tim.o(i.TIM_SetCompare3), (4 bytes).
    Removing stm32f4xx_tim.o(i.TIM_SetCounter), (4 bytes).
    Removing stm32f4xx_tim.o(i.TIM_SetIC1Prescaler), (18 bytes).
    Removing stm32f4xx_tim.o(i.TIM_SetIC2Prescaler), (26 bytes).
    Removing stm32f4xx_tim.o(i.TIM_SetIC3Prescaler), (18 bytes).
    Removing stm32f4xx_tim.o(i.TIM_SetIC4Prescaler), (26 bytes).
    Removing stm32f4xx_tim.o(i.TIM_TIxExternalClockConfig), (62 bytes).
    Removing stm32f4xx_tim.o(i.TIM_TimeBaseStructInit), (18 bytes).
    Removing stm32f4xx_tim.o(i.TIM_UpdateDisableConfig), (24 bytes).
    Removing stm32f4xx_tim.o(i.TIM_UpdateRequestConfig), (24 bytes).
    Removing stm32f4xx_usart.o(.rev16_text), (4 bytes).
    Removing stm32f4xx_usart.o(.revsh_text), (4 bytes).
    Removing stm32f4xx_usart.o(i.USART_ClearITPendingBit), (30 bytes).
    Removing stm32f4xx_usart.o(i.USART_ClockInit), (32 bytes).
    Removing stm32f4xx_usart.o(i.USART_ClockStructInit), (12 bytes).
    Removing stm32f4xx_usart.o(i.USART_GetFlagStatus), (26 bytes).
    Removing stm32f4xx_usart.o(i.USART_HalfDuplexCmd), (24 bytes).
    Removing stm32f4xx_usart.o(i.USART_IrDACmd), (24 bytes).
    Removing stm32f4xx_usart.o(i.USART_IrDAConfig), (18 bytes).
    Removing stm32f4xx_usart.o(i.USART_LINBreakDetectLengthConfig), (18 bytes).
    Removing stm32f4xx_usart.o(i.USART_LINCmd), (24 bytes).
    Removing stm32f4xx_usart.o(i.USART_OneBitMethodCmd), (24 bytes).
    Removing stm32f4xx_usart.o(i.USART_OverSampling8Cmd), (22 bytes).
    Removing stm32f4xx_usart.o(i.USART_ReceiverWakeUpCmd), (24 bytes).
    Removing stm32f4xx_usart.o(i.USART_SendBreak), (10 bytes).
    Removing stm32f4xx_usart.o(i.USART_SendData), (8 bytes).
    Removing stm32f4xx_usart.o(i.USART_SetAddress), (18 bytes).
    Removing stm32f4xx_usart.o(i.USART_SetGuardTime), (16 bytes).
    Removing stm32f4xx_usart.o(i.USART_SetPrescaler), (16 bytes).
    Removing stm32f4xx_usart.o(i.USART_SmartCardCmd), (24 bytes).
    Removing stm32f4xx_usart.o(i.USART_SmartCardNACKCmd), (24 bytes).
    Removing stm32f4xx_usart.o(i.USART_StructInit), (24 bytes).
    Removing stm32f4xx_usart.o(i.USART_WakeUpConfig), (18 bytes).
    Removing stm32f4xx_wwdg.o(.rev16_text), (4 bytes).
    Removing stm32f4xx_wwdg.o(.revsh_text), (4 bytes).
    Removing stm32f4xx_wwdg.o(i.WWDG_ClearFlag), (12 bytes).
    Removing stm32f4xx_wwdg.o(i.WWDG_DeInit), (22 bytes).
    Removing stm32f4xx_wwdg.o(i.WWDG_Enable), (16 bytes).
    Removing stm32f4xx_wwdg.o(i.WWDG_EnableIT), (12 bytes).
    Removing stm32f4xx_wwdg.o(i.WWDG_GetFlagStatus), (20 bytes).
    Removing stm32f4xx_wwdg.o(i.WWDG_SetCounter), (16 bytes).
    Removing stm32f4xx_wwdg.o(i.WWDG_SetPrescaler), (24 bytes).
    Removing stm32f4xx_wwdg.o(i.WWDG_SetWindowValue), (40 bytes).
    Removing delay.o(.rev16_text), (4 bytes).
    Removing delay.o(.revsh_text), (4 bytes).
    Removing delay.o(i.delay_ms), (56 bytes).
    Removing delay.o(i.delay_xms), (76 bytes).
    Removing sys.o(.rev16_text), (4 bytes).
    Removing sys.o(.revsh_text), (4 bytes).
    Removing sys.o(.emb_text), (16 bytes).
    Removing usart.o(.rev16_text), (4 bytes).
    Removing usart.o(.revsh_text), (4 bytes).
    Removing usart.o(i.GetKey), (32 bytes).
    Removing usart.o(i.fputc), (28 bytes).
    Removing user_lib.o(.rev16_text), (4 bytes).
    Removing user_lib.o(.revsh_text), (4 bytes).
    Removing user_lib.o(i.abs_limit), (48 bytes).
    Removing user_lib.o(i.fp32_deadline), (36 bytes).
    Removing user_lib.o(i.int16_constrain), (22 bytes).
    Removing user_lib.o(i.int16_deadline), (12 bytes).
    Removing user_lib.o(i.invSqrt), (60 bytes).
    Removing user_lib.o(i.loop_fp32_constrain), (96 bytes).
    Removing user_lib.o(i.ramp_calc), (90 bytes).
    Removing user_lib.o(i.ramp_init), (44 bytes).
    Removing user_lib.o(i.sign), (26 bytes).
    Removing user_lib.o(i.theta_format), (32 bytes).
    Removing rc.o(.rev16_text), (4 bytes).
    Removing rc.o(.revsh_text), (4 bytes).
    Removing rc.o(i.RC_restart), (84 bytes).
    Removing rc.o(i.RC_unable), (16 bytes).
    Removing rng.o(.rev16_text), (4 bytes).
    Removing rng.o(.revsh_text), (4 bytes).
    Removing rng.o(i.RNG_get_random_num), (20 bytes).
    Removing rng.o(i.RNG_get_random_range), (26 bytes).
    Removing rng.o(i.RNG_init), (78 bytes).
    Removing can.o(.rev16_text), (4 bytes).
    Removing can.o(.revsh_text), (4 bytes).
    Removing laser.o(.rev16_text), (4 bytes).
    Removing laser.o(.revsh_text), (4 bytes).
    Removing laser.o(i.laser_off), (20 bytes).
    Removing timer.o(.rev16_text), (4 bytes).
    Removing timer.o(.revsh_text), (4 bytes).
    Removing timer.o(i.TIM12_Init), (76 bytes).
    Removing timer.o(i.TIM1_Init), (300 bytes).
    Removing timer.o(i.TIM3_Init), (220 bytes).
    Removing timer.o(i.TIM6_Init), (120 bytes).
    Removing fric.o(.rev16_text), (4 bytes).
    Removing fric.o(.revsh_text), (4 bytes).
    Removing power_ctrl.o(.rev16_text), (4 bytes).
    Removing power_ctrl.o(.revsh_text), (4 bytes).
    Removing power_ctrl.o(i.power_ctrl_toggle), (32 bytes).
    Removing remote_control.o(.rev16_text), (4 bytes).
    Removing remote_control.o(.revsh_text), (4 bytes).
    Removing remote_control.o(i.RC_abs), (16 bytes).
    Removing remote_control.o(i.RC_data_is_error), (152 bytes).
    Removing remote_control.o(i.slove_RC_lost), (10 bytes).
    Removing remote_control.o(i.slove_data_error), (10 bytes).
    Removing pid.o(i.PID_clear), (76 bytes).
    Removing shoot.o(.rev16_text), (4 bytes).
    Removing shoot.o(.revsh_text), (4 bytes).
    Removing encoder.o(.rev16_text), (4 bytes).
    Removing encoder.o(.revsh_text), (4 bytes).
    Removing encoder.o(i.GetQuadEncoderDiff), (28 bytes).
    Removing encoder.o(i.Quad_Encoder_Configuration), (120 bytes).
    Removing encoder.o(.data), (4 bytes).
    Removing control_task.o(.rev16_text), (4 bytes).
    Removing control_task.o(.revsh_text), (4 bytes).
    Removing cloudmotor.o(.rev16_text), (4 bytes).
    Removing cloudmotor.o(.revsh_text), (4 bytes).
    Removing chassismotor.o(.rev16_text), (4 bytes).
    Removing chassismotor.o(.revsh_text), (4 bytes).
    Removing arm_cos_f32.o(.rev16_text), (4 bytes).
    Removing arm_cos_f32.o(.revsh_text), (4 bytes).
    Removing arm_cos_f32.o(.rrx_text), (6 bytes).
    Removing arm_sin_f32.o(.rev16_text), (4 bytes).
    Removing arm_sin_f32.o(.revsh_text), (4 bytes).
    Removing arm_sin_f32.o(.rrx_text), (6 bytes).
    Removing arm_common_tables.o(.rev16_text), (4 bytes).
    Removing arm_common_tables.o(.revsh_text), (4 bytes).
    Removing arm_common_tables.o(.rrx_text), (6 bytes).
    Removing arm_common_tables.o(.constdata), (2048 bytes).
    Removing arm_common_tables.o(.constdata), (128 bytes).
    Removing arm_common_tables.o(.constdata), (256 bytes).
    Removing arm_common_tables.o(.constdata), (512 bytes).
    Removing arm_common_tables.o(.constdata), (1024 bytes).
    Removing arm_common_tables.o(.constdata), (2048 bytes).
    Removing arm_common_tables.o(.constdata), (4096 bytes).
    Removing arm_common_tables.o(.constdata), (8192 bytes).
    Removing arm_common_tables.o(.constdata), (16384 bytes).
    Removing arm_common_tables.o(.constdata), (32768 bytes).
    Removing arm_common_tables.o(.constdata), (96 bytes).
    Removing arm_common_tables.o(.constdata), (192 bytes).
    Removing arm_common_tables.o(.constdata), (384 bytes).
    Removing arm_common_tables.o(.constdata), (768 bytes).
    Removing arm_common_tables.o(.constdata), (1536 bytes).
    Removing arm_common_tables.o(.constdata), (3072 bytes).
    Removing arm_common_tables.o(.constdata), (6144 bytes).
    Removing arm_common_tables.o(.constdata), (12288 bytes).
    Removing arm_common_tables.o(.constdata), (24576 bytes).
    Removing arm_common_tables.o(.constdata), (48 bytes).
    Removing arm_common_tables.o(.constdata), (96 bytes).
    Removing arm_common_tables.o(.constdata), (192 bytes).
    Removing arm_common_tables.o(.constdata), (384 bytes).
    Removing arm_common_tables.o(.constdata), (768 bytes).
    Removing arm_common_tables.o(.constdata), (1536 bytes).
    Removing arm_common_tables.o(.constdata), (3072 bytes).
    Removing arm_common_tables.o(.constdata), (6144 bytes).
    Removing arm_common_tables.o(.constdata), (12288 bytes).
    Removing arm_common_tables.o(.constdata), (128 bytes).
    Removing arm_common_tables.o(.constdata), (256 bytes).
    Removing arm_common_tables.o(.constdata), (40 bytes).
    Removing arm_common_tables.o(.constdata), (96 bytes).
    Removing arm_common_tables.o(.constdata), (112 bytes).
    Removing arm_common_tables.o(.constdata), (416 bytes).
    Removing arm_common_tables.o(.constdata), (880 bytes).
    Removing arm_common_tables.o(.constdata), (896 bytes).
    Removing arm_common_tables.o(.constdata), (3600 bytes).
    Removing arm_common_tables.o(.constdata), (7616 bytes).
    Removing arm_common_tables.o(.constdata), (8064 bytes).
    Removing arm_common_tables.o(.constdata), (24 bytes).
    Removing arm_common_tables.o(.constdata), (48 bytes).
    Removing arm_common_tables.o(.constdata), (112 bytes).
    Removing arm_common_tables.o(.constdata), (224 bytes).
    Removing arm_common_tables.o(.constdata), (480 bytes).
    Removing arm_common_tables.o(.constdata), (960 bytes).
    Removing arm_common_tables.o(.constdata), (1984 bytes).
    Removing arm_common_tables.o(.constdata), (3968 bytes).
    Removing arm_common_tables.o(.constdata), (8064 bytes).
    Removing arm_common_tables.o(.constdata), (128 bytes).
    Removing arm_common_tables.o(.constdata), (256 bytes).
    Removing arm_common_tables.o(.constdata), (512 bytes).
    Removing arm_common_tables.o(.constdata), (1024 bytes).
    Removing arm_common_tables.o(.constdata), (2048 bytes).
    Removing arm_common_tables.o(.constdata), (4096 bytes).
    Removing arm_common_tables.o(.constdata), (8192 bytes).
    Removing arm_common_tables.o(.constdata), (16384 bytes).
    Removing arm_common_tables.o(.constdata), (2052 bytes).
    Removing arm_common_tables.o(.constdata), (1026 bytes).

873 unused section(s) (total 250020 bytes) removed from the image.

==============================================================================

Image Symbol Table

    Local Symbols

    Symbol Name                              Value     Ov Type        Size  Object(Section)

    ../clib/microlib/init/entry.s            0x00000000   Number         0  entry10b.o ABSOLUTE
    ../clib/microlib/init/entry.s            0x00000000   Number         0  entry5.o ABSOLUTE
    ../clib/microlib/init/entry.s            0x00000000   Number         0  entry11b.o ABSOLUTE
    ../clib/microlib/init/entry.s            0x00000000   Number         0  entry7a.o ABSOLUTE
    ../clib/microlib/init/entry.s            0x00000000   Number         0  entry9b.o ABSOLUTE
    ../clib/microlib/init/entry.s            0x00000000   Number         0  entry7b.o ABSOLUTE
    ../clib/microlib/init/entry.s            0x00000000   Number         0  entry8a.o ABSOLUTE
    ../clib/microlib/init/entry.s            0x00000000   Number         0  entry8b.o ABSOLUTE
    ../clib/microlib/init/entry.s            0x00000000   Number         0  entry10a.o ABSOLUTE
    ../clib/microlib/init/entry.s            0x00000000   Number         0  entry9a.o ABSOLUTE
    ../clib/microlib/init/entry.s            0x00000000   Number         0  entry.o ABSOLUTE
    ../clib/microlib/init/entry.s            0x00000000   Number         0  entry2.o ABSOLUTE
    ../clib/microlib/init/entry.s            0x00000000   Number         0  entry11a.o ABSOLUTE
    ..\APP\ChassisMotor.c                    0x00000000   Number         0  chassismotor.o ABSOLUTE
    ..\APP\CloudMotor.c                      0x00000000   Number         0  cloudmotor.o ABSOLUTE
    ..\APP\Control_Task.c                    0x00000000   Number         0  control_task.o ABSOLUTE
    ..\APP\Encoder.c                         0x00000000   Number         0  encoder.o ABSOLUTE
    ..\CORE\startup_stm32f427x.s             0x00000000   Number         0  startup_stm32f427x.o ABSOLUTE
    ..\CommonTables\arm_common_tables.c      0x00000000   Number         0  arm_common_tables.o ABSOLUTE
    ..\FUNCTION\APP\pid\pid.c                0x00000000   Number         0  pid.o ABSOLUTE
    ..\FUNCTION\APP\remote_control\remote_control.c 0x00000000   Number         0  remote_control.o ABSOLUTE
    ..\FUNCTION\APP\shoot\shoot.c            0x00000000   Number         0  shoot.o ABSOLUTE
    ..\FUNCTION\hardware\can\can.c           0x00000000   Number         0  can.o ABSOLUTE
    ..\FUNCTION\hardware\fric\fric.c         0x00000000   Number         0  fric.o ABSOLUTE
    ..\FUNCTION\hardware\laser\laser.c       0x00000000   Number         0  laser.o ABSOLUTE
    ..\FUNCTION\hardware\power_ctrl\power_ctrl.c 0x00000000   Number         0  power_ctrl.o ABSOLUTE
    ..\FUNCTION\hardware\rc\rc.c             0x00000000   Number         0  rc.o ABSOLUTE
    ..\FUNCTION\hardware\rng\rng.c           0x00000000   Number         0  rng.o ABSOLUTE
    ..\FUNCTION\hardware\timer\timer.c       0x00000000   Number         0  timer.o ABSOLUTE
    ..\FUNCTION\user_lib\user_lib.c          0x00000000   Number         0  user_lib.o ABSOLUTE
    ..\FWLIB\src\misc.c                      0x00000000   Number         0  misc.o ABSOLUTE
    ..\FWLIB\src\stm32f4xx_adc.c             0x00000000   Number         0  stm32f4xx_adc.o ABSOLUTE
    ..\FWLIB\src\stm32f4xx_can.c             0x00000000   Number         0  stm32f4xx_can.o ABSOLUTE
    ..\FWLIB\src\stm32f4xx_crc.c             0x00000000   Number         0  stm32f4xx_crc.o ABSOLUTE
    ..\FWLIB\src\stm32f4xx_cryp.c            0x00000000   Number         0  stm32f4xx_cryp.o ABSOLUTE
    ..\FWLIB\src\stm32f4xx_cryp_aes.c        0x00000000   Number         0  stm32f4xx_cryp_aes.o ABSOLUTE
    ..\FWLIB\src\stm32f4xx_cryp_des.c        0x00000000   Number         0  stm32f4xx_cryp_des.o ABSOLUTE
    ..\FWLIB\src\stm32f4xx_cryp_tdes.c       0x00000000   Number         0  stm32f4xx_cryp_tdes.o ABSOLUTE
    ..\FWLIB\src\stm32f4xx_dac.c             0x00000000   Number         0  stm32f4xx_dac.o ABSOLUTE
    ..\FWLIB\src\stm32f4xx_dbgmcu.c          0x00000000   Number         0  stm32f4xx_dbgmcu.o ABSOLUTE
    ..\FWLIB\src\stm32f4xx_dcmi.c            0x00000000   Number         0  stm32f4xx_dcmi.o ABSOLUTE
    ..\FWLIB\src\stm32f4xx_dma.c             0x00000000   Number         0  stm32f4xx_dma.o ABSOLUTE
    ..\FWLIB\src\stm32f4xx_dma2d.c           0x00000000   Number         0  stm32f4xx_dma2d.o ABSOLUTE
    ..\FWLIB\src\stm32f4xx_exti.c            0x00000000   Number         0  stm32f4xx_exti.o ABSOLUTE
    ..\FWLIB\src\stm32f4xx_flash.c           0x00000000   Number         0  stm32f4xx_flash.o ABSOLUTE
    ..\FWLIB\src\stm32f4xx_flash_ramfunc.c   0x00000000   Number         0  stm32f4xx_flash_ramfunc.o ABSOLUTE
    ..\FWLIB\src\stm32f4xx_fmc.c             0x00000000   Number         0  stm32f4xx_fmc.o ABSOLUTE
    ..\FWLIB\src\stm32f4xx_gpio.c            0x00000000   Number         0  stm32f4xx_gpio.o ABSOLUTE
    ..\FWLIB\src\stm32f4xx_hash.c            0x00000000   Number         0  stm32f4xx_hash.o ABSOLUTE
    ..\FWLIB\src\stm32f4xx_hash_md5.c        0x00000000   Number         0  stm32f4xx_hash_md5.o ABSOLUTE
    ..\FWLIB\src\stm32f4xx_hash_sha1.c       0x00000000   Number         0  stm32f4xx_hash_sha1.o ABSOLUTE
    ..\FWLIB\src\stm32f4xx_i2c.c             0x00000000   Number         0  stm32f4xx_i2c.o ABSOLUTE
    ..\FWLIB\src\stm32f4xx_iwdg.c            0x00000000   Number         0  stm32f4xx_iwdg.o ABSOLUTE
    ..\FWLIB\src\stm32f4xx_ltdc.c            0x00000000   Number         0  stm32f4xx_ltdc.o ABSOLUTE
    ..\FWLIB\src\stm32f4xx_pwr.c             0x00000000   Number         0  stm32f4xx_pwr.o ABSOLUTE
    ..\FWLIB\src\stm32f4xx_rcc.c             0x00000000   Number         0  stm32f4xx_rcc.o ABSOLUTE
    ..\FWLIB\src\stm32f4xx_rng.c             0x00000000   Number         0  stm32f4xx_rng.o ABSOLUTE
    ..\FWLIB\src\stm32f4xx_rtc.c             0x00000000   Number         0  stm32f4xx_rtc.o ABSOLUTE
    ..\FWLIB\src\stm32f4xx_sai.c             0x00000000   Number         0  stm32f4xx_sai.o ABSOLUTE
    ..\FWLIB\src\stm32f4xx_sdio.c            0x00000000   Number         0  stm32f4xx_sdio.o ABSOLUTE
    ..\FWLIB\src\stm32f4xx_spi.c             0x00000000   Number         0  stm32f4xx_spi.o ABSOLUTE
    ..\FWLIB\src\stm32f4xx_syscfg.c          0x00000000   Number         0  stm32f4xx_syscfg.o ABSOLUTE
    ..\FWLIB\src\stm32f4xx_tim.c             0x00000000   Number         0  stm32f4xx_tim.o ABSOLUTE
    ..\FWLIB\src\stm32f4xx_usart.c           0x00000000   Number         0  stm32f4xx_usart.o ABSOLUTE
    ..\FWLIB\src\stm32f4xx_wwdg.c            0x00000000   Number         0  stm32f4xx_wwdg.o ABSOLUTE
    ..\FastMathFunctions\arm_cos_f32.c       0x00000000   Number         0  arm_cos_f32.o ABSOLUTE
    ..\FastMathFunctions\arm_sin_f32.c       0x00000000   Number         0  arm_sin_f32.o ABSOLUTE
    ..\SYSTEM\delay\delay.c                  0x00000000   Number         0  delay.o ABSOLUTE
    ..\SYSTEM\sys\sys.c                      0x00000000   Number         0  sys.o ABSOLUTE
    ..\SYSTEM\usart\usart.c                  0x00000000   Number         0  usart.o ABSOLUTE
    ..\\APP\\ChassisMotor.c                  0x00000000   Number         0  chassismotor.o ABSOLUTE
    ..\\APP\\CloudMotor.c                    0x00000000   Number         0  cloudmotor.o ABSOLUTE
    ..\\APP\\Control_Task.c                  0x00000000   Number         0  control_task.o ABSOLUTE
    ..\\APP\\Encoder.c                       0x00000000   Number         0  encoder.o ABSOLUTE
    ..\\CommonTables\\arm_common_tables.c    0x00000000   Number         0  arm_common_tables.o ABSOLUTE
    ..\\FUNCTION\\APP\\remote_control\\remote_control.c 0x00000000   Number         0  remote_control.o ABSOLUTE
    ..\\FUNCTION\\APP\\shoot\\shoot.c        0x00000000   Number         0  shoot.o ABSOLUTE
    ..\\FUNCTION\\hardware\\can\\can.c       0x00000000   Number         0  can.o ABSOLUTE
    ..\\FUNCTION\\hardware\\fric\\fric.c     0x00000000   Number         0  fric.o ABSOLUTE
    ..\\FUNCTION\\hardware\\laser\\laser.c   0x00000000   Number         0  laser.o ABSOLUTE
    ..\\FUNCTION\\hardware\\power_ctrl\\power_ctrl.c 0x00000000   Number         0  power_ctrl.o ABSOLUTE
    ..\\FUNCTION\\hardware\\rc\\rc.c         0x00000000   Number         0  rc.o ABSOLUTE
    ..\\FUNCTION\\hardware\\rng\\rng.c       0x00000000   Number         0  rng.o ABSOLUTE
    ..\\FUNCTION\\hardware\\timer\\timer.c   0x00000000   Number         0  timer.o ABSOLUTE
    ..\\FUNCTION\\user_lib\\user_lib.c       0x00000000   Number         0  user_lib.o ABSOLUTE
    ..\\FWLIB\\src\\misc.c                   0x00000000   Number         0  misc.o ABSOLUTE
    ..\\FWLIB\\src\\stm32f4xx_adc.c          0x00000000   Number         0  stm32f4xx_adc.o ABSOLUTE
    ..\\FWLIB\\src\\stm32f4xx_can.c          0x00000000   Number         0  stm32f4xx_can.o ABSOLUTE
    ..\\FWLIB\\src\\stm32f4xx_crc.c          0x00000000   Number         0  stm32f4xx_crc.o ABSOLUTE
    ..\\FWLIB\\src\\stm32f4xx_cryp.c         0x00000000   Number         0  stm32f4xx_cryp.o ABSOLUTE
    ..\\FWLIB\\src\\stm32f4xx_cryp_aes.c     0x00000000   Number         0  stm32f4xx_cryp_aes.o ABSOLUTE
    ..\\FWLIB\\src\\stm32f4xx_cryp_des.c     0x00000000   Number         0  stm32f4xx_cryp_des.o ABSOLUTE
    ..\\FWLIB\\src\\stm32f4xx_cryp_tdes.c    0x00000000   Number         0  stm32f4xx_cryp_tdes.o ABSOLUTE
    ..\\FWLIB\\src\\stm32f4xx_dac.c          0x00000000   Number         0  stm32f4xx_dac.o ABSOLUTE
    ..\\FWLIB\\src\\stm32f4xx_dbgmcu.c       0x00000000   Number         0  stm32f4xx_dbgmcu.o ABSOLUTE
    ..\\FWLIB\\src\\stm32f4xx_dcmi.c         0x00000000   Number         0  stm32f4xx_dcmi.o ABSOLUTE
    ..\\FWLIB\\src\\stm32f4xx_dma.c          0x00000000   Number         0  stm32f4xx_dma.o ABSOLUTE
    ..\\FWLIB\\src\\stm32f4xx_dma2d.c        0x00000000   Number         0  stm32f4xx_dma2d.o ABSOLUTE
    ..\\FWLIB\\src\\stm32f4xx_exti.c         0x00000000   Number         0  stm32f4xx_exti.o ABSOLUTE
    ..\\FWLIB\\src\\stm32f4xx_flash.c        0x00000000   Number         0  stm32f4xx_flash.o ABSOLUTE
    ..\\FWLIB\\src\\stm32f4xx_flash_ramfunc.c 0x00000000   Number         0  stm32f4xx_flash_ramfunc.o ABSOLUTE
    ..\\FWLIB\\src\\stm32f4xx_fmc.c          0x00000000   Number         0  stm32f4xx_fmc.o ABSOLUTE
    ..\\FWLIB\\src\\stm32f4xx_gpio.c         0x00000000   Number         0  stm32f4xx_gpio.o ABSOLUTE
    ..\\FWLIB\\src\\stm32f4xx_hash.c         0x00000000   Number         0  stm32f4xx_hash.o ABSOLUTE
    ..\\FWLIB\\src\\stm32f4xx_hash_md5.c     0x00000000   Number         0  stm32f4xx_hash_md5.o ABSOLUTE
    ..\\FWLIB\\src\\stm32f4xx_hash_sha1.c    0x00000000   Number         0  stm32f4xx_hash_sha1.o ABSOLUTE
    ..\\FWLIB\\src\\stm32f4xx_i2c.c          0x00000000   Number         0  stm32f4xx_i2c.o ABSOLUTE
    ..\\FWLIB\\src\\stm32f4xx_iwdg.c         0x00000000   Number         0  stm32f4xx_iwdg.o ABSOLUTE
    ..\\FWLIB\\src\\stm32f4xx_ltdc.c         0x00000000   Number         0  stm32f4xx_ltdc.o ABSOLUTE
    ..\\FWLIB\\src\\stm32f4xx_pwr.c          0x00000000   Number         0  stm32f4xx_pwr.o ABSOLUTE
    ..\\FWLIB\\src\\stm32f4xx_rcc.c          0x00000000   Number         0  stm32f4xx_rcc.o ABSOLUTE
    ..\\FWLIB\\src\\stm32f4xx_rng.c          0x00000000   Number         0  stm32f4xx_rng.o ABSOLUTE
    ..\\FWLIB\\src\\stm32f4xx_rtc.c          0x00000000   Number         0  stm32f4xx_rtc.o ABSOLUTE
    ..\\FWLIB\\src\\stm32f4xx_sai.c          0x00000000   Number         0  stm32f4xx_sai.o ABSOLUTE
    ..\\FWLIB\\src\\stm32f4xx_sdio.c         0x00000000   Number         0  stm32f4xx_sdio.o ABSOLUTE
    ..\\FWLIB\\src\\stm32f4xx_spi.c          0x00000000   Number         0  stm32f4xx_spi.o ABSOLUTE
    ..\\FWLIB\\src\\stm32f4xx_syscfg.c       0x00000000   Number         0  stm32f4xx_syscfg.o ABSOLUTE
    ..\\FWLIB\\src\\stm32f4xx_tim.c          0x00000000   Number         0  stm32f4xx_tim.o ABSOLUTE
    ..\\FWLIB\\src\\stm32f4xx_usart.c        0x00000000   Number         0  stm32f4xx_usart.o ABSOLUTE
    ..\\FWLIB\\src\\stm32f4xx_wwdg.c         0x00000000   Number         0  stm32f4xx_wwdg.o ABSOLUTE
    ..\\FastMathFunctions\\arm_cos_f32.c     0x00000000   Number         0  arm_cos_f32.o ABSOLUTE
    ..\\FastMathFunctions\\arm_sin_f32.c     0x00000000   Number         0  arm_sin_f32.o ABSOLUTE
    ..\\SYSTEM\\delay\\delay.c               0x00000000   Number         0  delay.o ABSOLUTE
    ..\\SYSTEM\\sys\\sys.c                   0x00000000   Number         0  sys.o ABSOLUTE
    ..\\SYSTEM\\usart\\usart.c               0x00000000   Number         0  usart.o ABSOLUTE
    dc.s                                     0x00000000   Number         0  dc.o ABSOLUTE
    handlers.s                               0x00000000   Number         0  handlers.o ABSOLUTE
    init.s                                   0x00000000   Number         0  init.o ABSOLUTE
    main.c                                   0x00000000   Number         0  main.o ABSOLUTE
    main.c                                   0x00000000   Number         0  main.o ABSOLUTE
    stm32f4xx_it.c                           0x00000000   Number         0  stm32f4xx_it.o ABSOLUTE
    stm32f4xx_it.c                           0x00000000   Number         0  stm32f4xx_it.o ABSOLUTE
    system_stm32f4xx.c                       0x00000000   Number         0  system_stm32f4xx.o ABSOLUTE
    system_stm32f4xx.c                       0x00000000   Number         0  system_stm32f4xx.o ABSOLUTE
    RESET                                    0x08000000   Section      428  startup_stm32f427x.o(RESET)
    .ARM.Collect$$$$00000000                 0x080001ac   Section        0  entry.o(.ARM.Collect$$$$00000000)
    .ARM.Collect$$$$00000001                 0x080001ac   Section        4  entry2.o(.ARM.Collect$$$$00000001)
    .ARM.Collect$$$$00000004                 0x080001b0   Section        4  entry5.o(.ARM.Collect$$$$00000004)
    .ARM.Collect$$$$00000008                 0x080001b4   Section        0  entry7b.o(.ARM.Collect$$$$00000008)
    .ARM.Collect$$$$0000000A                 0x080001b4   Section        0  entry8b.o(.ARM.Collect$$$$0000000A)
    .ARM.Collect$$$$0000000B                 0x080001b4   Section        8  entry9a.o(.ARM.Collect$$$$0000000B)
    .ARM.Collect$$$$0000000D                 0x080001bc   Section        0  entry10a.o(.ARM.Collect$$$$0000000D)
    .ARM.Collect$$$$0000000F                 0x080001bc   Section        0  entry11a.o(.ARM.Collect$$$$0000000F)
    .ARM.Collect$$$$00002712                 0x080001bc   Section        4  entry2.o(.ARM.Collect$$$$00002712)
    __lit__00000000                          0x080001bc   Data           4  entry2.o(.ARM.Collect$$$$00002712)
    .text                                    0x080001c0   Section       36  startup_stm32f427x.o(.text)
    $v0                                      0x080001c0   Number         0  startup_stm32f427x.o(.text)
    .text                                    0x080001e4   Section        0  arm_cos_f32.o(.text)
    .text                                    0x0800025c   Section        0  arm_sin_f32.o(.text)
    .text                                    0x080002d0   Section       36  init.o(.text)
    i.BSP_init                               0x080002f4   Section        0  main.o(i.BSP_init)
    i.BusFault_Handler                       0x08000350   Section        0  stm32f4xx_it.o(i.BusFault_Handler)
    i.CAN1_RX0_IRQHandler                    0x08000354   Section        0  can.o(i.CAN1_RX0_IRQHandler)
    i.CAN1_TX_IRQHandler                     0x08000390   Section        0  can.o(i.CAN1_TX_IRQHandler)
    i.CAN_ClearFlag                          0x080003ac   Section        0  stm32f4xx_can.o(i.CAN_ClearFlag)
    i.CAN_ClearITPendingBit                  0x080003e4   Section        0  stm32f4xx_can.o(i.CAN_ClearITPendingBit)
    i.CAN_Configure                          0x0800048c   Section        0  can.o(i.CAN_Configure)
    i.CAN_DeInit                             0x080005b0   Section        0  stm32f4xx_can.o(i.CAN_DeInit)
    i.CAN_FITER_Init                         0x080005e8   Section        0  can.o(i.CAN_FITER_Init)
    i.CAN_FilterInit                         0x08000630   Section        0  stm32f4xx_can.o(i.CAN_FilterInit)
    i.CAN_GetITStatus                        0x08000738   Section        0  stm32f4xx_can.o(i.CAN_GetITStatus)
    i.CAN_ITConfig                           0x08000858   Section        0  stm32f4xx_can.o(i.CAN_ITConfig)
    i.CAN_Init                               0x0800086a   Section        0  stm32f4xx_can.o(i.CAN_Init)
    i.CAN_Receive                            0x0800097e   Section        0  stm32f4xx_can.o(i.CAN_Receive)
    i.CAN_StructInit                         0x08000a6e   Section        0  stm32f4xx_can.o(i.CAN_StructInit)
    i.CAN_Transmit                           0x08000a8e   Section        0  stm32f4xx_can.o(i.CAN_Transmit)
    i.CanReceiveMsgProcess                   0x08000bb4   Section        0  encoder.o(i.CanReceiveMsgProcess)
    i.CheckITStatus                          0x08000c30   Section        0  stm32f4xx_can.o(i.CheckITStatus)
    CheckITStatus                            0x08000c31   Thumb Code    18  stm32f4xx_can.o(i.CheckITStatus)
    i.CloudMotor_Config                      0x08000c44   Section        0  cloudmotor.o(i.CloudMotor_Config)
    i.CloudMotor_Ctrl                        0x08000d18   Section        0  cloudmotor.o(i.CloudMotor_Ctrl)
    i.CloudMotor_Out                         0x08000d84   Section        0  cloudmotor.o(i.CloudMotor_Out)
    i.Control_Task                           0x08000db8   Section        0  control_task.o(i.Control_Task)
    i.DMA_ClearFlag                          0x08000f4c   Section        0  stm32f4xx_dma.o(i.DMA_ClearFlag)
    i.DMA_Cmd                                0x08000f80   Section        0  stm32f4xx_dma.o(i.DMA_Cmd)
    i.DMA_DeInit                             0x08000f98   Section        0  stm32f4xx_dma.o(i.DMA_DeInit)
    i.DMA_DoubleBufferModeCmd                0x080010f0   Section        0  stm32f4xx_dma.o(i.DMA_DoubleBufferModeCmd)
    i.DMA_DoubleBufferModeConfig             0x08001106   Section        0  stm32f4xx_dma.o(i.DMA_DoubleBufferModeConfig)
    i.DMA_GetCurrDataCounter                 0x0800111e   Section        0  stm32f4xx_dma.o(i.DMA_GetCurrDataCounter)
    i.DMA_GetCurrentMemoryTarget             0x08001126   Section        0  stm32f4xx_dma.o(i.DMA_GetCurrentMemoryTarget)
    i.DMA_Init                               0x0800113c   Section        0  stm32f4xx_dma.o(i.DMA_Init)
    i.DMA_SetCurrDataCounter                 0x08001194   Section        0  stm32f4xx_dma.o(i.DMA_SetCurrDataCounter)
    i.DebugMon_Handler                       0x08001198   Section        0  stm32f4xx_it.o(i.DebugMon_Handler)
    i.Encoder_Start                          0x0800119c   Section        0  encoder.o(i.Encoder_Start)
    i.GIMBAL_Feedback_Update                 0x080011ac   Section        0  cloudmotor.o(i.GIMBAL_Feedback_Update)
    GIMBAL_Feedback_Update                   0x080011ad   Thumb Code   104  cloudmotor.o(i.GIMBAL_Feedback_Update)
    i.GIMBAL_PID_Calc                        0x08001218   Section        0  cloudmotor.o(i.GIMBAL_PID_Calc)
    GIMBAL_PID_Calc                          0x08001219   Thumb Code   638  cloudmotor.o(i.GIMBAL_PID_Calc)
    i.GPIO_Init                              0x080014a4   Section        0  stm32f4xx_gpio.o(i.GPIO_Init)
    i.GPIO_PinAFConfig                       0x08001534   Section        0  stm32f4xx_gpio.o(i.GPIO_PinAFConfig)
    i.GPIO_ResetBits                         0x0800157a   Section        0  stm32f4xx_gpio.o(i.GPIO_ResetBits)
    i.GPIO_SetBits                           0x0800157e   Section        0  stm32f4xx_gpio.o(i.GPIO_SetBits)
    i.HardFault_Handler                      0x08001582   Section        0  stm32f4xx_it.o(i.HardFault_Handler)
    i.MemManage_Handler                      0x08001586   Section        0  stm32f4xx_it.o(i.MemManage_Handler)
    i.NMI_Handler                            0x0800158a   Section        0  stm32f4xx_it.o(i.NMI_Handler)
    i.NVIC_Init                              0x0800158c   Section        0  misc.o(i.NVIC_Init)
    i.NVIC_PriorityGroupConfig               0x08001604   Section        0  misc.o(i.NVIC_PriorityGroupConfig)
    i.PID_Calc                               0x08001618   Section        0  pid.o(i.PID_Calc)
    i.PID_Init                               0x08001808   Section        0  pid.o(i.PID_Init)
    i.PendSV_Handler                         0x08001868   Section        0  stm32f4xx_it.o(i.PendSV_Handler)
    i.RCC_AHB1PeriphClockCmd                 0x0800186c   Section        0  stm32f4xx_rcc.o(i.RCC_AHB1PeriphClockCmd)
    i.RCC_APB1PeriphClockCmd                 0x0800188c   Section        0  stm32f4xx_rcc.o(i.RCC_APB1PeriphClockCmd)
    i.RCC_APB1PeriphResetCmd                 0x080018ac   Section        0  stm32f4xx_rcc.o(i.RCC_APB1PeriphResetCmd)
    i.RCC_APB2PeriphClockCmd                 0x080018cc   Section        0  stm32f4xx_rcc.o(i.RCC_APB2PeriphClockCmd)
    i.RCC_APB2PeriphResetCmd                 0x080018ec   Section        0  stm32f4xx_rcc.o(i.RCC_APB2PeriphResetCmd)
    i.RCC_GetClocksFreq                      0x0800190c   Section        0  stm32f4xx_rcc.o(i.RCC_GetClocksFreq)
    i.RC_Init                                0x080019f4   Section        0  rc.o(i.RC_Init)
    i.SBUS_TO_RC                             0x08001b40   Section        0  remote_control.o(i.SBUS_TO_RC)
    SBUS_TO_RC                               0x08001b41   Thumb Code   218  remote_control.o(i.SBUS_TO_RC)
    i.SVC_Handler                            0x08001c1a   Section        0  stm32f4xx_it.o(i.SVC_Handler)
    i.SetSysClock                            0x08001c1c   Section        0  system_stm32f4xx.o(i.SetSysClock)
    SetSysClock                              0x08001c1d   Thumb Code   272  system_stm32f4xx.o(i.SetSysClock)
    i.Set_ChassisMotor_Current               0x08001d3c   Section        0  can.o(i.Set_ChassisMotor_Current)
    i.Set_CloudMotor_Current                 0x08001da0   Section        0  can.o(i.Set_CloudMotor_Current)
    i.SysTick_CLKSourceConfig                0x08001df8   Section        0  misc.o(i.SysTick_CLKSourceConfig)
    i.SysTick_Handler                        0x08001e20   Section        0  stm32f4xx_it.o(i.SysTick_Handler)
    i.SystemInit                             0x08001e24   Section        0  system_stm32f4xx.o(i.SystemInit)
    i.TIM6_Configuration                     0x08001e8c   Section        0  timer.o(i.TIM6_Configuration)
    i.TIM6_DAC_IRQHandler                    0x08001ef4   Section        0  main.o(i.TIM6_DAC_IRQHandler)
    i.TIM_ARRPreloadConfig                   0x08001f20   Section        0  stm32f4xx_tim.o(i.TIM_ARRPreloadConfig)
    i.TIM_ClearFlag                          0x08001f38   Section        0  stm32f4xx_tim.o(i.TIM_ClearFlag)
    i.TIM_ClearITPendingBit                  0x08001f3e   Section        0  stm32f4xx_tim.o(i.TIM_ClearITPendingBit)
    i.TIM_Cmd                                0x08001f44   Section        0  stm32f4xx_tim.o(i.TIM_Cmd)
    i.TIM_CtrlPWMOutputs                     0x08001f5c   Section        0  stm32f4xx_tim.o(i.TIM_CtrlPWMOutputs)
    i.TIM_GetITStatus                        0x08001f7a   Section        0  stm32f4xx_tim.o(i.TIM_GetITStatus)
    i.TIM_ITConfig                           0x08001f9c   Section        0  stm32f4xx_tim.o(i.TIM_ITConfig)
    i.TIM_OC1Init                            0x08001fb0   Section        0  stm32f4xx_tim.o(i.TIM_OC1Init)
    i.TIM_OC1PreloadConfig                   0x0800202c   Section        0  stm32f4xx_tim.o(i.TIM_OC1PreloadConfig)
    i.TIM_OC4Init                            0x08002040   Section        0  stm32f4xx_tim.o(i.TIM_OC4Init)
    i.TIM_OC4PreloadConfig                   0x080020b8   Section        0  stm32f4xx_tim.o(i.TIM_OC4PreloadConfig)
    i.TIM_SetCompare1                        0x080020d2   Section        0  stm32f4xx_tim.o(i.TIM_SetCompare1)
    i.TIM_SetCompare4                        0x080020d6   Section        0  stm32f4xx_tim.o(i.TIM_SetCompare4)
    i.TIM_TimeBaseInit                       0x080020dc   Section        0  stm32f4xx_tim.o(i.TIM_TimeBaseInit)
    i.TriggerMotor_Ctrl                      0x08002160   Section        0  shoot.o(i.TriggerMotor_Ctrl)
    i.TriggerMotor_Out                       0x080021ac   Section        0  shoot.o(i.TriggerMotor_Out)
    i.TriggerMotor_PID_Config                0x080021dc   Section        0  shoot.o(i.TriggerMotor_PID_Config)
    i.USART1_IRQHandler                      0x08002204   Section        0  remote_control.o(i.USART1_IRQHandler)
    i.USART6_IRQHandler                      0x080022e8   Section        0  usart.o(i.USART6_IRQHandler)
    i.USART_ClearFlag                        0x08002370   Section        0  stm32f4xx_usart.o(i.USART_ClearFlag)
    i.USART_Cmd                              0x08002382   Section        0  stm32f4xx_usart.o(i.USART_Cmd)
    i.USART_DMACmd                           0x0800239a   Section        0  stm32f4xx_usart.o(i.USART_DMACmd)
    i.USART_DeInit                           0x080023ac   Section        0  stm32f4xx_usart.o(i.USART_DeInit)
    i.USART_GetITStatus                      0x0800249c   Section        0  stm32f4xx_usart.o(i.USART_GetITStatus)
    i.USART_ITConfig                         0x080024f0   Section        0  stm32f4xx_usart.o(i.USART_ITConfig)
    i.USART_Init                             0x0800253c   Section        0  stm32f4xx_usart.o(i.USART_Init)
    i.USART_ReceiveData                      0x08002610   Section        0  stm32f4xx_usart.o(i.USART_ReceiveData)
    i.UsageFault_Handler                     0x0800261a   Section        0  stm32f4xx_it.o(i.UsageFault_Handler)
    i.__scatterload_copy                     0x0800261e   Section       14  handlers.o(i.__scatterload_copy)
    i.__scatterload_null                     0x0800262c   Section        2  handlers.o(i.__scatterload_null)
    i.__scatterload_zeroinit                 0x0800262e   Section       14  handlers.o(i.__scatterload_zeroinit)
    i.chassis_control_loop                   0x0800263c   Section        0  chassismotor.o(i.chassis_control_loop)
    i.chassis_feedback_update                0x0800270c   Section        0  chassismotor.o(i.chassis_feedback_update)
    chassis_feedback_update                  0x0800270d   Thumb Code   222  chassismotor.o(i.chassis_feedback_update)
    i.chassis_init                           0x080027fc   Section        0  chassismotor.o(i.chassis_init)
    i.chassis_rc_to_control_vector           0x080028a8   Section        0  chassismotor.o(i.chassis_rc_to_control_vector)
    i.chassis_set_contorl                    0x08002a04   Section        0  chassismotor.o(i.chassis_set_contorl)
    chassis_set_contorl                      0x08002a05   Thumb Code   236  chassismotor.o(i.chassis_set_contorl)
    i.chassis_vector_to_mecanum_wheel_speed  0x08002af4   Section        0  chassismotor.o(i.chassis_vector_to_mecanum_wheel_speed)
    chassis_vector_to_mecanum_wheel_speed    0x08002af5   Thumb Code   162  chassismotor.o(i.chassis_vector_to_mecanum_wheel_speed)
    i.delay_init                             0x08002ba0   Section        0  delay.o(i.delay_init)
    i.delay_us                               0x08002bdc   Section        0  delay.o(i.delay_us)
    i.first_order_filter_cali                0x08002c28   Section        0  user_lib.o(i.first_order_filter_cali)
    i.first_order_filter_init                0x08002c7c   Section        0  user_lib.o(i.first_order_filter_init)
    i.fp32_constrain                         0x08002ca0   Section        0  user_lib.o(i.fp32_constrain)
    i.fric1_on                               0x08002ccc   Section        0  fric.o(i.fric1_on)
    i.fric2_on                               0x08002ce0   Section        0  fric.o(i.fric2_on)
    i.fric_PWM_configuration                 0x08002cf4   Section        0  fric.o(i.fric_PWM_configuration)
    i.fric_off                               0x08002e38   Section        0  fric.o(i.fric_off)
    i.getEncoderData                         0x08002e54   Section        0  encoder.o(i.getEncoderData)
    i.get_pitch_motor_point                  0x08002f38   Section        0  cloudmotor.o(i.get_pitch_motor_point)
    i.get_remote_control_point               0x08002f40   Section        0  remote_control.o(i.get_remote_control_point)
    i.get_yaw_motor_point                    0x08002f48   Section        0  cloudmotor.o(i.get_yaw_motor_point)
    i.gimbal_motor_relative_angle_control    0x08002f50   Section        0  cloudmotor.o(i.gimbal_motor_relative_angle_control)
    gimbal_motor_relative_angle_control      0x08002f51   Thumb Code    70  cloudmotor.o(i.gimbal_motor_relative_angle_control)
    i.laser_configuration                    0x08002f98   Section        0  laser.o(i.laser_configuration)
    i.laser_on                               0x08002fd4   Section        0  laser.o(i.laser_on)
    i.main                                   0x08002fe8   Section        0  main.o(i.main)
    i.motor_ecd_to_angle_change              0x08002ff0   Section        0  cloudmotor.o(i.motor_ecd_to_angle_change)
    motor_ecd_to_angle_change                0x08002ff1   Thumb Code    48  cloudmotor.o(i.motor_ecd_to_angle_change)
    i.power_ctrl_configuration               0x08003024   Section        0  power_ctrl.o(i.power_ctrl_configuration)
    i.power_ctrl_off                         0x0800306c   Section        0  power_ctrl.o(i.power_ctrl_off)
    i.power_ctrl_on                          0x0800308c   Section        0  power_ctrl.o(i.power_ctrl_on)
    i.remote_control_init                    0x080030ac   Section        0  remote_control.o(i.remote_control_init)
    i.uart_init                              0x080030c0   Section        0  usart.o(i.uart_init)
    .constdata                               0x08003174   Section       12  shoot.o(.constdata)
    Trigger_SpeedPID                         0x08003174   Data          12  shoot.o(.constdata)
    .constdata                               0x08003180   Section       48  cloudmotor.o(.constdata)
    YAW_SpeedPID                             0x08003180   Data          12  cloudmotor.o(.constdata)
    YAW_PositionPID                          0x0800318c   Data          12  cloudmotor.o(.constdata)
    PITCH_SpeedPID                           0x08003198   Data          12  cloudmotor.o(.constdata)
    PITCH_PositionPID                        0x080031a4   Data          12  cloudmotor.o(.constdata)
    .constdata                               0x080031b0   Section       20  chassismotor.o(.constdata)
    Chassis_speed_PID                        0x080031b0   Data          12  chassismotor.o(.constdata)
    chassis_x_order_filter                   0x080031bc   Data           4  chassismotor.o(.constdata)
    chassis_y_order_filter                   0x080031c0   Data           4  chassismotor.o(.constdata)
    .constdata                               0x080031c4   Section     2052  arm_common_tables.o(.constdata)
    .data                                    0x20000000   Section       16  stm32f4xx_rcc.o(.data)
    APBAHBPrescTable                         0x20000000   Data          16  stm32f4xx_rcc.o(.data)
    .data                                    0x20000010   Section        4  delay.o(.data)
    fac_us                                   0x20000010   Data           1  delay.o(.data)
    fac_ms                                   0x20000012   Data           2  delay.o(.data)
    .data                                    0x20000014   Section        2  usart.o(.data)
    .data                                    0x20000016   Section        2  remote_control.o(.data)
    this_time_rx_len                         0x20000016   Data           2  remote_control.o(.data)
    .data                                    0x20000018   Section        8  control_task.o(.data)
    pwm1                                     0x20000018   Data           4  control_task.o(.data)
    pwm2                                     0x2000001c   Data           4  control_task.o(.data)
    .data                                    0x20000020   Section        4  cloudmotor.o(.data)
    .bss                                     0x20000024   Section      200  usart.o(.bss)
    .bss                                     0x200000ec   Section       94  remote_control.o(.bss)
    rc_ctrl                                  0x200000ec   Data          22  remote_control.o(.bss)
    SBUS_rx_buf                              0x20000102   Data          72  remote_control.o(.bss)
    .bss                                     0x2000014c   Section       80  shoot.o(.bss)
    .bss                                     0x2000019c   Section      504  encoder.o(.bss)
    .bss                                     0x20000394   Section       24  control_task.o(.bss)
    count                                    0x20000394   Data          24  control_task.o(.bss)
    .bss                                     0x200003ac   Section      824  cloudmotor.o(.bss)
    gimbal_control                           0x200003ac   Data         824  cloudmotor.o(.bss)
    .bss                                     0x200006e4   Section      580  chassismotor.o(.bss)
    STACK                                    0x20000928   Section     1024  startup_stm32f427x.o(STACK)

    Global Symbols

    Symbol Name                              Value     Ov Type        Size  Object(Section)

    BuildAttributes$$THM_ISAv4$E$P$D$K$B$S$7EM$VFPi3$EXTD16$VFPS$VFMA$PE$A:L22UL41UL21$X:L11$S22US41US21$IEEE1$IW$USESV6$~STKCKD$USESV7$~SHL$OTIME$IEEEX$EBA8$MICROLIB$REQ8$PRES8$EABIv2 0x00000000   Number         0  anon$$obj.o ABSOLUTE
    __ARM_use_no_argv                        0x00000000   Number         0  main.o ABSOLUTE
    __cpp_initialize__aeabi_                  - Undefined Weak Reference
    __cxa_finalize                            - Undefined Weak Reference
    __decompress                              - Undefined Weak Reference
    _clock_init                               - Undefined Weak Reference
    _microlib_exit                            - Undefined Weak Reference
    __Vectors_Size                           0x000001ac   Number         0  startup_stm32f427x.o ABSOLUTE
    __Vectors                                0x08000000   Data           4  startup_stm32f427x.o(RESET)
    __Vectors_End                            0x080001ac   Data           0  startup_stm32f427x.o(RESET)
    __main                                   0x080001ad   Thumb Code     0  entry.o(.ARM.Collect$$$$00000000)
    _main_stk                                0x080001ad   Thumb Code     0  entry2.o(.ARM.Collect$$$$00000001)
    _main_scatterload                        0x080001b1   Thumb Code     0  entry5.o(.ARM.Collect$$$$00000004)
    __main_after_scatterload                 0x080001b5   Thumb Code     0  entry5.o(.ARM.Collect$$$$00000004)
    _main_clock                              0x080001b5   Thumb Code     0  entry7b.o(.ARM.Collect$$$$00000008)
    _main_cpp_init                           0x080001b5   Thumb Code     0  entry8b.o(.ARM.Collect$$$$0000000A)
    _main_init                               0x080001b5   Thumb Code     0  entry9a.o(.ARM.Collect$$$$0000000B)
    __rt_final_cpp                           0x080001bd   Thumb Code     0  entry10a.o(.ARM.Collect$$$$0000000D)
    __rt_final_exit                          0x080001bd   Thumb Code     0  entry11a.o(.ARM.Collect$$$$0000000F)
    Reset_Handler                            0x080001c1   Thumb Code     8  startup_stm32f427x.o(.text)
    ADC_IRQHandler                           0x080001db   Thumb Code     0  startup_stm32f427x.o(.text)
    CAN1_RX1_IRQHandler                      0x080001db   Thumb Code     0  startup_stm32f427x.o(.text)
    CAN1_SCE_IRQHandler                      0x080001db   Thumb Code     0  startup_stm32f427x.o(.text)
    CAN2_RX0_IRQHandler                      0x080001db   Thumb Code     0  startup_stm32f427x.o(.text)
    CAN2_RX1_IRQHandler                      0x080001db   Thumb Code     0  startup_stm32f427x.o(.text)
    CAN2_SCE_IRQHandler                      0x080001db   Thumb Code     0  startup_stm32f427x.o(.text)
    CAN2_TX_IRQHandler                       0x080001db   Thumb Code     0  startup_stm32f427x.o(.text)
    CRYP_IRQHandler                          0x080001db   Thumb Code     0  startup_stm32f427x.o(.text)
    DCMI_IRQHandler                          0x080001db   Thumb Code     0  startup_stm32f427x.o(.text)
    DMA1_Stream0_IRQHandler                  0x080001db   Thumb Code     0  startup_stm32f427x.o(.text)
    DMA1_Stream1_IRQHandler                  0x080001db   Thumb Code     0  startup_stm32f427x.o(.text)
    DMA1_Stream2_IRQHandler                  0x080001db   Thumb Code     0  startup_stm32f427x.o(.text)
    DMA1_Stream3_IRQHandler                  0x080001db   Thumb Code     0  startup_stm32f427x.o(.text)
    DMA1_Stream4_IRQHandler                  0x080001db   Thumb Code     0  startup_stm32f427x.o(.text)
    DMA1_Stream5_IRQHandler                  0x080001db   Thumb Code     0  startup_stm32f427x.o(.text)
    DMA1_Stream6_IRQHandler                  0x080001db   Thumb Code     0  startup_stm32f427x.o(.text)
    DMA1_Stream7_IRQHandler                  0x080001db   Thumb Code     0  startup_stm32f427x.o(.text)
    DMA2D_IRQHandler                         0x080001db   Thumb Code     0  startup_stm32f427x.o(.text)
    DMA2_Stream0_IRQHandler                  0x080001db   Thumb Code     0  startup_stm32f427x.o(.text)
    DMA2_Stream1_IRQHandler                  0x080001db   Thumb Code     0  startup_stm32f427x.o(.text)
    DMA2_Stream2_IRQHandler                  0x080001db   Thumb Code     0  startup_stm32f427x.o(.text)
    DMA2_Stream3_IRQHandler                  0x080001db   Thumb Code     0  startup_stm32f427x.o(.text)
    DMA2_Stream4_IRQHandler                  0x080001db   Thumb Code     0  startup_stm32f427x.o(.text)
    DMA2_Stream5_IRQHandler                  0x080001db   Thumb Code     0  startup_stm32f427x.o(.text)
    DMA2_Stream6_IRQHandler                  0x080001db   Thumb Code     0  startup_stm32f427x.o(.text)
    DMA2_Stream7_IRQHandler                  0x080001db   Thumb Code     0  startup_stm32f427x.o(.text)
    ETH_IRQHandler                           0x080001db   Thumb Code     0  startup_stm32f427x.o(.text)
    ETH_WKUP_IRQHandler                      0x080001db   Thumb Code     0  startup_stm32f427x.o(.text)
    EXTI0_IRQHandler                         0x080001db   Thumb Code     0  startup_stm32f427x.o(.text)
    EXTI15_10_IRQHandler                     0x080001db   Thumb Code     0  startup_stm32f427x.o(.text)
    EXTI1_IRQHandler                         0x080001db   Thumb Code     0  startup_stm32f427x.o(.text)
    EXTI2_IRQHandler                         0x080001db   Thumb Code     0  startup_stm32f427x.o(.text)
    EXTI3_IRQHandler                         0x080001db   Thumb Code     0  startup_stm32f427x.o(.text)
    EXTI4_IRQHandler                         0x080001db   Thumb Code     0  startup_stm32f427x.o(.text)
    EXTI9_5_IRQHandler                       0x080001db   Thumb Code     0  startup_stm32f427x.o(.text)
    FLASH_IRQHandler                         0x080001db   Thumb Code     0  startup_stm32f427x.o(.text)
    FMC_IRQHandler                           0x080001db   Thumb Code     0  startup_stm32f427x.o(.text)
    FPU_IRQHandler                           0x080001db   Thumb Code     0  startup_stm32f427x.o(.text)
    HASH_RNG_IRQHandler                      0x080001db   Thumb Code     0  startup_stm32f427x.o(.text)
    I2C1_ER_IRQHandler                       0x080001db   Thumb Code     0  startup_stm32f427x.o(.text)
    I2C1_EV_IRQHandler                       0x080001db   Thumb Code     0  startup_stm32f427x.o(.text)
    I2C2_ER_IRQHandler                       0x080001db   Thumb Code     0  startup_stm32f427x.o(.text)
    I2C2_EV_IRQHandler                       0x080001db   Thumb Code     0  startup_stm32f427x.o(.text)
    I2C3_ER_IRQHandler                       0x080001db   Thumb Code     0  startup_stm32f427x.o(.text)
    I2C3_EV_IRQHandler                       0x080001db   Thumb Code     0  startup_stm32f427x.o(.text)
    OTG_FS_IRQHandler                        0x080001db   Thumb Code     0  startup_stm32f427x.o(.text)
    OTG_FS_WKUP_IRQHandler                   0x080001db   Thumb Code     0  startup_stm32f427x.o(.text)
    OTG_HS_EP1_IN_IRQHandler                 0x080001db   Thumb Code     0  startup_stm32f427x.o(.text)
    OTG_HS_EP1_OUT_IRQHandler                0x080001db   Thumb Code     0  startup_stm32f427x.o(.text)
    OTG_HS_IRQHandler                        0x080001db   Thumb Code     0  startup_stm32f427x.o(.text)
    OTG_HS_WKUP_IRQHandler                   0x080001db   Thumb Code     0  startup_stm32f427x.o(.text)
    PVD_IRQHandler                           0x080001db   Thumb Code     0  startup_stm32f427x.o(.text)
    RCC_IRQHandler                           0x080001db   Thumb Code     0  startup_stm32f427x.o(.text)
    RTC_Alarm_IRQHandler                     0x080001db   Thumb Code     0  startup_stm32f427x.o(.text)
    RTC_WKUP_IRQHandler                      0x080001db   Thumb Code     0  startup_stm32f427x.o(.text)
    SAI1_IRQHandler                          0x080001db   Thumb Code     0  startup_stm32f427x.o(.text)
    SDIO_IRQHandler                          0x080001db   Thumb Code     0  startup_stm32f427x.o(.text)
    SPI1_IRQHandler                          0x080001db   Thumb Code     0  startup_stm32f427x.o(.text)
    SPI2_IRQHandler                          0x080001db   Thumb Code     0  startup_stm32f427x.o(.text)
    SPI3_IRQHandler                          0x080001db   Thumb Code     0  startup_stm32f427x.o(.text)
    SPI4_IRQHandler                          0x080001db   Thumb Code     0  startup_stm32f427x.o(.text)
    SPI5_IRQHandler                          0x080001db   Thumb Code     0  startup_stm32f427x.o(.text)
    SPI6_IRQHandler                          0x080001db   Thumb Code     0  startup_stm32f427x.o(.text)
    TAMP_STAMP_IRQHandler                    0x080001db   Thumb Code     0  startup_stm32f427x.o(.text)
    TIM1_BRK_TIM9_IRQHandler                 0x080001db   Thumb Code     0  startup_stm32f427x.o(.text)
    TIM1_CC_IRQHandler                       0x080001db   Thumb Code     0  startup_stm32f427x.o(.text)
    TIM1_TRG_COM_TIM11_IRQHandler            0x080001db   Thumb Code     0  startup_stm32f427x.o(.text)
    TIM1_UP_TIM10_IRQHandler                 0x080001db   Thumb Code     0  startup_stm32f427x.o(.text)
    TIM2_IRQHandler                          0x080001db   Thumb Code     0  startup_stm32f427x.o(.text)
    TIM3_IRQHandler                          0x080001db   Thumb Code     0  startup_stm32f427x.o(.text)
    TIM4_IRQHandler                          0x080001db   Thumb Code     0  startup_stm32f427x.o(.text)
    TIM5_IRQHandler                          0x080001db   Thumb Code     0  startup_stm32f427x.o(.text)
    TIM7_IRQHandler                          0x080001db   Thumb Code     0  startup_stm32f427x.o(.text)
    TIM8_BRK_TIM12_IRQHandler                0x080001db   Thumb Code     0  startup_stm32f427x.o(.text)
    TIM8_CC_IRQHandler                       0x080001db   Thumb Code     0  startup_stm32f427x.o(.text)
    TIM8_TRG_COM_TIM14_IRQHandler            0x080001db   Thumb Code     0  startup_stm32f427x.o(.text)
    TIM8_UP_TIM13_IRQHandler                 0x080001db   Thumb Code     0  startup_stm32f427x.o(.text)
    UART4_IRQHandler                         0x080001db   Thumb Code     0  startup_stm32f427x.o(.text)
    UART5_IRQHandler                         0x080001db   Thumb Code     0  startup_stm32f427x.o(.text)
    UART7_IRQHandler                         0x080001db   Thumb Code     0  startup_stm32f427x.o(.text)
    UART8_IRQHandler                         0x080001db   Thumb Code     0  startup_stm32f427x.o(.text)
    USART2_IRQHandler                        0x080001db   Thumb Code     0  startup_stm32f427x.o(.text)
    USART3_IRQHandler                        0x080001db   Thumb Code     0  startup_stm32f427x.o(.text)
    WWDG_IRQHandler                          0x080001db   Thumb Code     0  startup_stm32f427x.o(.text)
    arm_cos_f32                              0x080001e5   Thumb Code   108  arm_cos_f32.o(.text)
    arm_sin_f32                              0x0800025d   Thumb Code   104  arm_sin_f32.o(.text)
    __scatterload                            0x080002d1   Thumb Code    28  init.o(.text)
    __scatterload_rt2                        0x080002d1   Thumb Code     0  init.o(.text)
    BSP_init                                 0x080002f5   Thumb Code    92  main.o(i.BSP_init)
    BusFault_Handler                         0x08000351   Thumb Code     4  stm32f4xx_it.o(i.BusFault_Handler)
    CAN1_RX0_IRQHandler                      0x08000355   Thumb Code    50  can.o(i.CAN1_RX0_IRQHandler)
    CAN1_TX_IRQHandler                       0x08000391   Thumb Code    22  can.o(i.CAN1_TX_IRQHandler)
    CAN_ClearFlag                            0x080003ad   Thumb Code    52  stm32f4xx_can.o(i.CAN_ClearFlag)
    CAN_ClearITPendingBit                    0x080003e5   Thumb Code   162  stm32f4xx_can.o(i.CAN_ClearITPendingBit)
    CAN_Configure                            0x0800048d   Thumb Code   282  can.o(i.CAN_Configure)
    CAN_DeInit                               0x080005b1   Thumb Code    50  stm32f4xx_can.o(i.CAN_DeInit)
    CAN_FITER_Init                           0x080005e9   Thumb Code    72  can.o(i.CAN_FITER_Init)
    CAN_FilterInit                           0x08000631   Thumb Code   258  stm32f4xx_can.o(i.CAN_FilterInit)
    CAN_GetITStatus                          0x08000739   Thumb Code   284  stm32f4xx_can.o(i.CAN_GetITStatus)
    CAN_ITConfig                             0x08000859   Thumb Code    18  stm32f4xx_can.o(i.CAN_ITConfig)
    CAN_Init                                 0x0800086b   Thumb Code   276  stm32f4xx_can.o(i.CAN_Init)
    CAN_Receive                              0x0800097f   Thumb Code   240  stm32f4xx_can.o(i.CAN_Receive)
    CAN_StructInit                           0x08000a6f   Thumb Code    32  stm32f4xx_can.o(i.CAN_StructInit)
    CAN_Transmit                             0x08000a8f   Thumb Code   294  stm32f4xx_can.o(i.CAN_Transmit)
    CanReceiveMsgProcess                     0x08000bb5   Thumb Code   106  encoder.o(i.CanReceiveMsgProcess)
    CloudMotor_Config                        0x08000c45   Thumb Code   152  cloudmotor.o(i.CloudMotor_Config)
    CloudMotor_Ctrl                          0x08000d19   Thumb Code    92  cloudmotor.o(i.CloudMotor_Ctrl)
    CloudMotor_Out                           0x08000d85   Thumb Code    42  cloudmotor.o(i.CloudMotor_Out)
    Control_Task                             0x08000db9   Thumb Code   372  control_task.o(i.Control_Task)
    DMA_ClearFlag                            0x08000f4d   Thumb Code    38  stm32f4xx_dma.o(i.DMA_ClearFlag)
    DMA_Cmd                                  0x08000f81   Thumb Code    22  stm32f4xx_dma.o(i.DMA_Cmd)
    DMA_DeInit                               0x08000f99   Thumb Code   324  stm32f4xx_dma.o(i.DMA_DeInit)
    DMA_DoubleBufferModeCmd                  0x080010f1   Thumb Code    22  stm32f4xx_dma.o(i.DMA_DoubleBufferModeCmd)
    DMA_DoubleBufferModeConfig               0x08001107   Thumb Code    24  stm32f4xx_dma.o(i.DMA_DoubleBufferModeConfig)
    DMA_GetCurrDataCounter                   0x0800111f   Thumb Code     8  stm32f4xx_dma.o(i.DMA_GetCurrDataCounter)
    DMA_GetCurrentMemoryTarget               0x08001127   Thumb Code    20  stm32f4xx_dma.o(i.DMA_GetCurrentMemoryTarget)
    DMA_Init                                 0x0800113d   Thumb Code    82  stm32f4xx_dma.o(i.DMA_Init)
    DMA_SetCurrDataCounter                   0x08001195   Thumb Code     4  stm32f4xx_dma.o(i.DMA_SetCurrDataCounter)
    DebugMon_Handler                         0x08001199   Thumb Code     2  stm32f4xx_it.o(i.DebugMon_Handler)
    Encoder_Start                            0x0800119d   Thumb Code    10  encoder.o(i.Encoder_Start)
    GPIO_Init                                0x080014a5   Thumb Code   144  stm32f4xx_gpio.o(i.GPIO_Init)
    GPIO_PinAFConfig                         0x08001535   Thumb Code    70  stm32f4xx_gpio.o(i.GPIO_PinAFConfig)
    GPIO_ResetBits                           0x0800157b   Thumb Code     4  stm32f4xx_gpio.o(i.GPIO_ResetBits)
    GPIO_SetBits                             0x0800157f   Thumb Code     4  stm32f4xx_gpio.o(i.GPIO_SetBits)
    HardFault_Handler                        0x08001583   Thumb Code     4  stm32f4xx_it.o(i.HardFault_Handler)
    MemManage_Handler                        0x08001587   Thumb Code     4  stm32f4xx_it.o(i.MemManage_Handler)
    NMI_Handler                              0x0800158b   Thumb Code     2  stm32f4xx_it.o(i.NMI_Handler)
    NVIC_Init                                0x0800158d   Thumb Code   106  misc.o(i.NVIC_Init)
    NVIC_PriorityGroupConfig                 0x08001605   Thumb Code    10  misc.o(i.NVIC_PriorityGroupConfig)
    PID_Calc                                 0x08001619   Thumb Code   492  pid.o(i.PID_Calc)
    PID_Init                                 0x08001809   Thumb Code    92  pid.o(i.PID_Init)
    PendSV_Handler                           0x08001869   Thumb Code     2  stm32f4xx_it.o(i.PendSV_Handler)
    RCC_AHB1PeriphClockCmd                   0x0800186d   Thumb Code    26  stm32f4xx_rcc.o(i.RCC_AHB1PeriphClockCmd)
    RCC_APB1PeriphClockCmd                   0x0800188d   Thumb Code    26  stm32f4xx_rcc.o(i.RCC_APB1PeriphClockCmd)
    RCC_APB1PeriphResetCmd                   0x080018ad   Thumb Code    26  stm32f4xx_rcc.o(i.RCC_APB1PeriphResetCmd)
    RCC_APB2PeriphClockCmd                   0x080018cd   Thumb Code    26  stm32f4xx_rcc.o(i.RCC_APB2PeriphClockCmd)
    RCC_APB2PeriphResetCmd                   0x080018ed   Thumb Code    26  stm32f4xx_rcc.o(i.RCC_APB2PeriphResetCmd)
    RCC_GetClocksFreq                        0x0800190d   Thumb Code   214  stm32f4xx_rcc.o(i.RCC_GetClocksFreq)
    RC_Init                                  0x080019f5   Thumb Code   312  rc.o(i.RC_Init)
    SVC_Handler                              0x08001c1b   Thumb Code     2  stm32f4xx_it.o(i.SVC_Handler)
    Set_ChassisMotor_Current                 0x08001d3d   Thumb Code    94  can.o(i.Set_ChassisMotor_Current)
    Set_CloudMotor_Current                   0x08001da1   Thumb Code    84  can.o(i.Set_CloudMotor_Current)
    SysTick_CLKSourceConfig                  0x08001df9   Thumb Code    40  misc.o(i.SysTick_CLKSourceConfig)
    SysTick_Handler                          0x08001e21   Thumb Code     2  stm32f4xx_it.o(i.SysTick_Handler)
    SystemInit                               0x08001e25   Thumb Code    88  system_stm32f4xx.o(i.SystemInit)
    TIM6_Configuration                       0x08001e8d   Thumb Code    98  timer.o(i.TIM6_Configuration)
    TIM6_DAC_IRQHandler                      0x08001ef5   Thumb Code    40  main.o(i.TIM6_DAC_IRQHandler)
    TIM_ARRPreloadConfig                     0x08001f21   Thumb Code    24  stm32f4xx_tim.o(i.TIM_ARRPreloadConfig)
    TIM_ClearFlag                            0x08001f39   Thumb Code     6  stm32f4xx_tim.o(i.TIM_ClearFlag)
    TIM_ClearITPendingBit                    0x08001f3f   Thumb Code     6  stm32f4xx_tim.o(i.TIM_ClearITPendingBit)
    TIM_Cmd                                  0x08001f45   Thumb Code    24  stm32f4xx_tim.o(i.TIM_Cmd)
    TIM_CtrlPWMOutputs                       0x08001f5d   Thumb Code    30  stm32f4xx_tim.o(i.TIM_CtrlPWMOutputs)
    TIM_GetITStatus                          0x08001f7b   Thumb Code    34  stm32f4xx_tim.o(i.TIM_GetITStatus)
    TIM_ITConfig                             0x08001f9d   Thumb Code    18  stm32f4xx_tim.o(i.TIM_ITConfig)
    TIM_OC1Init                              0x08001fb1   Thumb Code   114  stm32f4xx_tim.o(i.TIM_OC1Init)
    TIM_OC1PreloadConfig                     0x0800202d   Thumb Code    18  stm32f4xx_tim.o(i.TIM_OC1PreloadConfig)
    TIM_OC4Init                              0x08002041   Thumb Code   112  stm32f4xx_tim.o(i.TIM_OC4Init)
    TIM_OC4PreloadConfig                     0x080020b9   Thumb Code    26  stm32f4xx_tim.o(i.TIM_OC4PreloadConfig)
    TIM_SetCompare1                          0x080020d3   Thumb Code     4  stm32f4xx_tim.o(i.TIM_SetCompare1)
    TIM_SetCompare4                          0x080020d7   Thumb Code     4  stm32f4xx_tim.o(i.TIM_SetCompare4)
    TIM_TimeBaseInit                         0x080020dd   Thumb Code   104  stm32f4xx_tim.o(i.TIM_TimeBaseInit)
    TriggerMotor_Ctrl                        0x08002161   Thumb Code    68  shoot.o(i.TriggerMotor_Ctrl)
    TriggerMotor_Out                         0x080021ad   Thumb Code    44  shoot.o(i.TriggerMotor_Out)
    TriggerMotor_PID_Config                  0x080021dd   Thumb Code    22  shoot.o(i.TriggerMotor_PID_Config)
    USART1_IRQHandler                        0x08002205   Thumb Code   204  remote_control.o(i.USART1_IRQHandler)
    USART6_IRQHandler                        0x080022e9   Thumb Code   122  usart.o(i.USART6_IRQHandler)
    USART_ClearFlag                          0x08002371   Thumb Code    18  stm32f4xx_usart.o(i.USART_ClearFlag)
    USART_Cmd                                0x08002383   Thumb Code    24  stm32f4xx_usart.o(i.USART_Cmd)
    USART_DMACmd                             0x0800239b   Thumb Code    18  stm32f4xx_usart.o(i.USART_DMACmd)
    USART_DeInit                             0x080023ad   Thumb Code   206  stm32f4xx_usart.o(i.USART_DeInit)
    USART_GetITStatus                        0x0800249d   Thumb Code    84  stm32f4xx_usart.o(i.USART_GetITStatus)
    USART_ITConfig                           0x080024f1   Thumb Code    74  stm32f4xx_usart.o(i.USART_ITConfig)
    USART_Init                               0x0800253d   Thumb Code   204  stm32f4xx_usart.o(i.USART_Init)
    USART_ReceiveData                        0x08002611   Thumb Code    10  stm32f4xx_usart.o(i.USART_ReceiveData)
    UsageFault_Handler                       0x0800261b   Thumb Code     4  stm32f4xx_it.o(i.UsageFault_Handler)
    __scatterload_copy                       0x0800261f   Thumb Code    14  handlers.o(i.__scatterload_copy)
    __scatterload_null                       0x0800262d   Thumb Code     2  handlers.o(i.__scatterload_null)
    __scatterload_zeroinit                   0x0800262f   Thumb Code    14  handlers.o(i.__scatterload_zeroinit)
    chassis_control_loop                     0x0800263d   Thumb Code   202  chassismotor.o(i.chassis_control_loop)
    chassis_init                             0x080027fd   Thumb Code   130  chassismotor.o(i.chassis_init)
    chassis_rc_to_control_vector             0x080028a9   Thumb Code   320  chassismotor.o(i.chassis_rc_to_control_vector)
    delay_init                               0x08002ba1   Thumb Code    52  delay.o(i.delay_init)
    delay_us                                 0x08002bdd   Thumb Code    72  delay.o(i.delay_us)
    first_order_filter_cali                  0x08002c29   Thumb Code    84  user_lib.o(i.first_order_filter_cali)
    first_order_filter_init                  0x08002c7d   Thumb Code    32  user_lib.o(i.first_order_filter_init)
    fp32_constrain                           0x08002ca1   Thumb Code    42  user_lib.o(i.fp32_constrain)
    fric1_on                                 0x08002ccd   Thumb Code    14  fric.o(i.fric1_on)
    fric2_on                                 0x08002ce1   Thumb Code    14  fric.o(i.fric2_on)
    fric_PWM_configuration                   0x08002cf5   Thumb Code   306  fric.o(i.fric_PWM_configuration)
    fric_off                                 0x08002e39   Thumb Code    24  fric.o(i.fric_off)
    getEncoderData                           0x08002e55   Thumb Code   216  encoder.o(i.getEncoderData)
    get_pitch_motor_point                    0x08002f39   Thumb Code     4  cloudmotor.o(i.get_pitch_motor_point)
    get_remote_control_point                 0x08002f41   Thumb Code     4  remote_control.o(i.get_remote_control_point)
    get_yaw_motor_point                      0x08002f49   Thumb Code     4  cloudmotor.o(i.get_yaw_motor_point)
    laser_configuration                      0x08002f99   Thumb Code    54  laser.o(i.laser_configuration)
    laser_on                                 0x08002fd5   Thumb Code    14  laser.o(i.laser_on)
    main                                     0x08002fe9   Thumb Code     8  main.o(i.main)
    power_ctrl_configuration                 0x08003025   Thumb Code    66  power_ctrl.o(i.power_ctrl_configuration)
    power_ctrl_off                           0x0800306d   Thumb Code    26  power_ctrl.o(i.power_ctrl_off)
    power_ctrl_on                            0x0800308d   Thumb Code    26  power_ctrl.o(i.power_ctrl_on)
    remote_control_init                      0x080030ad   Thumb Code    16  remote_control.o(i.remote_control_init)
    uart_init                                0x080030c1   Thumb Code   172  usart.o(i.uart_init)
    sinTable_f32                             0x080031c4   Data        2052  arm_common_tables.o(.constdata)
    Region$$Table$$Base                      0x080039c8   Number         0  anon$$obj.o(Region$$Table)
    Region$$Table$$Limit                     0x080039e8   Number         0  anon$$obj.o(Region$$Table)
    USART_RX_STA                             0x20000014   Data           2  usart.o(.data)
    CloudOut                                 0x20000020   Data           4  cloudmotor.o(.data)
    USART_RX_BUF                             0x20000024   Data         200  usart.o(.bss)
    TR_Speedloop                             0x2000014c   Data          80  shoot.o(.bss)
    CMEncoder                                0x2000019c   Data         288  encoder.o(.bss)
    GMYawEncoder                             0x200002bc   Data          72  encoder.o(.bss)
    GMPitchEncoder                           0x20000304   Data          72  encoder.o(.bss)
    TREncoder                                0x2000034c   Data          72  encoder.o(.bss)
    chassis_move                             0x200006e4   Data         580  chassismotor.o(.bss)
    __initial_sp                             0x20000d28   Data           0  startup_stm32f427x.o(STACK)



==============================================================================

Memory Map of the image

  Image Entry point : 0x080001ad

  Load Region LR_IROM1 (Base: 0x08000000, Size: 0x00003a0c, Max: 0x00200000, ABSOLUTE)

    Execution Region ER_IROM1 (Exec base: 0x08000000, Load base: 0x08000000, Size: 0x000039e8, Max: 0x00200000, ABSOLUTE)

    Exec Addr    Load Addr    Size         Type   Attr      Idx    E Section Name        Object

    0x08000000   0x08000000   0x000001ac   Data   RO          441    RESET               startup_stm32f427x.o
    0x080001ac   0x080001ac   0x00000000   Code   RO         6940  * .ARM.Collect$$$$00000000  mc_w.l(entry.o)
    0x080001ac   0x080001ac   0x00000004   Code   RO         6943    .ARM.Collect$$$$00000001  mc_w.l(entry2.o)
    0x080001b0   0x080001b0   0x00000004   Code   RO         6946    .ARM.Collect$$$$00000004  mc_w.l(entry5.o)
    0x080001b4   0x080001b4   0x00000000   Code   RO         6948    .ARM.Collect$$$$00000008  mc_w.l(entry7b.o)
    0x080001b4   0x080001b4   0x00000000   Code   RO         6950    .ARM.Collect$$$$0000000A  mc_w.l(entry8b.o)
    0x080001b4   0x080001b4   0x00000008   Code   RO         6951    .ARM.Collect$$$$0000000B  mc_w.l(entry9a.o)
    0x080001bc   0x080001bc   0x00000000   Code   RO         6953    .ARM.Collect$$$$0000000D  mc_w.l(entry10a.o)
    0x080001bc   0x080001bc   0x00000000   Code   RO         6955    .ARM.Collect$$$$0000000F  mc_w.l(entry11a.o)
    0x080001bc   0x080001bc   0x00000004   Code   RO         6944    .ARM.Collect$$$$00002712  mc_w.l(entry2.o)
    0x080001c0   0x080001c0   0x00000024   Code   RO          442    .text               startup_stm32f427x.o
    0x080001e4   0x080001e4   0x00000078   Code   RO         6784    .text               arm_cortexM4lf_math.lib(arm_cos_f32.o)
    0x0800025c   0x0800025c   0x00000074   Code   RO         6837    .text               arm_cortexM4lf_math.lib(arm_sin_f32.o)
    0x080002d0   0x080002d0   0x00000024   Code   RO         6957    .text               mc_w.l(init.o)
    0x080002f4   0x080002f4   0x0000005c   Code   RO            3    i.BSP_init          main.o
    0x08000350   0x08000350   0x00000004   Code   RO          223    i.BusFault_Handler  stm32f4xx_it.o
    0x08000354   0x08000354   0x0000003c   Code   RO         5624    i.CAN1_RX0_IRQHandler  can.o
    0x08000390   0x08000390   0x0000001c   Code   RO         5625    i.CAN1_TX_IRQHandler  can.o
    0x080003ac   0x080003ac   0x00000038   Code   RO          761    i.CAN_ClearFlag     stm32f4xx_can.o
    0x080003e4   0x080003e4   0x000000a8   Code   RO          762    i.CAN_ClearITPendingBit  stm32f4xx_can.o
    0x0800048c   0x0800048c   0x00000124   Code   RO         5626    i.CAN_Configure     can.o
    0x080005b0   0x080005b0   0x00000038   Code   RO          764    i.CAN_DeInit        stm32f4xx_can.o
    0x080005e8   0x080005e8   0x00000048   Code   RO         5627    i.CAN_FITER_Init    can.o
    0x08000630   0x08000630   0x00000108   Code   RO          766    i.CAN_FilterInit    stm32f4xx_can.o
    0x08000738   0x08000738   0x00000120   Code   RO          768    i.CAN_GetITStatus   stm32f4xx_can.o
    0x08000858   0x08000858   0x00000012   Code   RO          772    i.CAN_ITConfig      stm32f4xx_can.o
    0x0800086a   0x0800086a   0x00000114   Code   RO          773    i.CAN_Init          stm32f4xx_can.o
    0x0800097e   0x0800097e   0x000000f0   Code   RO          776    i.CAN_Receive       stm32f4xx_can.o
    0x08000a6e   0x08000a6e   0x00000020   Code   RO          779    i.CAN_StructInit    stm32f4xx_can.o
    0x08000a8e   0x08000a8e   0x00000126   Code   RO          781    i.CAN_Transmit      stm32f4xx_can.o
    0x08000bb4   0x08000bb4   0x0000007c   Code   RO         6312    i.CanReceiveMsgProcess  encoder.o
    0x08000c30   0x08000c30   0x00000012   Code   RO          784    i.CheckITStatus     stm32f4xx_can.o
    0x08000c42   0x08000c42   0x00000002   PAD
    0x08000c44   0x08000c44   0x000000d4   Code   RO         6500    i.CloudMotor_Config  cloudmotor.o
    0x08000d18   0x08000d18   0x0000006c   Code   RO         6501    i.CloudMotor_Ctrl   cloudmotor.o
    0x08000d84   0x08000d84   0x00000034   Code   RO         6502    i.CloudMotor_Out    cloudmotor.o
    0x08000db8   0x08000db8   0x00000194   Code   RO         6369    i.Control_Task      control_task.o
    0x08000f4c   0x08000f4c   0x00000034   Code   RO         1461    i.DMA_ClearFlag     stm32f4xx_dma.o
    0x08000f80   0x08000f80   0x00000016   Code   RO         1463    i.DMA_Cmd           stm32f4xx_dma.o
    0x08000f96   0x08000f96   0x00000002   PAD
    0x08000f98   0x08000f98   0x00000158   Code   RO         1464    i.DMA_DeInit        stm32f4xx_dma.o
    0x080010f0   0x080010f0   0x00000016   Code   RO         1465    i.DMA_DoubleBufferModeCmd  stm32f4xx_dma.o
    0x08001106   0x08001106   0x00000018   Code   RO         1466    i.DMA_DoubleBufferModeConfig  stm32f4xx_dma.o
    0x0800111e   0x0800111e   0x00000008   Code   RO         1469    i.DMA_GetCurrDataCounter  stm32f4xx_dma.o
    0x08001126   0x08001126   0x00000014   Code   RO         1470    i.DMA_GetCurrentMemoryTarget  stm32f4xx_dma.o
    0x0800113a   0x0800113a   0x00000002   PAD
    0x0800113c   0x0800113c   0x00000058   Code   RO         1475    i.DMA_Init          stm32f4xx_dma.o
    0x08001194   0x08001194   0x00000004   Code   RO         1478    i.DMA_SetCurrDataCounter  stm32f4xx_dma.o
    0x08001198   0x08001198   0x00000002   Code   RO          224    i.DebugMon_Handler  stm32f4xx_it.o
    0x0800119a   0x0800119a   0x00000002   PAD
    0x0800119c   0x0800119c   0x00000010   Code   RO         6313    i.Encoder_Start     encoder.o
    0x080011ac   0x080011ac   0x0000006c   Code   RO         6503    i.GIMBAL_Feedback_Update  cloudmotor.o
    0x08001218   0x08001218   0x0000028c   Code   RO         6504    i.GIMBAL_PID_Calc   cloudmotor.o
    0x080014a4   0x080014a4   0x00000090   Code   RO         2242    i.GPIO_Init         stm32f4xx_gpio.o
    0x08001534   0x08001534   0x00000046   Code   RO         2243    i.GPIO_PinAFConfig  stm32f4xx_gpio.o
    0x0800157a   0x0800157a   0x00000004   Code   RO         2249    i.GPIO_ResetBits    stm32f4xx_gpio.o
    0x0800157e   0x0800157e   0x00000004   Code   RO         2250    i.GPIO_SetBits      stm32f4xx_gpio.o
    0x08001582   0x08001582   0x00000004   Code   RO          225    i.HardFault_Handler  stm32f4xx_it.o
    0x08001586   0x08001586   0x00000004   Code   RO          226    i.MemManage_Handler  stm32f4xx_it.o
    0x0800158a   0x0800158a   0x00000002   Code   RO          227    i.NMI_Handler       stm32f4xx_it.o
    0x0800158c   0x0800158c   0x00000078   Code   RO          448    i.NVIC_Init         misc.o
    0x08001604   0x08001604   0x00000014   Code   RO          449    i.NVIC_PriorityGroupConfig  misc.o
    0x08001618   0x08001618   0x000001f0   Code   RO         6139    i.PID_Calc          pid.o
    0x08001808   0x08001808   0x00000060   Code   RO         6140    i.PID_Init          pid.o
    0x08001868   0x08001868   0x00000002   Code   RO          228    i.PendSV_Handler    stm32f4xx_it.o
    0x0800186a   0x0800186a   0x00000002   PAD
    0x0800186c   0x0800186c   0x00000020   Code   RO         3106    i.RCC_AHB1PeriphClockCmd  stm32f4xx_rcc.o
    0x0800188c   0x0800188c   0x00000020   Code   RO         3115    i.RCC_APB1PeriphClockCmd  stm32f4xx_rcc.o
    0x080018ac   0x080018ac   0x00000020   Code   RO         3117    i.RCC_APB1PeriphResetCmd  stm32f4xx_rcc.o
    0x080018cc   0x080018cc   0x00000020   Code   RO         3118    i.RCC_APB2PeriphClockCmd  stm32f4xx_rcc.o
    0x080018ec   0x080018ec   0x00000020   Code   RO         3120    i.RCC_APB2PeriphResetCmd  stm32f4xx_rcc.o
    0x0800190c   0x0800190c   0x000000e8   Code   RO         3127    i.RCC_GetClocksFreq  stm32f4xx_rcc.o
    0x080019f4   0x080019f4   0x0000014c   Code   RO         5477    i.RC_Init           rc.o
    0x08001b40   0x08001b40   0x000000da   Code   RO         6073    i.SBUS_TO_RC        remote_control.o
    0x08001c1a   0x08001c1a   0x00000002   Code   RO          229    i.SVC_Handler       stm32f4xx_it.o
    0x08001c1c   0x08001c1c   0x00000120   Code   RO          404    i.SetSysClock       system_stm32f4xx.o
    0x08001d3c   0x08001d3c   0x00000064   Code   RO         5628    i.Set_ChassisMotor_Current  can.o
    0x08001da0   0x08001da0   0x00000058   Code   RO         5629    i.Set_CloudMotor_Current  can.o
    0x08001df8   0x08001df8   0x00000028   Code   RO          452    i.SysTick_CLKSourceConfig  misc.o
    0x08001e20   0x08001e20   0x00000002   Code   RO          230    i.SysTick_Handler   stm32f4xx_it.o
    0x08001e22   0x08001e22   0x00000002   PAD
    0x08001e24   0x08001e24   0x00000068   Code   RO          406    i.SystemInit        system_stm32f4xx.o
    0x08001e8c   0x08001e8c   0x00000068   Code   RO         5835    i.TIM6_Configuration  timer.o
    0x08001ef4   0x08001ef4   0x0000002c   Code   RO            4    i.TIM6_DAC_IRQHandler  main.o
    0x08001f20   0x08001f20   0x00000018   Code   RO         4438    i.TIM_ARRPreloadConfig  stm32f4xx_tim.o
    0x08001f38   0x08001f38   0x00000006   Code   RO         4444    i.TIM_ClearFlag     stm32f4xx_tim.o
    0x08001f3e   0x08001f3e   0x00000006   Code   RO         4445    i.TIM_ClearITPendingBit  stm32f4xx_tim.o
    0x08001f44   0x08001f44   0x00000018   Code   RO         4450    i.TIM_Cmd           stm32f4xx_tim.o
    0x08001f5c   0x08001f5c   0x0000001e   Code   RO         4452    i.TIM_CtrlPWMOutputs  stm32f4xx_tim.o
    0x08001f7a   0x08001f7a   0x00000022   Code   RO         4471    i.TIM_GetITStatus   stm32f4xx_tim.o
    0x08001f9c   0x08001f9c   0x00000012   Code   RO         4475    i.TIM_ITConfig      stm32f4xx_tim.o
    0x08001fae   0x08001fae   0x00000002   PAD
    0x08001fb0   0x08001fb0   0x0000007c   Code   RO         4479    i.TIM_OC1Init       stm32f4xx_tim.o
    0x0800202c   0x0800202c   0x00000012   Code   RO         4482    i.TIM_OC1PreloadConfig  stm32f4xx_tim.o
    0x0800203e   0x0800203e   0x00000002   PAD
    0x08002040   0x08002040   0x00000078   Code   RO         4494    i.TIM_OC4Init       stm32f4xx_tim.o
    0x080020b8   0x080020b8   0x0000001a   Code   RO         4496    i.TIM_OC4PreloadConfig  stm32f4xx_tim.o
    0x080020d2   0x080020d2   0x00000004   Code   RO         4512    i.TIM_SetCompare1   stm32f4xx_tim.o
    0x080020d6   0x080020d6   0x00000004   Code   RO         4515    i.TIM_SetCompare4   stm32f4xx_tim.o
    0x080020da   0x080020da   0x00000002   PAD
    0x080020dc   0x080020dc   0x00000084   Code   RO         4522    i.TIM_TimeBaseInit  stm32f4xx_tim.o
    0x08002160   0x08002160   0x0000004c   Code   RO         6168    i.TriggerMotor_Ctrl  shoot.o
    0x080021ac   0x080021ac   0x00000030   Code   RO         6169    i.TriggerMotor_Out  shoot.o
    0x080021dc   0x080021dc   0x00000028   Code   RO         6170    i.TriggerMotor_PID_Config  shoot.o
    0x08002204   0x08002204   0x000000e4   Code   RO         6074    i.USART1_IRQHandler  remote_control.o
    0x080022e8   0x080022e8   0x00000088   Code   RO         5314    i.USART6_IRQHandler  usart.o
    0x08002370   0x08002370   0x00000012   Code   RO         4996    i.USART_ClearFlag   stm32f4xx_usart.o
    0x08002382   0x08002382   0x00000018   Code   RO         5000    i.USART_Cmd         stm32f4xx_usart.o
    0x0800239a   0x0800239a   0x00000012   Code   RO         5001    i.USART_DMACmd      stm32f4xx_usart.o
    0x080023ac   0x080023ac   0x000000f0   Code   RO         5002    i.USART_DeInit      stm32f4xx_usart.o
    0x0800249c   0x0800249c   0x00000054   Code   RO         5004    i.USART_GetITStatus  stm32f4xx_usart.o
    0x080024f0   0x080024f0   0x0000004a   Code   RO         5006    i.USART_ITConfig    stm32f4xx_usart.o
    0x0800253a   0x0800253a   0x00000002   PAD
    0x0800253c   0x0800253c   0x000000d4   Code   RO         5007    i.USART_Init        stm32f4xx_usart.o
    0x08002610   0x08002610   0x0000000a   Code   RO         5014    i.USART_ReceiveData  stm32f4xx_usart.o
    0x0800261a   0x0800261a   0x00000004   Code   RO          231    i.UsageFault_Handler  stm32f4xx_it.o
    0x0800261e   0x0800261e   0x0000000e   Code   RO         6961    i.__scatterload_copy  mc_w.l(handlers.o)
    0x0800262c   0x0800262c   0x00000002   Code   RO         6962    i.__scatterload_null  mc_w.l(handlers.o)
    0x0800262e   0x0800262e   0x0000000e   Code   RO         6963    i.__scatterload_zeroinit  mc_w.l(handlers.o)
    0x0800263c   0x0800263c   0x000000d0   Code   RO         6721    i.chassis_control_loop  chassismotor.o
    0x0800270c   0x0800270c   0x000000f0   Code   RO         6722    i.chassis_feedback_update  chassismotor.o
    0x080027fc   0x080027fc   0x000000ac   Code   RO         6723    i.chassis_init      chassismotor.o
    0x080028a8   0x080028a8   0x0000015c   Code   RO         6724    i.chassis_rc_to_control_vector  chassismotor.o
    0x08002a04   0x08002a04   0x000000f0   Code   RO         6725    i.chassis_set_contorl  chassismotor.o
    0x08002af4   0x08002af4   0x000000ac   Code   RO         6726    i.chassis_vector_to_mecanum_wheel_speed  chassismotor.o
    0x08002ba0   0x08002ba0   0x0000003c   Code   RO         5246    i.delay_init        delay.o
    0x08002bdc   0x08002bdc   0x0000004c   Code   RO         5248    i.delay_us          delay.o
    0x08002c28   0x08002c28   0x00000054   Code   RO         5359    i.first_order_filter_cali  user_lib.o
    0x08002c7c   0x08002c7c   0x00000024   Code   RO         5360    i.first_order_filter_init  user_lib.o
    0x08002ca0   0x08002ca0   0x0000002a   Code   RO         5361    i.fp32_constrain    user_lib.o
    0x08002cca   0x08002cca   0x00000002   PAD
    0x08002ccc   0x08002ccc   0x00000014   Code   RO         5879    i.fric1_on          fric.o
    0x08002ce0   0x08002ce0   0x00000014   Code   RO         5880    i.fric2_on          fric.o
    0x08002cf4   0x08002cf4   0x00000144   Code   RO         5881    i.fric_PWM_configuration  fric.o
    0x08002e38   0x08002e38   0x0000001c   Code   RO         5882    i.fric_off          fric.o
    0x08002e54   0x08002e54   0x000000e4   Code   RO         6316    i.getEncoderData    encoder.o
    0x08002f38   0x08002f38   0x00000008   Code   RO         6505    i.get_pitch_motor_point  cloudmotor.o
    0x08002f40   0x08002f40   0x00000008   Code   RO         6075    i.get_remote_control_point  remote_control.o
    0x08002f48   0x08002f48   0x00000008   Code   RO         6506    i.get_yaw_motor_point  cloudmotor.o
    0x08002f50   0x08002f50   0x00000046   Code   RO         6507    i.gimbal_motor_relative_angle_control  cloudmotor.o
    0x08002f96   0x08002f96   0x00000002   PAD
    0x08002f98   0x08002f98   0x0000003c   Code   RO         5797    i.laser_configuration  laser.o
    0x08002fd4   0x08002fd4   0x00000014   Code   RO         5799    i.laser_on          laser.o
    0x08002fe8   0x08002fe8   0x00000008   Code   RO            5    i.main              main.o
    0x08002ff0   0x08002ff0   0x00000034   Code   RO         6508    i.motor_ecd_to_angle_change  cloudmotor.o
    0x08003024   0x08003024   0x00000048   Code   RO         6030    i.power_ctrl_configuration  power_ctrl.o
    0x0800306c   0x0800306c   0x00000020   Code   RO         6031    i.power_ctrl_off    power_ctrl.o
    0x0800308c   0x0800308c   0x00000020   Code   RO         6032    i.power_ctrl_on     power_ctrl.o
    0x080030ac   0x080030ac   0x00000014   Code   RO         6076    i.remote_control_init  remote_control.o
    0x080030c0   0x080030c0   0x000000b4   Code   RO         5316    i.uart_init         usart.o
    0x08003174   0x08003174   0x0000000c   Data   RO         6172    .constdata          shoot.o
    0x08003180   0x08003180   0x00000030   Data   RO         6510    .constdata          cloudmotor.o
    0x080031b0   0x080031b0   0x00000014   Data   RO         6728    .constdata          chassismotor.o
    0x080031c4   0x080031c4   0x00000804   Data   RO         6917    .constdata          arm_cortexM4lf_math.lib(arm_common_tables.o)
    0x080039c8   0x080039c8   0x00000020   Data   RO         6959    Region$$Table       anon$$obj.o


    Execution Region RW_IRAM1 (Exec base: 0x20000000, Load base: 0x080039e8, Size: 0x00000d28, Max: 0x00030000, ABSOLUTE)

    Exec Addr    Load Addr    Size         Type   Attr      Idx    E Section Name        Object

    0x20000000   0x080039e8   0x00000010   Data   RW         3159    .data               stm32f4xx_rcc.o
    0x20000010   0x080039f8   0x00000004   Data   RW         5250    .data               delay.o
    0x20000014   0x080039fc   0x00000002   Data   RW         5318    .data               usart.o
    0x20000016   0x080039fe   0x00000002   Data   RW         6080    .data               remote_control.o
    0x20000018   0x08003a00   0x00000008   Data   RW         6371    .data               control_task.o
    0x20000020   0x08003a08   0x00000004   Data   RW         6511    .data               cloudmotor.o
    0x20000024        -       0x000000c8   Zero   RW         5317    .bss                usart.o
    0x200000ec        -       0x0000005e   Zero   RW         6079    .bss                remote_control.o
    0x2000014a   0x08003a0c   0x00000002   PAD
    0x2000014c        -       0x00000050   Zero   RW         6171    .bss                shoot.o
    0x2000019c        -       0x000001f8   Zero   RW         6317    .bss                encoder.o
    0x20000394        -       0x00000018   Zero   RW         6370    .bss                control_task.o
    0x200003ac        -       0x00000338   Zero   RW         6509    .bss                cloudmotor.o
    0x200006e4        -       0x00000244   Zero   RW         6727    .bss                chassismotor.o
    0x20000928        -       0x00000400   Zero   RW          439    STACK               startup_stm32f427x.o


==============================================================================

Image component sizes


      Code (inc. data)   RO Data    RW Data    ZI Data      Debug   Object Name

       640         36          0          0          0     255284   can.o
      1380        108         20          0        580      14045   chassismotor.o
      1270        116         48          4        824      14590   cloudmotor.o
       404         32          0          8         24       5839   control_task.o
       136         12          0          4          0       1368   delay.o
       368         44          0          0        504       3134   encoder.o
       392         34          0          0          0     272378   fric.o
        80         12          0          0          0       1117   laser.o
       144          4          0          0          0       3780   main.o
       180         24          0          0          0     246029   misc.o
       592          8          0          0          0       2550   pid.o
       136         18          0          0          0       1920   power_ctrl.o
       332         20          0          0          0     283202   rc.o
       474         32          0          2         94       4889   remote_control.o
       164         30         12          0         80       5316   shoot.o
        36          8        428          0       1024        848   startup_stm32f427x.o
      1710         26          0          0          0       8376   stm32f4xx_can.o
       584         40          0          0          0       6892   stm32f4xx_dma.o
       222          0          0          0          0       2955   stm32f4xx_gpio.o
        26          0          0          0          0      67998   stm32f4xx_it.o
       392         48          0         16          0       5937   stm32f4xx_rcc.o
       570         46          0          0          0       9388   stm32f4xx_tim.o
       680         42          0          0          0       6274   stm32f4xx_usart.o
       392         32          0          0          0       1549   system_stm32f4xx.o
       104          6          0          0          0        621   timer.o
       316         22          0          2        200       2012   usart.o
       162          4          0          0          0       3789   user_lib.o

    ----------------------------------------------------------------------
     11910        804        540         36       3332    1232080   Object Totals
         0          0         32          0          0          0   (incl. Generated)
        24          0          0          0          2          0   (incl. Padding)

    ----------------------------------------------------------------------

      Code (inc. data)   RO Data    RW Data    ZI Data      Debug   Library Member Name

         0          0       2052          0          0       4636   arm_common_tables.o
       120         12          0          0          0      16970   arm_cos_f32.o
       116         12          0          0          0        658   arm_sin_f32.o
         0          0          0          0          0          0   entry.o
         0          0          0          0          0          0   entry10a.o
         0          0          0          0          0          0   entry11a.o
         8          4          0          0          0          0   entry2.o
         4          0          0          0          0          0   entry5.o
         0          0          0          0          0          0   entry7b.o
         0          0          0          0          0          0   entry8b.o
         8          4          0          0          0          0   entry9a.o
        30          0          0          0          0          0   handlers.o
        36          8          0          0          0         68   init.o

    ----------------------------------------------------------------------
       322         40       2052          0          0      22332   Library Totals
         0          0          0          0          0          0   (incl. Padding)

    ----------------------------------------------------------------------

      Code (inc. data)   RO Data    RW Data    ZI Data      Debug   Library Name

       236         24       2052          0          0      22264   arm_cortexM4lf_math.lib
        86         16          0          0          0         68   mc_w.l

    ----------------------------------------------------------------------
       322         40       2052          0          0      22332   Library Totals

    ----------------------------------------------------------------------

==============================================================================


      Code (inc. data)   RO Data    RW Data    ZI Data      Debug   

     12232        844       2592         36       3332    1243516   Grand Totals
     12232        844       2592         36       3332    1243516   ELF Image Totals
     12232        844       2592         36          0          0   ROM Totals

==============================================================================

    Total RO  Size (Code + RO Data)                14824 (  14.48kB)
    Total RW  Size (RW Data + ZI Data)              3368 (   3.29kB)
    Total ROM Size (Code + RO Data + RW Data)      14860 (  14.51kB)

==============================================================================

